Archive member included to satisfy reference by file (symbol)

/home/parallels/Desktop/edk2-exynos7885/workspace/Build/EXYNOS7885Pkg/DEBUG_GCC5/AARCH64/ArmPkg/Library/CompilerIntrinsicsLib/CompilerIntrinsicsLib/OUTPUT/CompilerIntrinsicsLib.lib(memcpy.obj)
                              /home/parallels/Desktop/edk2/ArmPkg/Library/GccLto/liblto-aarch64.a (memcpy)
/home/parallels/Desktop/edk2-exynos7885/workspace/Build/EXYNOS7885Pkg/DEBUG_GCC5/AARCH64/ArmPkg/Library/CompilerIntrinsicsLib/CompilerIntrinsicsLib/OUTPUT/CompilerIntrinsicsLib.lib(memset.obj)
                              /home/parallels/Desktop/edk2/ArmPkg/Library/GccLto/liblto-aarch64.a (memset)
/home/parallels/Desktop/edk2-exynos7885/workspace/Build/EXYNOS7885Pkg/DEBUG_GCC5/AARCH64/MdePkg/Library/UefiDriverEntryPoint/UefiDriverEntryPoint/OUTPUT/UefiDriverEntryPoint.lib(DriverEntryPoint.obj)
                              (_ModuleEntryPoint)
/home/parallels/Desktop/edk2-exynos7885/workspace/Build/EXYNOS7885Pkg/DEBUG_GCC5/AARCH64/MdePkg/Library/BaseStackCheckLib/BaseStackCheckLib/OUTPUT/BaseStackCheckLib.lib(BaseStackCheckGcc.obj)
                              /home/parallels/Desktop/edk2/ArmPkg/Library/GccLto/liblto-aarch64.a (__stack_chk_fail)
/home/parallels/Desktop/edk2-exynos7885/workspace/Build/EXYNOS7885Pkg/DEBUG_GCC5/AARCH64/MdeModulePkg/Universal/Console/ConPlatformDxe/ConPlatformDxe/OUTPUT/ConPlatformDxe.lib(AutoGen.obj)
                              DriverEntryPoint.obj (symbol from plugin) (ProcessLibraryConstructorList)
/home/parallels/Desktop/edk2-exynos7885/workspace/Build/EXYNOS7885Pkg/DEBUG_GCC5/AARCH64/MdeModulePkg/Universal/Console/ConPlatformDxe/ConPlatformDxe/OUTPUT/ConPlatformDxe.lib(ConPlatform.obj)
                              AutoGen.obj (symbol from plugin) (InitializeConPlatform)
/home/parallels/Desktop/edk2-exynos7885/workspace/Build/EXYNOS7885Pkg/DEBUG_GCC5/AARCH64/MdeModulePkg/Universal/Console/ConPlatformDxe/ConPlatformDxe/OUTPUT/ConPlatformDxe.lib(ComponentName.obj)
                              ConPlatform.obj (symbol from plugin) (gConPlatformComponentName)
/home/parallels/Desktop/edk2-exynos7885/workspace/Build/EXYNOS7885Pkg/DEBUG_GCC5/AARCH64/MdePkg/Library/BaseLib/BaseLib/OUTPUT/BaseLib.lib(CpuDeadLoop.obj)
                              BaseStackCheckGcc.obj (symbol from plugin) (CpuDeadLoop)
/home/parallels/Desktop/edk2-exynos7885/workspace/Build/EXYNOS7885Pkg/DEBUG_GCC5/AARCH64/MdePkg/Library/BaseLib/BaseLib/OUTPUT/BaseLib.lib(String.obj)
                              ConPlatform.obj (symbol from plugin) (StrLen)
/home/parallels/Desktop/edk2-exynos7885/workspace/Build/EXYNOS7885Pkg/DEBUG_GCC5/AARCH64/MdePkg/Library/BaseLib/BaseLib/OUTPUT/BaseLib.lib(SwitchStack.obj)
                              CpuDeadLoop.obj (symbol from plugin) (CpuPause)
/home/parallels/Desktop/edk2-exynos7885/workspace/Build/EXYNOS7885Pkg/DEBUG_GCC5/AARCH64/MdePkg/Library/BaseLib/BaseLib/OUTPUT/BaseLib.lib(CpuBreakpoint.obj)
                              BaseStackCheckGcc.obj (symbol from plugin) (CpuBreakpoint)
/home/parallels/Desktop/edk2-exynos7885/workspace/Build/EXYNOS7885Pkg/DEBUG_GCC5/AARCH64/MdePkg/Library/BaseLib/BaseLib/OUTPUT/BaseLib.lib(SafeString.obj)
                              String.obj (symbol from plugin) (StrDecimalToUintnS)
/home/parallels/Desktop/edk2-exynos7885/workspace/Build/EXYNOS7885Pkg/DEBUG_GCC5/AARCH64/MdePkg/Library/BaseLib/BaseLib/OUTPUT/BaseLib.lib(SwapBytes32.obj)
                              SafeString.obj (symbol from plugin) (SwapBytes32)
/home/parallels/Desktop/edk2-exynos7885/workspace/Build/EXYNOS7885Pkg/DEBUG_GCC5/AARCH64/MdePkg/Library/BaseLib/BaseLib/OUTPUT/BaseLib.lib(SwapBytes16.obj)
                              SafeString.obj (symbol from plugin) (SwapBytes16)
/home/parallels/Desktop/edk2-exynos7885/workspace/Build/EXYNOS7885Pkg/DEBUG_GCC5/AARCH64/MdePkg/Library/BaseLib/BaseLib/OUTPUT/BaseLib.lib(RShiftU64.obj)
                              SafeString.obj (symbol from plugin) (RShiftU64)
/home/parallels/Desktop/edk2-exynos7885/workspace/Build/EXYNOS7885Pkg/DEBUG_GCC5/AARCH64/MdePkg/Library/BaseLib/BaseLib/OUTPUT/BaseLib.lib(MultU64x32.obj)
                              SafeString.obj (symbol from plugin) (MultU64x32)
/home/parallels/Desktop/edk2-exynos7885/workspace/Build/EXYNOS7885Pkg/DEBUG_GCC5/AARCH64/MdePkg/Library/BaseLib/BaseLib/OUTPUT/BaseLib.lib(LShiftU64.obj)
                              SafeString.obj (symbol from plugin) (LShiftU64)
/home/parallels/Desktop/edk2-exynos7885/workspace/Build/EXYNOS7885Pkg/DEBUG_GCC5/AARCH64/MdePkg/Library/BaseLib/BaseLib/OUTPUT/BaseLib.lib(DivU64x32.obj)
                              SafeString.obj (symbol from plugin) (DivU64x32)
/home/parallels/Desktop/edk2-exynos7885/workspace/Build/EXYNOS7885Pkg/DEBUG_GCC5/AARCH64/MdePkg/Library/BaseLib/BaseLib/OUTPUT/BaseLib.lib(Math64.obj)
                              LShiftU64.obj (symbol from plugin) (InternalMathLShiftU64)
[...]
Memory Configuration

Name             Origin             Length             Attributes
*default*        0x0000000000000000 0xffffffffffffffff

Linker script and memory map

LOAD /home/parallels/Desktop/edk2/ArmPkg/Library/GccLto/liblto-aarch64.a
START GROUP
LOAD /tmp/ccmvdpta.ltrans0.ltrans.o
LOAD /tmp/ccTsiuGy.debug.temp.o
LOAD /tmp/ccBugJFk.debug.temp.o
LOAD /tmp/ccHBzvKy.debug.temp.o
LOAD /tmp/ccFrBLK5.debug.temp.o
LOAD /tmp/ccI8CXCc.debug.temp.o
LOAD /tmp/ccFxroAk.debug.temp.o
LOAD /tmp/cc8LKdAH.debug.temp.o
LOAD /tmp/ccepNWUo.debug.temp.o
LOAD /tmp/cckxiM2g.debug.temp.o
LOAD /tmp/ccWkpmYe.debug.temp.o
LOAD /tmp/ccGQzShx.debug.temp.o
LOAD /tmp/ccfIGwYy.debug.temp.o
LOAD /tmp/ccU971ll.debug.temp.o
LOAD /tmp/ccQAZ1iW.debug.temp.o
LOAD /tmp/cc7x0AOA.debug.temp.o
LOAD /tmp/ccCrsIto.debug.temp.o
LOAD /tmp/ccdPZRCb.debug.temp.o
LOAD /tmp/cc9Ka7UY.debug.temp.o
LOAD /tmp/ccFqCeM4.debug.temp.o
LOAD /tmp/cc7hXmdn.debug.temp.o
LOAD /tmp/ccfLar17.debug.temp.o
LOAD /tmp/cc6e6S3N.debug.temp.o
LOAD /tmp/ccMcgIGg.debug.temp.o
LOAD /tmp/ccbAKQoD.debug.temp.o
LOAD /tmp/ccBPPhIz.debug.temp.o
LOAD /tmp/cc8tBPVX.debug.temp.o
LOAD /tmp/cck1WWjF.debug.temp.o
LOAD /tmp/ccthbAXh.debug.temp.o
LOAD /tmp/ccl5asGl.debug.temp.o
LOAD /tmp/cc1unxjv.debug.temp.o
LOAD /tmp/ccXhRDPl.debug.temp.o
LOAD /tmp/ccPwZDrL.debug.temp.o
LOAD /tmp/ccZdqqXz.debug.temp.o
LOAD /tmp/ccqkW7Af.debug.temp.o
LOAD /tmp/cckR0A1l.debug.temp.o
LOAD /tmp/ccJn53bv.debug.temp.o
LOAD /tmp/cc7qLOF0.debug.temp.o
LOAD /tmp/cclSziLB.debug.temp.o
LOAD /tmp/ccxJHRSP.debug.temp.o
LOAD /tmp/cc6kGgMN.debug.temp.o
LOAD /tmp/cccPnKc8.debug.temp.o
LOAD /tmp/cc2odisS.debug.temp.o
LOAD /tmp/ccMxU8Hy.debug.temp.o
LOAD /tmp/ccNJkGju.debug.temp.o
LOAD /tmp/cc2uqCv4.debug.temp.o
LOAD /tmp/ccBw7HZa.debug.temp.o
LOAD /tmp/cc10gybE.debug.temp.o
LOAD /tmp/ccC7KFBx.debug.temp.o
LOAD /tmp/ccUtZJT9.debug.temp.o
LOAD /tmp/ccj6kgjj.debug.temp.o
LOAD /tmp/ccRqruo5.debug.temp.o
LOAD /home/parallels/Desktop/edk2-exynos7885/workspace/Build/EXYNOS7885Pkg/DEBUG_GCC5/AARCH64/MdeModulePkg/Universal/Console/ConPlatformDxe/ConPlatformDxe/OUTPUT/ConPlatformDxe.lib
LOAD /home/parallels/Desktop/edk2-exynos7885/workspace/Build/EXYNOS7885Pkg/DEBUG_GCC5/AARCH64/MdePkg/Library/DxePcdLib/DxePcdLib/OUTPUT/DxePcdLib.lib
LOAD /home/parallels/Desktop/edk2-exynos7885/workspace/Build/EXYNOS7885Pkg/DEBUG_GCC5/AARCH64/MdePkg/Library/BaseLib/BaseLib/OUTPUT/BaseLib.lib
LOAD /home/parallels/Desktop/edk2-exynos7885/workspace/Build/EXYNOS7885Pkg/DEBUG_GCC5/AARCH64/MdePkg/Library/BaseMemoryLibOptDxe/BaseMemoryLibOptDxe/OUTPUT/BaseMemoryLibOptDxe.lib
LOAD /home/parallels/Desktop/edk2-exynos7885/workspace/Build/EXYNOS7885Pkg/DEBUG_GCC5/AARCH64/ArmPkg/Library/ArmLib/ArmBaseLib/OUTPUT/ArmBaseLib.lib
LOAD /home/parallels/Desktop/edk2-exynos7885/workspace/Build/EXYNOS7885Pkg/DEBUG_GCC5/AARCH64/MdePkg/Library/RegisterFilterLibNull/RegisterFilterLibNull/OUTPUT/FilterLibNull.lib
LOAD /home/parallels/Desktop/edk2-exynos7885/workspace/Build/EXYNOS7885Pkg/DEBUG_GCC5/AARCH64/ArmPkg/Library/ArmCacheMaintenanceLib/ArmCacheMaintenanceLib/OUTPUT/ArmCacheMaintenanceLib.lib
LOAD /home/parallels/Desktop/edk2-exynos7885/workspace/Build/EXYNOS7885Pkg/DEBUG_GCC5/AARCH64/MdePkg/Library/BaseIoLibIntrinsic/BaseIoLibIntrinsic/OUTPUT/BaseIoLibIntrinsic.lib
LOAD /home/parallels/Desktop/edk2-exynos7885/workspace/Build/EXYNOS7885Pkg/DEBUG_GCC5/AARCH64/ArmPkg/Library/CompilerIntrinsicsLib/CompilerIntrinsicsLib/OUTPUT/CompilerIntrinsicsLib.lib
LOAD /home/parallels/Desktop/edk2-exynos7885/workspace/Build/EXYNOS7885Pkg/DEBUG_GCC5/AARCH64/MdePkg/Library/BaseDebugPrintErrorLevelLib/BaseDebugPrintErrorLevelLib/OUTPUT/BaseDebugPrintErrorLevelLib.lib
LOAD /home/parallels/Desktop/edk2-exynos7885/workspace/Build/EXYNOS7885Pkg/DEBUG_GCC5/AARCH64/EXYNOS7885Pkg/Library/FrameBufferSerialPortLib/FrameBufferSerialPortLib/OUTPUT/FrameBufferSerialPortLib.lib
LOAD /home/parallels/Desktop/edk2-exynos7885/workspace/Build/EXYNOS7885Pkg/DEBUG_GCC5/AARCH64/MdePkg/Library/BasePrintLib/BasePrintLib/OUTPUT/BasePrintLib.lib
LOAD /home/parallels/Desktop/edk2-exynos7885/workspace/Build/EXYNOS7885Pkg/DEBUG_GCC5/AARCH64/MdePkg/Library/BaseDebugLibSerialPort/BaseDebugLibSerialPort/OUTPUT/BaseDebugLibSerialPort.lib
LOAD /home/parallels/Desktop/edk2-exynos7885/workspace/Build/EXYNOS7885Pkg/DEBUG_GCC5/AARCH64/MdePkg/Library/UefiMemoryAllocationLib/UefiMemoryAllocationLib/OUTPUT/UefiMemoryAllocationLib.lib
LOAD /home/parallels/Desktop/edk2-exynos7885/workspace/Build/EXYNOS7885Pkg/DEBUG_GCC5/AARCH64/MdePkg/Library/UefiBootServicesTableLib/UefiBootServicesTableLib/OUTPUT/UefiBootServicesTableLib.lib
LOAD /home/parallels/Desktop/edk2-exynos7885/workspace/Build/EXYNOS7885Pkg/DEBUG_GCC5/AARCH64/MdePkg/Library/UefiRuntimeServicesTableLib/UefiRuntimeServicesTableLib/OUTPUT/UefiRuntimeServicesTableLib.lib
LOAD /home/parallels/Desktop/edk2-exynos7885/workspace/Build/EXYNOS7885Pkg/DEBUG_GCC5/AARCH64/MdePkg/Library/UefiDevicePathLib/UefiDevicePathLib/OUTPUT/UefiDevicePathLib.lib
LOAD /home/parallels/Desktop/edk2-exynos7885/workspace/Build/EXYNOS7885Pkg/DEBUG_GCC5/AARCH64/MdePkg/Library/UefiLib/UefiLib/OUTPUT/UefiLib.lib
LOAD /home/parallels/Desktop/edk2-exynos7885/workspace/Build/EXYNOS7885Pkg/DEBUG_GCC5/AARCH64/MdePkg/Library/DxeHobLib/DxeHobLib/OUTPUT/DxeHobLib.lib
LOAD /home/parallels/Desktop/edk2-exynos7885/workspace/Build/EXYNOS7885Pkg/DEBUG_GCC5/AARCH64/MdeModulePkg/Library/UefiHiiServicesLib/UefiHiiServicesLib/OUTPUT/UefiHiiServicesLib.lib
LOAD /home/parallels/Desktop/edk2-exynos7885/workspace/Build/EXYNOS7885Pkg/DEBUG_GCC5/AARCH64/MdeModulePkg/Library/VariablePolicyHelperLib/VariablePolicyHelperLib/OUTPUT/VariablePolicyHelperLib.lib
LOAD /home/parallels/Desktop/edk2-exynos7885/workspace/Build/EXYNOS7885Pkg/DEBUG_GCC5/AARCH64/MdeModulePkg/Library/UefiSortLib/UefiSortLib/OUTPUT/UefiSortLib.lib
LOAD /home/parallels/Desktop/edk2-exynos7885/workspace/Build/EXYNOS7885Pkg/DEBUG_GCC5/AARCH64/MdeModulePkg/Library/UefiHiiLib/UefiHiiLib/OUTPUT/UefiHiiLib.lib
LOAD /home/parallels/Desktop/edk2-exynos7885/workspace/Build/EXYNOS7885Pkg/DEBUG_GCC5/AARCH64/MdeModulePkg/Library/DxeReportStatusCodeLib/DxeReportStatusCodeLib/OUTPUT/DxeReportStatusCodeLib.lib
LOAD /home/parallels/Desktop/edk2-exynos7885/workspace/Build/EXYNOS7885Pkg/DEBUG_GCC5/AARCH64/MdePkg/Library/DxeServicesLib/DxeServicesLib/OUTPUT/DxeServicesLib.lib
LOAD /home/parallels/Desktop/edk2-exynos7885/workspace/Build/EXYNOS7885Pkg/DEBUG_GCC5/AARCH64/MdePkg/Library/DxeServicesTableLib/DxeServicesTableLib/OUTPUT/DxeServicesTableLib.lib
LOAD /home/parallels/Desktop/edk2-exynos7885/workspace/Build/EXYNOS7885Pkg/DEBUG_GCC5/AARCH64/MdePkg/Library/BasePeCoffGetEntryPointLib/BasePeCoffGetEntryPointLib/OUTPUT/BasePeCoffGetEntryPointLib.lib
LOAD /home/parallels/Desktop/edk2-exynos7885/workspace/Build/EXYNOS7885Pkg/DEBUG_GCC5/AARCH64/MdeModulePkg/Library/DxePerformanceLib/DxePerformanceLib/OUTPUT/DxePerformanceLib.lib
LOAD /home/parallels/Desktop/edk2-exynos7885/workspace/Build/EXYNOS7885Pkg/DEBUG_GCC5/AARCH64/MdePkg/Library/UefiDriverEntryPoint/UefiDriverEntryPoint/OUTPUT/UefiDriverEntryPoint.lib
LOAD /home/parallels/Desktop/edk2-exynos7885/workspace/Build/EXYNOS7885Pkg/DEBUG_GCC5/AARCH64/MdeModulePkg/Library/UefiBootManagerLib/UefiBootManagerLib/OUTPUT/UefiBootManagerLib.lib
LOAD /home/parallels/Desktop/edk2-exynos7885/workspace/Build/EXYNOS7885Pkg/DEBUG_GCC5/AARCH64/MdePkg/Library/BaseStackCheckLib/BaseStackCheckLib/OUTPUT/BaseStackCheckLib.lib
END GROUP
                0x0000000000000228                . = PECOFF_HEADER_SIZE

.gnu.version_d  0x0000000000000228        0x0
 .gnu.version_d
                0x0000000000000228        0x0 /home/parallels/Desktop/edk2/ArmPkg/Library/GccLto/liblto-aarch64.a

.gnu.version    0x0000000000000228        0x0
 .gnu.version   0x0000000000000228        0x0 /home/parallels/Desktop/edk2/ArmPkg/Library/GccLto/liblto-aarch64.a

.gnu.version_r  0x0000000000000228        0x0
 .gnu.version_r
                0x0000000000000228        0x0 /home/parallels/Desktop/edk2/ArmPkg/Library/GccLto/liblto-aarch64.a

.text           0x0000000000001000     0x46c8
 *(.text .text.* .stub .gnu.linkonce.t.*)
 .text.DebugPrintLevelEnabled
                0x0000000000001000        0x8 /tmp/ccmvdpta.ltrans0.ltrans.o
 .text.ConPlatformDriverBindingSupported
                0x0000000000001008       0xd0 /tmp/ccmvdpta.ltrans0.ltrans.o
 .text.ConPlatformTextInDriverBindingSupported
                0x00000000000010d8        0xc /tmp/ccmvdpta.ltrans0.ltrans.o
 .text.ConPlatformTextOutDriverBindingSupported
                0x00000000000010e4        0xc /tmp/ccmvdpta.ltrans0.ltrans.o
 .text.DebugAssertEnabled
                0x00000000000010f0        0x8 /tmp/ccmvdpta.ltrans0.ltrans.o
 .text.AsciiStrnLenS
                0x00000000000010f8       0x3c /tmp/ccmvdpta.ltrans0.ltrans.o
 .text.DebugPrintEnabled
                0x0000000000001134        0x8 /tmp/ccmvdpta.ltrans0.ltrans.o
 .text.BasePrintLibFillBuffer
                0x000000000000113c       0x34 /tmp/ccmvdpta.ltrans0.ltrans.o
 .text.InternalAllocatePool.constprop.0
                0x0000000000001170       0x64 /tmp/ccmvdpta.ltrans0.ltrans.o
 .text.ConPlatformUnInstallProtocol.isra.0
                0x00000000000011d4       0x80 /tmp/ccmvdpta.ltrans0.ltrans.o
 .text.BaseDebugLibSerialPortConstructor
                0x0000000000001254       0x84 /tmp/ccmvdpta.ltrans0.ltrans.o
 .text.FbConFlush
                0x00000000000012d8       0x58 /tmp/ccmvdpta.ltrans0.ltrans.o
 .text.SerialPortWrite.isra.0
                0x0000000000001330      0x3f0 /tmp/ccmvdpta.ltrans0.ltrans.o
 .text.DebugAssert
                0x0000000000001720       0x78 /tmp/ccmvdpta.ltrans0.ltrans.o
 .text.StrLen   0x0000000000001798       0xa4 /tmp/ccmvdpta.ltrans0.ltrans.o
 .text.AsciiStrLen
                0x000000000000183c       0x90 /tmp/ccmvdpta.ltrans0.ltrans.o
 .text.CompareGuid
                0x00000000000018cc       0x44 /tmp/ccmvdpta.ltrans0.ltrans.o
 .text.CompareMem
                0x0000000000001910       0xc8 /tmp/ccmvdpta.ltrans0.ltrans.o
 .text.CopyMem  0x00000000000019d8       0x9c /tmp/ccmvdpta.ltrans0.ltrans.o
 .text.DevicePathType
                0x0000000000001a74       0x48 /tmp/ccmvdpta.ltrans0.ltrans.o
 .text.DevicePathSubType
                0x0000000000001abc       0x48 /tmp/ccmvdpta.ltrans0.ltrans.o
 .text.IsDevicePathEndType
                0x0000000000001b04       0x58 /tmp/ccmvdpta.ltrans0.ltrans.o
 .text.IsDevicePathEnd
                0x0000000000001b5c       0x70 /tmp/ccmvdpta.ltrans0.ltrans.o
 .text.EfiGetSystemConfigurationTable
                0x0000000000001bcc       0x94 /tmp/ccmvdpta.ltrans0.ltrans.o
 .text.ReadUnaligned16
                0x0000000000001c60       0x5c /tmp/ccmvdpta.ltrans0.ltrans.o
 .text.DevicePathNodeLength
                0x0000000000001cbc       0x50 /tmp/ccmvdpta.ltrans0.ltrans.o
 .text.NextDevicePathNode
                0x0000000000001d0c       0x50 /tmp/ccmvdpta.ltrans0.ltrans.o
 .text.IsDevicePathValid.constprop.0
                0x0000000000001d5c       0xc4 /tmp/ccmvdpta.ltrans0.ltrans.o
 .text.UefiDevicePathLibGetDevicePathSize
                0x0000000000001e20       0x70 /tmp/ccmvdpta.ltrans0.ltrans.o
 .text.UefiDevicePathLibDuplicateDevicePath
                0x0000000000001e90       0x9c /tmp/ccmvdpta.ltrans0.ltrans.o
 .text.UefiDevicePathLibAppendDevicePathInstance
                0x0000000000001f2c       0xe4 /tmp/ccmvdpta.ltrans0.ltrans.o
 .text.UefiDevicePathLibGetNextDevicePathInstance
                0x0000000000002010       0xcc /tmp/ccmvdpta.ltrans0.ltrans.o
 .text.BasePrintLibSPrintMarker.constprop.0
                0x00000000000020dc      0xbe0 /tmp/ccmvdpta.ltrans0.ltrans.o
 .text.DebugPrint
                0x0000000000002cbc       0xb8 /tmp/ccmvdpta.ltrans0.ltrans.o
 .text.FreePool
                0x0000000000002d74       0x7c /tmp/ccmvdpta.ltrans0.ltrans.o
 .text.ConPlatformMatchDevicePaths
                0x0000000000002df0      0x644 /tmp/ccmvdpta.ltrans0.ltrans.o
 .text.ConPlatformUpdateDeviceVariable
                0x0000000000003434      0x1bc /tmp/ccmvdpta.ltrans0.ltrans.o
 .text.ConPlatformTextInDriverBindingStart
                0x00000000000035f0      0x120 /tmp/ccmvdpta.ltrans0.ltrans.o
 .text.ConPlatformTextInDriverBindingStop
                0x0000000000003710       0xd0 /tmp/ccmvdpta.ltrans0.ltrans.o
 .text.ConPlatformTextOutDriverBindingStop
                0x00000000000037e0       0xf8 /tmp/ccmvdpta.ltrans0.ltrans.o
 .text.EfiBootManagerGetGopDevicePath
                0x00000000000038d8      0x2a8 /tmp/ccmvdpta.ltrans0.ltrans.o
 .text.ConPlatformTextOutDriverBindingStart
                0x0000000000003b80      0x1f8 /tmp/ccmvdpta.ltrans0.ltrans.o
 .text.EfiLibInstallDriverBindingComponentName2.constprop.0
                0x0000000000003d78       0xa8 /tmp/ccmvdpta.ltrans0.ltrans.o
 .text.AsciiSPrint.constprop.0
                0x0000000000003e20       0xa8 /tmp/ccmvdpta.ltrans0.ltrans.o
 .text.BasePrintLibSPrint.constprop.0
                0x0000000000003ec8       0x94 /tmp/ccmvdpta.ltrans0.ltrans.o
 .text.memcpy   0x0000000000003f5c       0x20 /tmp/ccmvdpta.ltrans0.ltrans.o
                0x0000000000003f5c                memcpy
 .text._ModuleEntryPoint
                0x0000000000003f7c      0x4e8 /tmp/ccmvdpta.ltrans0.ltrans.o
                0x0000000000003f7c                _ModuleEntryPoint
 .text.__stack_chk_fail
                0x0000000000004464       0x40 /tmp/ccmvdpta.ltrans0.ltrans.o
                0x0000000000004464                __stack_chk_fail
 *fill*         0x00000000000044a4        0xc 
 .text          0x00000000000044b0      0x218 /home/parallels/Desktop/edk2-exynos7885/workspace/Build/EXYNOS7885Pkg/DEBUG_GCC5/AARCH64/MdePkg/Library/BaseMemoryLibOptDxe/BaseMemoryLibOptDxe/OUTPUT/BaseMemoryLibOptDxe.lib(CopyMem.obj)
                0x000000000000461c                InternalMemCopyMem
 *fill*         0x00000000000046c8       0x38 
 .text          0x0000000000004700       0xe0 /home/parallels/Desktop/edk2-exynos7885/workspace/Build/EXYNOS7885Pkg/DEBUG_GCC5/AARCH64/MdePkg/Library/BaseMemoryLibOptDxe/BaseMemoryLibOptDxe/OUTPUT/BaseMemoryLibOptDxe.lib(CompareMem.obj)
                0x0000000000004700                InternalMemCompareMem
 .text          0x00000000000047e0       0x20 /home/parallels/Desktop/edk2-exynos7885/workspace/Build/EXYNOS7885Pkg/DEBUG_GCC5/AARCH64/MdePkg/Library/BaseMemoryLibOptDxe/BaseMemoryLibOptDxe/OUTPUT/BaseMemoryLibOptDxe.lib(CompareGuid.obj)
                0x00000000000047e0                InternalMemCompareGuid
 .text.ArmCacheInfo
                0x0000000000004800        0x8 /home/parallels/Desktop/edk2-exynos7885/workspace/Build/EXYNOS7885Pkg/DEBUG_GCC5/AARCH64/ArmPkg/Library/ArmLib/ArmBaseLib/OUTPUT/ArmBaseLib.lib(ArmLibSupport.obj)
                0x0000000000004800                ArmCacheInfo
 .text.ArmGetInterruptState
                0x0000000000004808       0x10 /home/parallels/Desktop/edk2-exynos7885/workspace/Build/EXYNOS7885Pkg/DEBUG_GCC5/AARCH64/ArmPkg/Library/ArmLib/ArmBaseLib/OUTPUT/ArmBaseLib.lib(ArmLibSupport.obj)
                0x0000000000004808                ArmGetInterruptState
 .text.ArmEnableInterrupts
                0x0000000000004818        0xc /home/parallels/Desktop/edk2-exynos7885/workspace/Build/EXYNOS7885Pkg/DEBUG_GCC5/AARCH64/ArmPkg/Library/ArmLib/ArmBaseLib/OUTPUT/ArmBaseLib.lib(ArmLibSupportV8.obj)
                0x0000000000004818                ArmEnableInterrupts
 .text.ArmDisableInterrupts
                0x0000000000004824        0xc /home/parallels/Desktop/edk2-exynos7885/workspace/Build/EXYNOS7885Pkg/DEBUG_GCC5/AARCH64/ArmPkg/Library/ArmLib/ArmBaseLib/OUTPUT/ArmBaseLib.lib(ArmLibSupportV8.obj)
                0x0000000000004824                ArmDisableInterrupts
 .text.ArmCleanInvalidateDataCacheEntryByMVA
                0x0000000000004830        0x8 /home/parallels/Desktop/edk2-exynos7885/workspace/Build/EXYNOS7885Pkg/DEBUG_GCC5/AARCH64/ArmPkg/Library/ArmLib/ArmBaseLib/OUTPUT/ArmBaseLib.lib(AArch64Support.obj)
                0x0000000000004830                ArmCleanInvalidateDataCacheEntryByMVA
 .text.ArmDataSynchronizationBarrier
                0x0000000000004838        0x8 /home/parallels/Desktop/edk2-exynos7885/workspace/Build/EXYNOS7885Pkg/DEBUG_GCC5/AARCH64/ArmPkg/Library/ArmLib/ArmBaseLib/OUTPUT/ArmBaseLib.lib(AArch64Support.obj)
                0x0000000000004838                ArmDataSynchronizationBarrier
 *(.rodata .rodata.* .gnu.linkonce.r.*)
 .rodata.DebugAssert.str1.1
                0x0000000000004840       0x27 /tmp/ccmvdpta.ltrans0.ltrans.o
 .rodata.StrLen.str1.1
                0x0000000000004867       0xb0 /tmp/ccmvdpta.ltrans0.ltrans.o
 .rodata.AsciiStrLen.str1.1
                0x0000000000004917       0x38 /tmp/ccmvdpta.ltrans0.ltrans.o
 .rodata.CompareGuid.str1.1
                0x000000000000494f       0x67 /tmp/ccmvdpta.ltrans0.ltrans.o
 .rodata.CompareMem.str1.1
                0x00000000000049b6      0x114 /tmp/ccmvdpta.ltrans0.ltrans.o
 .rodata.CopyMem.str1.1
                0x0000000000004aca       0x51 /tmp/ccmvdpta.ltrans0.ltrans.o
 .rodata.DevicePathType.str1.1
                0x0000000000004b1b       0x69 /tmp/ccmvdpta.ltrans0.ltrans.o
 .rodata.ReadUnaligned16.str1.1
                0x0000000000004b84       0x44 /tmp/ccmvdpta.ltrans0.ltrans.o
                                         0x5b (size before relaxing)
 .rodata.UefiDevicePathLibDuplicateDevicePath.str1.1
                0x0000000000004bc8       0x98 /tmp/ccmvdpta.ltrans0.ltrans.o
 .rodata.BasePrintLibSPrintMarker.constprop.0.str1.1
                0x0000000000004c60      0x17c /tmp/ccmvdpta.ltrans0.ltrans.o
 .rodata.BasePrintLibSPrintMarker.constprop.0
                0x0000000000004ddc       0x5e /tmp/ccmvdpta.ltrans0.ltrans.o
 .rodata.FreePool.str1.1
                0x0000000000004e3a       0x48 /tmp/ccmvdpta.ltrans0.ltrans.o
 .rodata.ConPlatformMatchDevicePaths.str1.1
                0x0000000000004e82       0x59 /tmp/ccmvdpta.ltrans0.ltrans.o
 *fill*         0x0000000000004edb        0x1 
 .rodata.ConPlatformTextInDriverBindingStart.str2.2
                0x0000000000004edc       0x1e /tmp/ccmvdpta.ltrans0.ltrans.o
 .rodata.ConPlatformTextOutDriverBindingStop.str2.2
                0x0000000000004efa       0x28 /tmp/ccmvdpta.ltrans0.ltrans.o
 .rodata.EfiBootManagerGetGopDevicePath.str1.1
                0x0000000000004f22       0x93 /tmp/ccmvdpta.ltrans0.ltrans.o
 *fill*         0x0000000000004fb5        0x1 
 .rodata.ConPlatformTextOutDriverBindingStart.str2.2
                0x0000000000004fb6       0x1c /tmp/ccmvdpta.ltrans0.ltrans.o
 .rodata.EfiLibInstallDriverBindingComponentName2.constprop.0.str1.1
                0x0000000000004fd2       0x46 /tmp/ccmvdpta.ltrans0.ltrans.o
 .rodata._ModuleEntryPoint.str1.1
                0x0000000000005018      0x305 /tmp/ccmvdpta.ltrans0.ltrans.o
 .rodata.__stack_chk_fail.str1.1
                0x000000000000531d       0x2e /tmp/ccmvdpta.ltrans0.ltrans.o
 .rodata.mErrorString
                0x000000000000534b      0x2b5 /tmp/ccmvdpta.ltrans0.ltrans.o
 .rodata.mHexStr
                0x0000000000005600       0x10 /tmp/ccmvdpta.ltrans0.ltrans.o
 .rodata.mWarningString
                0x0000000000005610       0x96 /tmp/ccmvdpta.ltrans0.ltrans.o
 *(.got .got.*)
 *fill*         0x00000000000056a6        0x2 
 .got           0x00000000000056a8        0x8 /home/parallels/Desktop/edk2/ArmPkg/Library/GccLto/liblto-aarch64.a
                0x00000000000056a8                _GLOBAL_OFFSET_TABLE_
 .got.plt       0x00000000000056b0       0x18 /home/parallels/Desktop/edk2/ArmPkg/Library/GccLto/liblto-aarch64.a
 *:AutoGen.obj(.data.g*Guid)

.plt            0x00000000000056c8        0x0
 .plt           0x00000000000056c8        0x0 /home/parallels/Desktop/edk2/ArmPkg/Library/GccLto/liblto-aarch64.a

.data           0x0000000000006000      0x518
 *(.data .data.* .gnu.linkonce.d.*)
 .data.rel.ro   0x0000000000006000        0x0 /home/parallels/Desktop/edk2/ArmPkg/Library/GccLto/liblto-aarch64.a
 .data.__stack_chk_guard
                0x0000000000006000        0x8 /tmp/ccmvdpta.ltrans0.ltrans.o
                0x0000000000006000                __stack_chk_guard
 .data.font5x12
                0x0000000000006008      0x300 /tmp/ccmvdpta.ltrans0.ltrans.o
 .data.gConPlatformTextInDriverBinding
                0x0000000000006308       0x30 /tmp/ccmvdpta.ltrans0.ltrans.o
 .data.gConPlatformTextOutDriverBinding
                0x0000000000006338       0x30 /tmp/ccmvdpta.ltrans0.ltrans.o
 .data.gEfiConsoleInDeviceGuid
                0x0000000000006368       0x10 /tmp/ccmvdpta.ltrans0.ltrans.o
 .data.gEfiConsoleOutDeviceGuid
                0x0000000000006378       0x10 /tmp/ccmvdpta.ltrans0.ltrans.o
 .data.gEfiDevicePathProtocolGuid
                0x0000000000006388       0x10 /tmp/ccmvdpta.ltrans0.ltrans.o
 .data.gEfiDriverBindingProtocolGuid
                0x0000000000006398       0x10 /tmp/ccmvdpta.ltrans0.ltrans.o
 .data.gEfiDxeServicesTableGuid
                0x00000000000063a8       0x10 /tmp/ccmvdpta.ltrans0.ltrans.o
 .data.gEfiGlobalVariableGuid
                0x00000000000063b8       0x10 /tmp/ccmvdpta.ltrans0.ltrans.o
 .data.gEfiGraphicsOutputProtocolGuid
                0x00000000000063c8       0x10 /tmp/ccmvdpta.ltrans0.ltrans.o
 .data.gEfiHiiConfigRoutingProtocolGuid
                0x00000000000063d8       0x10 /tmp/ccmvdpta.ltrans0.ltrans.o
 .data.gEfiHiiDatabaseProtocolGuid
                0x00000000000063e8       0x10 /tmp/ccmvdpta.ltrans0.ltrans.o
 .data.gEfiHiiFontProtocolGuid
                0x00000000000063f8       0x10 /tmp/ccmvdpta.ltrans0.ltrans.o
 .data.gEfiHiiImageProtocolGuid
                0x0000000000006408       0x10 /tmp/ccmvdpta.ltrans0.ltrans.o
 .data.gEfiHiiStringProtocolGuid
                0x0000000000006418       0x10 /tmp/ccmvdpta.ltrans0.ltrans.o
 .data.gEfiHobListGuid
                0x0000000000006428       0x10 /tmp/ccmvdpta.ltrans0.ltrans.o
 .data.gEfiPciIoProtocolGuid
                0x0000000000006438       0x10 /tmp/ccmvdpta.ltrans0.ltrans.o
 .data.gEfiSimpleTextInProtocolGuid
                0x0000000000006448       0x10 /tmp/ccmvdpta.ltrans0.ltrans.o
 .data.gEfiSimpleTextOutProtocolGuid
                0x0000000000006458       0x10 /tmp/ccmvdpta.ltrans0.ltrans.o
 .data.gEfiStandardErrorDeviceGuid
                0x0000000000006468       0x10 /tmp/ccmvdpta.ltrans0.ltrans.o
 .data.gEfiUsbIoProtocolGuid
                0x0000000000006478       0x10 /tmp/ccmvdpta.ltrans0.ltrans.o
 *(.bss .bss.*)
 .bss.gBS       0x0000000000006488        0x8 /tmp/ccmvdpta.ltrans0.ltrans.o
 .bss.gDS       0x0000000000006490        0x8 /tmp/ccmvdpta.ltrans0.ltrans.o
 .bss.gHiiConfigRouting
                0x0000000000006498        0x8 /tmp/ccmvdpta.ltrans0.ltrans.o
 .bss.gHiiDatabase
                0x00000000000064a0        0x8 /tmp/ccmvdpta.ltrans0.ltrans.o
 .bss.gHiiFont  0x00000000000064a8        0x8 /tmp/ccmvdpta.ltrans0.ltrans.o
 .bss.gHiiImage
                0x00000000000064b0        0x8 /tmp/ccmvdpta.ltrans0.ltrans.o
 .bss.gHiiString
                0x00000000000064b8        0x8 /tmp/ccmvdpta.ltrans0.ltrans.o
 .bss.gImageHandle
                0x00000000000064c0        0x8 /tmp/ccmvdpta.ltrans0.ltrans.o
 .bss.gRT       0x00000000000064c8        0x8 /tmp/ccmvdpta.ltrans0.ltrans.o
 .bss.gST       0x00000000000064d0        0x8 /tmp/ccmvdpta.ltrans0.ltrans.o
 .bss.mHobList  0x00000000000064d8        0x8 /tmp/ccmvdpta.ltrans0.ltrans.o
 .bss.m_Color   0x00000000000064e0       0x10 /tmp/ccmvdpta.ltrans0.ltrans.o
 .bss.m_Initialized
                0x00000000000064f0        0x1 /tmp/ccmvdpta.ltrans0.ltrans.o
 *fill*         0x00000000000064f1        0x7 
 .bss.m_MaxPosition
                0x00000000000064f8       0x10 /tmp/ccmvdpta.ltrans0.ltrans.o
 .bss.m_Position
                0x0000000000006508       0x10 /tmp/ccmvdpta.ltrans0.ltrans.o

.dynbss         0x0000000000006518        0x0
 .dynbss        0x0000000000006518        0x0 /home/parallels/Desktop/edk2/ArmPkg/Library/GccLto/liblto-aarch64.a

.eh_frame
 *(.eh_frame)

.rela           0x0000000000006518       0x90
 *(.rela .rela.*)
 .rela.got      0x0000000000006518        0x0 /home/parallels/Desktop/edk2/ArmPkg/Library/GccLto/liblto-aarch64.a
 .rela.plt      0x0000000000006518        0x0 /home/parallels/Desktop/edk2/ArmPkg/Library/GccLto/liblto-aarch64.a
 .rela.bss      0x0000000000006518        0x0 /home/parallels/Desktop/edk2/ArmPkg/Library/GccLto/liblto-aarch64.a
 .rela.data.rel.ro
                0x0000000000006518        0x0 /home/parallels/Desktop/edk2/ArmPkg/Library/GccLto/liblto-aarch64.a
 .rela.ifunc    0x0000000000006518        0x0 /home/parallels/Desktop/edk2/ArmPkg/Library/GccLto/liblto-aarch64.a
 .rela.data.gConPlatformTextInDriverBinding
                0x0000000000006518       0x48 /home/parallels/Desktop/edk2/ArmPkg/Library/GccLto/liblto-aarch64.a
 .rela.data.gConPlatformTextOutDriverBinding
                0x0000000000006560       0x48 /home/parallels/Desktop/edk2/ArmPkg/Library/GccLto/liblto-aarch64.a

.hii
 *(.hii)

.build-id       0x00000000000065a8       0x24
 *(.note.gnu.build-id)
 .note.gnu.build-id
                0x00000000000065a8       0x24 /home/parallels/Desktop/edk2/ArmPkg/Library/GccLto/liblto-aarch64.a

/DISCARD/
 *(.note.GNU-stack)
 *(.gnu_debuglink)
 *(.interp)
 *(.dynsym)
 *(.dynstr)
 *(.dynamic)
 *(.hash .gnu.hash)
 *(.comment)
                0x0000000000000228                PECOFF_HEADER_SIZE = 0x228
OUTPUT(/home/parallels/Desktop/edk2-exynos7885/workspace/Build/EXYNOS7885Pkg/DEBUG_GCC5/AARCH64/MdeModulePkg/Universal/Console/ConPlatformDxe/ConPlatformDxe/DEBUG/ConPlatformDxe.dll elf64-littleaarch64)
LOAD linker stubs

.debug_info     0x0000000000000000    0x20fe0
 .debug_info    0x0000000000000000     0x4c99 /tmp/ccmvdpta.ltrans0.ltrans.o
 .debug_info    0x0000000000004c99       0xf2 /tmp/ccTsiuGy.debug.temp.o
                0x0000000000004c99                memcpy.c.ca7d7127
 .debug_info    0x0000000000004d8b       0xaf /tmp/ccBugJFk.debug.temp.o
                0x0000000000004d8b                memset.c.8fcd00d9
 .debug_info    0x0000000000004e3a     0x1944 /tmp/ccHBzvKy.debug.temp.o
                0x0000000000004e3a                DriverEntryPoint.c.a6382bfa
 .debug_info    0x000000000000677e      0x12a /tmp/ccFrBLK5.debug.temp.o
                0x000000000000677e                BaseStackCheckGcc.c.69721062
 .debug_info    0x00000000000068a8     0x214c /tmp/ccI8CXCc.debug.temp.o
                0x00000000000068a8                AutoGen.c.afcfe980
 .debug_info    0x00000000000089f4     0x28ef /tmp/ccFxroAk.debug.temp.o
                0x00000000000089f4                ConPlatform.c.80442b1d
 .debug_info    0x000000000000b2e3      0x33e /tmp/cc8LKdAH.debug.temp.o
                0x000000000000b2e3                ComponentName.c.b3546248
 .debug_info    0x000000000000b621      0x7a9 /tmp/cckxiM2g.debug.temp.o
                0x000000000000b621                String.c.d9166835
 .debug_info    0x000000000000bdca     0x10b0 /tmp/ccWkpmYe.debug.temp.o
                0x000000000000bdca                SafeString.c.1357afb5
 .debug_info    0x000000000000ce7a      0x2d6 /tmp/ccdPZRCb.debug.temp.o
                0x000000000000ce7a                Math64.c.3d5bb2b9
 .debug_info    0x000000000000d150      0x22d /tmp/cc9Ka7UY.debug.temp.o
                0x000000000000d150                MemLibGuid.c.2a8f9d16
 .debug_info    0x000000000000d37d      0x12d /tmp/cc7hXmdn.debug.temp.o
                0x000000000000d37d                CompareMemWrapper.c.81649f89
 .debug_info    0x000000000000d4aa      0x119 /tmp/ccfLar17.debug.temp.o
                0x000000000000d4aa                CopyMemWrapper.c.2d7cc1a5
 .debug_info    0x000000000000d5c3      0x3d4 /tmp/cc6e6S3N.debug.temp.o
                0x000000000000d5c3                DebugLib.c.140d8a42
 .debug_info    0x000000000000d997     0x1359 /tmp/ccMcgIGg.debug.temp.o
                0x000000000000d997                MemoryAllocationLib.c.f1d55880
 .debug_info    0x000000000000ecf0     0x1762 /tmp/ccbAKQoD.debug.temp.o
                0x000000000000ecf0                UefiBootServicesTableLib.c.c8c50134
 .debug_info    0x0000000000010452     0x1739 /tmp/ccBPPhIz.debug.temp.o
                0x0000000000010452                UefiRuntimeServicesTableLib.c.21840ab8
 .debug_info    0x0000000000011b8b      0x6ac /tmp/cc8tBPVX.debug.temp.o
                0x0000000000011b8b                DevicePathUtilities.c.aab6466d
 .debug_info    0x0000000000012237      0x3f7 /tmp/ccthbAXh.debug.temp.o
                0x0000000000012237                UefiDevicePathLib.c.fb0beaa1
 .debug_info    0x000000000001262e     0x2035 /tmp/ccXhRDPl.debug.temp.o
                0x000000000001262e                UefiDriverModel.c.38ba2dc1
 .debug_info    0x0000000000014663     0x25cc /tmp/ccPwZDrL.debug.temp.o
                0x0000000000014663                UefiLib.c.a38e5737
 .debug_info    0x0000000000016c2f     0x20ef /tmp/ccZdqqXz.debug.temp.o
                0x0000000000016c2f                HobLib.c.aa4e26ff
 .debug_info    0x0000000000018d1e     0x2781 /tmp/ccqkW7Af.debug.temp.o
                0x0000000000018d1e                UefiHiiServicesLib.c.0aa0930c
 .debug_info    0x000000000001b49f     0x1cf6 /tmp/cckR0A1l.debug.temp.o
                0x000000000001b49f                DxeServicesTableLib.c.e171f30c
 .debug_info    0x000000000001d195     0x23dc /tmp/ccJn53bv.debug.temp.o
                0x000000000001d195                BmConsole.c.4608db87
 .debug_info    0x000000000001f571      0x288 /tmp/cc6kGgMN.debug.temp.o
                0x000000000001f571                Unaligned.c.bee98f61
 .debug_info    0x000000000001f7f9      0x5bf /tmp/ccNJkGju.debug.temp.o
                0x000000000001f7f9                FrameBufferSerialPortLib.c.02945832
 .debug_info    0x000000000001fdb8      0x5bf /tmp/cc2uqCv4.debug.temp.o
                0x000000000001fdb8                PrintLib.c.03e7575f
 .debug_info    0x0000000000020377      0x79c /tmp/ccBw7HZa.debug.temp.o
                0x0000000000020377                PrintLibInternal.c.4386dd4c
 .debug_info    0x0000000000020b13      0x121 /tmp/ccUtZJT9.debug.temp.o
                0x0000000000020b13                DivU64x32Remainder.c.51b74649
 .debug_info    0x0000000000020c34      0x25b /tmp/ccj6kgjj.debug.temp.o
                0x0000000000020c34                ArmCacheMaintenanceLib.c.e0d69149
 .debug_info    0x0000000000020e8f      0x151 /tmp/ccRqruo5.debug.temp.o
                0x0000000000020e8f                ArmLib.c.e988afac

.debug_abbrev   0x0000000000000000     0x37e4
 .debug_abbrev  0x0000000000000000      0x2ab /tmp/ccmvdpta.ltrans0.ltrans.o
 .debug_abbrev  0x00000000000002ab       0xaa /tmp/ccTsiuGy.debug.temp.o
 .debug_abbrev  0x0000000000000355       0x77 /tmp/ccBugJFk.debug.temp.o
 .debug_abbrev  0x00000000000003cc      0x254 /tmp/ccHBzvKy.debug.temp.o
 .debug_abbrev  0x0000000000000620       0xf3 /tmp/ccFrBLK5.debug.temp.o
 .debug_abbrev  0x0000000000000713      0x2ce /tmp/ccI8CXCc.debug.temp.o
 .debug_abbrev  0x00000000000009e1      0x2d8 /tmp/ccFxroAk.debug.temp.o
 .debug_abbrev  0x0000000000000cb9      0x136 /tmp/cc8LKdAH.debug.temp.o
 .debug_abbrev  0x0000000000000def      0x157 /tmp/cckxiM2g.debug.temp.o
 .debug_abbrev  0x0000000000000f46      0x1c7 /tmp/ccWkpmYe.debug.temp.o
 .debug_abbrev  0x000000000000110d       0xd0 /tmp/ccdPZRCb.debug.temp.o
 .debug_abbrev  0x00000000000011dd      0x105 /tmp/cc9Ka7UY.debug.temp.o
 .debug_abbrev  0x00000000000012e2       0xb7 /tmp/cc7hXmdn.debug.temp.o
 .debug_abbrev  0x0000000000001399       0xbe /tmp/ccfLar17.debug.temp.o
 .debug_abbrev  0x0000000000001457      0x19c /tmp/cc6e6S3N.debug.temp.o
 .debug_abbrev  0x00000000000015f3      0x26b /tmp/ccMcgIGg.debug.temp.o
 .debug_abbrev  0x000000000000185e      0x201 /tmp/ccbAKQoD.debug.temp.o
 .debug_abbrev  0x0000000000001a5f      0x1d1 /tmp/ccBPPhIz.debug.temp.o
 .debug_abbrev  0x0000000000001c30      0x1e6 /tmp/cc8tBPVX.debug.temp.o
 .debug_abbrev  0x0000000000001e16      0x114 /tmp/ccthbAXh.debug.temp.o
 .debug_abbrev  0x0000000000001f2a      0x276 /tmp/ccXhRDPl.debug.temp.o
 .debug_abbrev  0x00000000000021a0      0x2f1 /tmp/ccPwZDrL.debug.temp.o
 .debug_abbrev  0x0000000000002491      0x2cd /tmp/ccZdqqXz.debug.temp.o
 .debug_abbrev  0x000000000000275e      0x265 /tmp/ccqkW7Af.debug.temp.o
 .debug_abbrev  0x00000000000029c3      0x24f /tmp/cckR0A1l.debug.temp.o
 .debug_abbrev  0x0000000000002c12      0x2e5 /tmp/ccJn53bv.debug.temp.o
 .debug_abbrev  0x0000000000002ef7       0xcf /tmp/cc6kGgMN.debug.temp.o
 .debug_abbrev  0x0000000000002fc6      0x245 /tmp/ccNJkGju.debug.temp.o
 .debug_abbrev  0x000000000000320b      0x172 /tmp/cc2uqCv4.debug.temp.o
 .debug_abbrev  0x000000000000337d      0x1ce /tmp/ccBw7HZa.debug.temp.o
 .debug_abbrev  0x000000000000354b       0xb2 /tmp/ccUtZJT9.debug.temp.o
 .debug_abbrev  0x00000000000035fd       0xf8 /tmp/ccj6kgjj.debug.temp.o
 .debug_abbrev  0x00000000000036f5       0xef /tmp/ccRqruo5.debug.temp.o

.debug_loclists
                0x0000000000000000     0x415b
 .debug_loclists
                0x0000000000000000     0x415b /tmp/ccmvdpta.ltrans0.ltrans.o

.debug_aranges  0x0000000000000000      0x380
 .debug_aranges
                0x0000000000000000      0x380 /tmp/ccmvdpta.ltrans0.ltrans.o

.debug_rnglists
                0x0000000000000000      0x547
 .debug_rnglists
                0x0000000000000000      0x547 /tmp/ccmvdpta.ltrans0.ltrans.o

.debug_line     0x0000000000000000     0x3660
 .debug_line    0x0000000000000000     0x27c3 /tmp/ccmvdpta.ltrans0.ltrans.o
 .debug_line    0x00000000000027c3       0x3a /tmp/ccTsiuGy.debug.temp.o
 .debug_line    0x00000000000027fd       0x3a /tmp/ccBugJFk.debug.temp.o
 .debug_line    0x0000000000002837       0x93 /tmp/ccHBzvKy.debug.temp.o
 .debug_line    0x00000000000028ca       0x5a /tmp/ccFrBLK5.debug.temp.o
 .debug_line    0x0000000000002924       0x98 /tmp/ccI8CXCc.debug.temp.o
 .debug_line    0x00000000000029bc       0xd2 /tmp/ccFxroAk.debug.temp.o
 .debug_line    0x0000000000002a8e       0x71 /tmp/cc8LKdAH.debug.temp.o
 .debug_line    0x0000000000002aff       0x63 /tmp/cckxiM2g.debug.temp.o
 .debug_line    0x0000000000002b62       0x6d /tmp/ccWkpmYe.debug.temp.o
 .debug_line    0x0000000000002bcf       0x4c /tmp/ccdPZRCb.debug.temp.o
 .debug_line    0x0000000000002c1b       0x5e /tmp/cc9Ka7UY.debug.temp.o
 .debug_line    0x0000000000002c79       0x51 /tmp/cc7hXmdn.debug.temp.o
 .debug_line    0x0000000000002cca       0x51 /tmp/ccfLar17.debug.temp.o
 .debug_line    0x0000000000002d1b       0x77 /tmp/cc6e6S3N.debug.temp.o
 .debug_line    0x0000000000002d92       0x7b /tmp/ccMcgIGg.debug.temp.o
 .debug_line    0x0000000000002e0d       0x80 /tmp/ccbAKQoD.debug.temp.o
 .debug_line    0x0000000000002e8d       0x7b /tmp/ccBPPhIz.debug.temp.o
 .debug_line    0x0000000000002f08       0x7b /tmp/cc8tBPVX.debug.temp.o
 .debug_line    0x0000000000002f83       0x51 /tmp/ccthbAXh.debug.temp.o
 .debug_line    0x0000000000002fd4       0xac /tmp/ccXhRDPl.debug.temp.o
 .debug_line    0x0000000000003080       0xb1 /tmp/ccPwZDrL.debug.temp.o
 .debug_line    0x0000000000003131       0x9c /tmp/ccZdqqXz.debug.temp.o
 .debug_line    0x00000000000031cd       0xb5 /tmp/ccqkW7Af.debug.temp.o
 .debug_line    0x0000000000003282       0x97 /tmp/cckR0A1l.debug.temp.o
 .debug_line    0x0000000000003319       0xc3 /tmp/ccJn53bv.debug.temp.o
 .debug_line    0x00000000000033dc       0x51 /tmp/cc6kGgMN.debug.temp.o
 .debug_line    0x000000000000342d       0x75 /tmp/ccNJkGju.debug.temp.o
 .debug_line    0x00000000000034a2       0x5f /tmp/cc2uqCv4.debug.temp.o
 .debug_line    0x0000000000003501       0x6d /tmp/ccBw7HZa.debug.temp.o
 .debug_line    0x000000000000356e       0x51 /tmp/ccUtZJT9.debug.temp.o
 .debug_line    0x00000000000035bf       0x55 /tmp/ccj6kgjj.debug.temp.o
 .debug_line    0x0000000000003614       0x4c /tmp/ccRqruo5.debug.temp.o

.debug_str      0x0000000000000000     0x7482
 .debug_str     0x0000000000000000      0x1bb /tmp/ccmvdpta.ltrans0.ltrans.o
                                        0x1d4 (size before relaxing)
 .debug_str     0x00000000000001bb      0x1d0 /tmp/ccTsiuGy.debug.temp.o
                                        0x207 (size before relaxing)
 .debug_str     0x000000000000038b        0x9 /tmp/ccBugJFk.debug.temp.o
                                        0x1fb (size before relaxing)
 .debug_str     0x0000000000000394     0x12c4 /tmp/ccHBzvKy.debug.temp.o
                                       0x14a0 (size before relaxing)
 .debug_str     0x0000000000001658       0x54 /tmp/ccFrBLK5.debug.temp.o
                                        0x2b7 (size before relaxing)
 .debug_str     0x00000000000016ac      0xfc7 /tmp/ccI8CXCc.debug.temp.o
                                       0x23c4 (size before relaxing)
 .debug_str     0x0000000000002673      0xb8d /tmp/ccFxroAk.debug.temp.o
                                       0x220b (size before relaxing)
 .debug_str     0x0000000000003200       0x9a /tmp/cc8LKdAH.debug.temp.o
                                        0x46d (size before relaxing)
 .debug_str     0x000000000000329a      0x318 /tmp/cckxiM2g.debug.temp.o
                                        0x6ca (size before relaxing)
 .debug_str     0x00000000000035b2      0x288 /tmp/ccWkpmYe.debug.temp.o
                                        0x816 (size before relaxing)
 .debug_str     0x000000000000383a      0x17a /tmp/ccdPZRCb.debug.temp.o
                                        0x3a0 (size before relaxing)
 .debug_str     0x00000000000039b4       0x6d /tmp/cc9Ka7UY.debug.temp.o
                                        0x2eb (size before relaxing)
 .debug_str     0x0000000000003a21       0x35 /tmp/cc7hXmdn.debug.temp.o
                                        0x277 (size before relaxing)
 .debug_str     0x0000000000003a56      0x266 /tmp/ccfLar17.debug.temp.o
 .debug_str     0x0000000000003a56      0x158 /tmp/cc6e6S3N.debug.temp.o
                                        0x4d9 (size before relaxing)
 .debug_str     0x0000000000003bae      0x22b /tmp/ccMcgIGg.debug.temp.o
                                        0xf3d (size before relaxing)
 .debug_str     0x0000000000003dd9     0x1307 /tmp/ccbAKQoD.debug.temp.o
 .debug_str     0x0000000000003dd9     0x12fd /tmp/ccBPPhIz.debug.temp.o
 .debug_str     0x0000000000003dd9      0x270 /tmp/cc8tBPVX.debug.temp.o
                                        0x696 (size before relaxing)
 .debug_str     0x0000000000004049       0xdd /tmp/ccthbAXh.debug.temp.o
                                        0x5b5 (size before relaxing)
 .debug_str     0x0000000000004126      0x4e0 /tmp/ccXhRDPl.debug.temp.o
                                       0x1c6a (size before relaxing)
 .debug_str     0x0000000000004606      0x5b9 /tmp/ccPwZDrL.debug.temp.o
                                       0x1bec (size before relaxing)
 .debug_str     0x0000000000004bbf      0x527 /tmp/ccZdqqXz.debug.temp.o
                                       0x1905 (size before relaxing)
 .debug_str     0x00000000000050e6      0xa9d /tmp/ccqkW7Af.debug.temp.o
                                       0x1f78 (size before relaxing)
 .debug_str     0x0000000000005b83      0x549 /tmp/cckR0A1l.debug.temp.o
                                       0x18ef (size before relaxing)
 .debug_str     0x00000000000060cc      0x975 /tmp/ccJn53bv.debug.temp.o
                                       0x1f52 (size before relaxing)
 .debug_str     0x0000000000006a41       0x68 /tmp/cc6kGgMN.debug.temp.o
                                        0x30a (size before relaxing)
 .debug_str     0x0000000000006aa9      0x3e7 /tmp/ccNJkGju.debug.temp.o
                                        0x6a1 (size before relaxing)
 .debug_str     0x0000000000006e90      0x187 /tmp/cc2uqCv4.debug.temp.o
                                        0x462 (size before relaxing)
 .debug_str     0x0000000000007017      0x1b2 /tmp/ccBw7HZa.debug.temp.o
                                        0x664 (size before relaxing)
 .debug_str     0x00000000000071c9      0x273 /tmp/ccUtZJT9.debug.temp.o
 .debug_str     0x00000000000071c9      0x211 /tmp/ccj6kgjj.debug.temp.o
                                        0x4a5 (size before relaxing)
 .debug_str     0x00000000000073da       0xa8 /tmp/ccRqruo5.debug.temp.o
                                        0x2e1 (size before relaxing)

.debug_line_str
                0x0000000000000000     0x27c8
 .debug_line_str
                0x0000000000000000      0x6d2 /tmp/ccmvdpta.ltrans0.ltrans.o
                                        0x983 (size before relaxing)
 .debug_line_str
                0x00000000000006d2       0xdf /tmp/ccTsiuGy.debug.temp.o
                                        0x12a (size before relaxing)
 .debug_line_str
                0x00000000000007b1       0x4b /tmp/ccBugJFk.debug.temp.o
                                        0x12a (size before relaxing)
 .debug_line_str
                0x00000000000007fc      0x33b /tmp/ccHBzvKy.debug.temp.o
                                        0x38f (size before relaxing)
 .debug_line_str
                0x0000000000000b37      0x17a /tmp/ccFrBLK5.debug.temp.o
                                        0x259 (size before relaxing)
 .debug_line_str
                0x0000000000000cb1       0xf1 /tmp/ccI8CXCc.debug.temp.o
                                        0x3dc (size before relaxing)
 .debug_line_str
                0x0000000000000da2      0x180 /tmp/ccFxroAk.debug.temp.o
                                        0x4bd (size before relaxing)
 .debug_line_str
                0x0000000000000f22       0x5b /tmp/cc8LKdAH.debug.temp.o
                                        0x2a5 (size before relaxing)
 .debug_line_str
                0x0000000000000f7d      0x133 /tmp/cckxiM2g.debug.temp.o
                                        0x23a (size before relaxing)
 .debug_line_str
                0x00000000000010b0       0x54 /tmp/ccWkpmYe.debug.temp.o
                                        0x265 (size before relaxing)
 .debug_line_str
                0x0000000000001104       0x3d /tmp/ccdPZRCb.debug.temp.o
                                        0x174 (size before relaxing)
 .debug_line_str
                0x0000000000001141       0xf3 /tmp/cc9Ka7UY.debug.temp.o
                                        0x23a (size before relaxing)
 .debug_line_str
                0x0000000000001234       0x54 /tmp/cc7hXmdn.debug.temp.o
                                        0x1cd (size before relaxing)
 .debug_line_str
                0x0000000000001288       0x51 /tmp/ccfLar17.debug.temp.o
                                        0x1c7 (size before relaxing)
 .debug_line_str
                0x00000000000012d9      0x1a5 /tmp/cc6e6S3N.debug.temp.o
                                        0x2dd (size before relaxing)
 .debug_line_str
                0x000000000000147e       0xf2 /tmp/ccMcgIGg.debug.temp.o
                                        0x2cb (size before relaxing)
 .debug_line_str
                0x0000000000001570       0xfa /tmp/ccbAKQoD.debug.temp.o
                                        0x2e8 (size before relaxing)
 .debug_line_str
                0x000000000000166a      0x106 /tmp/ccBPPhIz.debug.temp.o
                                        0x2df (size before relaxing)
 .debug_line_str
                0x0000000000001770      0x172 /tmp/cc8tBPVX.debug.temp.o
                                        0x315 (size before relaxing)
 .debug_line_str
                0x00000000000018e2       0x66 /tmp/ccthbAXh.debug.temp.o
                                        0x1ca (size before relaxing)
 .debug_line_str
                0x0000000000001948      0x192 /tmp/ccXhRDPl.debug.temp.o
                                        0x3a1 (size before relaxing)
 .debug_line_str
                0x0000000000001ada       0x51 /tmp/ccPwZDrL.debug.temp.o
                                        0x390 (size before relaxing)
 .debug_line_str
                0x0000000000001b2b      0x181 /tmp/ccZdqqXz.debug.temp.o
                                        0x357 (size before relaxing)
 .debug_line_str
                0x0000000000001cac      0x211 /tmp/ccqkW7Af.debug.temp.o
                                        0x43d (size before relaxing)
 .debug_line_str
                0x0000000000001ebd      0x19d /tmp/cckR0A1l.debug.temp.o
                                        0x3a9 (size before relaxing)
 .debug_line_str
                0x000000000000205a      0x1ad /tmp/ccJn53bv.debug.temp.o
                                        0x480 (size before relaxing)
 .debug_line_str
                0x0000000000002207       0x44 /tmp/cc6kGgMN.debug.temp.o
                                        0x18d (size before relaxing)
 .debug_line_str
                0x000000000000224b      0x1df /tmp/ccNJkGju.debug.temp.o
                                        0x331 (size before relaxing)
 .debug_line_str
                0x000000000000242a       0xd9 /tmp/cc2uqCv4.debug.temp.o
                                        0x1de (size before relaxing)
 .debug_line_str
                0x0000000000002503       0xd4 /tmp/ccBw7HZa.debug.temp.o
                                        0x28a (size before relaxing)
 .debug_line_str
                0x00000000000025d7       0x49 /tmp/ccUtZJT9.debug.temp.o
                                        0x1a0 (size before relaxing)
 .debug_line_str
                0x0000000000002620       0xf2 /tmp/ccj6kgjj.debug.temp.o
                                        0x20e (size before relaxing)
 .debug_line_str
                0x0000000000002712       0xb6 /tmp/ccRqruo5.debug.temp.o
                                        0x173 (size before relaxing)

.debug_frame    0x0000000000000000      0xa30
 .debug_frame   0x0000000000000000      0xa30 /tmp/ccmvdpta.ltrans0.ltrans.o
