Archive member included to satisfy reference by file (symbol)

/home/parallels/Desktop/edk2-exynos7885/workspace/Build/EXYNOS7885Pkg/DEBUG_GCC5/AARCH64/ArmPkg/Library/CompilerIntrinsicsLib/CompilerIntrinsicsLib/OUTPUT/CompilerIntrinsicsLib.lib(memcpy.obj)
                              /home/parallels/Desktop/edk2/ArmPkg/Library/GccLto/liblto-aarch64.a (memcpy)
/home/parallels/Desktop/edk2-exynos7885/workspace/Build/EXYNOS7885Pkg/DEBUG_GCC5/AARCH64/ArmPkg/Library/CompilerIntrinsicsLib/CompilerIntrinsicsLib/OUTPUT/CompilerIntrinsicsLib.lib(memset.obj)
                              /home/parallels/Desktop/edk2/ArmPkg/Library/GccLto/liblto-aarch64.a (memset)
/home/parallels/Desktop/edk2-exynos7885/workspace/Build/EXYNOS7885Pkg/DEBUG_GCC5/AARCH64/MdePkg/Library/UefiDriverEntryPoint/UefiDriverEntryPoint/OUTPUT/UefiDriverEntryPoint.lib(DriverEntryPoint.obj)
                              (_ModuleEntryPoint)
/home/parallels/Desktop/edk2-exynos7885/workspace/Build/EXYNOS7885Pkg/DEBUG_GCC5/AARCH64/MdePkg/Library/BaseStackCheckLib/BaseStackCheckLib/OUTPUT/BaseStackCheckLib.lib(BaseStackCheckGcc.obj)
                              /home/parallels/Desktop/edk2/ArmPkg/Library/GccLto/liblto-aarch64.a (__stack_chk_fail)
/home/parallels/Desktop/edk2-exynos7885/workspace/Build/EXYNOS7885Pkg/DEBUG_GCC5/AARCH64/EXYNOS7885Pkg/Drivers/GraphicsConsoleDxe/GraphicsConsoleDxe/OUTPUT/GraphicsConsoleDxe.lib(AutoGen.obj)
                              DriverEntryPoint.obj (symbol from plugin) (ProcessLibraryConstructorList)
/home/parallels/Desktop/edk2-exynos7885/workspace/Build/EXYNOS7885Pkg/DEBUG_GCC5/AARCH64/EXYNOS7885Pkg/Drivers/GraphicsConsoleDxe/GraphicsConsoleDxe/OUTPUT/GraphicsConsoleDxe.lib(GraphicsConsole.obj)
                              AutoGen.obj (symbol from plugin) (InitializeGraphicsConsole)
/home/parallels/Desktop/edk2-exynos7885/workspace/Build/EXYNOS7885Pkg/DEBUG_GCC5/AARCH64/EXYNOS7885Pkg/Drivers/GraphicsConsoleDxe/GraphicsConsoleDxe/OUTPUT/GraphicsConsoleDxe.lib(ComponentName.obj)
                              GraphicsConsole.obj (symbol from plugin) (gGraphicsConsoleComponentName)
/home/parallels/Desktop/edk2-exynos7885/workspace/Build/EXYNOS7885Pkg/DEBUG_GCC5/AARCH64/EXYNOS7885Pkg/Drivers/GraphicsConsoleDxe/GraphicsConsoleDxe/OUTPUT/GraphicsConsoleDxe.lib(LaffStd.obj)
                              GraphicsConsole.obj (symbol from plugin) (mNarrowFontSize)
/home/parallels/Desktop/edk2-exynos7885/workspace/Build/EXYNOS7885Pkg/DEBUG_GCC5/AARCH64/MdePkg/Library/BaseLib/BaseLib/OUTPUT/BaseLib.lib(CpuDeadLoop.obj)
                              BaseStackCheckGcc.obj (symbol from plugin) (CpuDeadLoop)
/home/parallels/Desktop/edk2-exynos7885/workspace/Build/EXYNOS7885Pkg/DEBUG_GCC5/AARCH64/MdePkg/Library/BaseLib/BaseLib/OUTPUT/BaseLib.lib(Unaligned.obj)
                              GraphicsConsole.obj (symbol from plugin) (WriteUnaligned32)
/home/parallels/Desktop/edk2-exynos7885/workspace/Build/EXYNOS7885Pkg/DEBUG_GCC5/AARCH64/MdePkg/Library/BaseLib/BaseLib/OUTPUT/BaseLib.lib(SwitchStack.obj)
                              CpuDeadLoop.obj (symbol from plugin) (CpuPause)
/home/parallels/Desktop/edk2-exynos7885/workspace/Build/EXYNOS7885Pkg/DEBUG_GCC5/AARCH64/MdePkg/Library/BaseLib/BaseLib/OUTPUT/BaseLib.lib(CpuBreakpoint.obj)
                              BaseStackCheckGcc.obj (symbol from plugin) (CpuBreakpoint)
/home/parallels/Desktop/edk2-exynos7885/workspace/Build/EXYNOS7885Pkg/DEBUG_GCC5/AARCH64/MdePkg/Library/BaseLib/BaseLib/OUTPUT/BaseLib.lib(RShiftU64.obj)
                              Unaligned.obj (symbol from plugin) (RShiftU64)
/home/parallels/Desktop/edk2-exynos7885/workspace/Build/EXYNOS7885Pkg/DEBUG_GCC5/AARCH64/MdePkg/Library/BaseLib/BaseLib/OUTPUT/BaseLib.lib(LShiftU64.obj)
                              Unaligned.obj (symbol from plugin) (LShiftU64)
/home/parallels/Desktop/edk2-exynos7885/workspace/Build/EXYNOS7885Pkg/DEBUG_GCC5/AARCH64/MdePkg/Library/BaseLib/BaseLib/OUTPUT/BaseLib.lib(Math64.obj)
                              LShiftU64.obj (symbol from plugin) (InternalMathLShiftU64)
/home/parallels/Desktop/edk2-exynos7885/workspace/Build/EXYNOS7885Pkg/DEBUG_GCC5/AARCH64/MdePkg/Library/BaseLib/BaseLib/OUTPUT/BaseLib.lib(SwapBytes32.obj)
                              Math64.obj (symbol from plugin) (SwapBytes32)
/home/parallels/Desktop/edk2-exynos7885/workspace/Build/EXYNOS7885Pkg/DEBUG_GCC5/AARCH64/MdePkg/Library/BaseLib/BaseLib/OUTPUT/BaseLib.lib(SwapBytes16.obj)
                              SwapBytes32.obj (symbol from plugin) (SwapBytes16)
/home/parallels/Desktop/edk2-exynos7885/workspace/Build/EXYNOS7885Pkg/DEBUG_GCC5/AARCH64/MdePkg/Library/DxePcdLib/DxePcdLib/OUTPUT/DxePcdLib.lib(DxePcdLib.obj)
                              GraphicsConsole.obj (symbol from plugin) (LibPcdGet32)
/home/parallels/Desktop/edk2-exynos7885/workspace/Build/EXYNOS7885Pkg/DEBUG_GCC5/AARCH64/MdePkg/Library/BaseMemoryLibOptDxe/BaseMemoryLibOptDxe/OUTPUT/BaseMemoryLibOptDxe.lib(CopyMemWrapper.obj)
[...]
Memory Configuration

Name             Origin             Length             Attributes
*default*        0x0000000000000000 0xffffffffffffffff

Linker script and memory map

LOAD /home/parallels/Desktop/edk2/ArmPkg/Library/GccLto/liblto-aarch64.a
START GROUP
LOAD /tmp/ccdHImef.ltrans0.ltrans.o
LOAD /tmp/ccvCLjQd.debug.temp.o
LOAD /tmp/ccLMZM6f.debug.temp.o
LOAD /tmp/cckkkrAa.debug.temp.o
LOAD /tmp/cclq5k9i.debug.temp.o
LOAD /tmp/ccTbm3sR.debug.temp.o
LOAD /tmp/ccGrsxD4.debug.temp.o
LOAD /tmp/ccdS3eTk.debug.temp.o
LOAD /tmp/ccb2zNrT.debug.temp.o
LOAD /tmp/ccj5K98H.debug.temp.o
LOAD /tmp/ccLx2BIB.debug.temp.o
LOAD /tmp/ccbWyIGi.debug.temp.o
LOAD /tmp/ccWUOZgA.debug.temp.o
LOAD /tmp/ccJjH1Pa.debug.temp.o
LOAD /tmp/cck7DrTP.debug.temp.o
LOAD /tmp/ccecSR7K.debug.temp.o
LOAD /tmp/cc1NOh1H.debug.temp.o
LOAD /tmp/ccOGlA36.debug.temp.o
LOAD /tmp/ccDphS3y.debug.temp.o
LOAD /tmp/ccSZN168.debug.temp.o
LOAD /tmp/cc06hUih.debug.temp.o
LOAD /tmp/cc2MN3o5.debug.temp.o
LOAD /tmp/cciJDbgo.debug.temp.o
LOAD /tmp/ccPpqNnT.debug.temp.o
LOAD /tmp/ccmvk9LK.debug.temp.o
LOAD /tmp/ccsjQd8O.debug.temp.o
LOAD /tmp/ccNrouyO.debug.temp.o
LOAD /tmp/ccJ4mtyk.debug.temp.o
LOAD /tmp/ccBjWEsI.debug.temp.o
LOAD /tmp/ccratOk3.debug.temp.o
LOAD /tmp/ccNE44OW.debug.temp.o
LOAD /tmp/ccuhVAI0.debug.temp.o
LOAD /tmp/cch2RhdE.debug.temp.o
LOAD /tmp/cc31jDwh.debug.temp.o
LOAD /tmp/cczZqTm9.debug.temp.o
LOAD /tmp/ccxn47NU.debug.temp.o
LOAD /tmp/ccV8Uzuy.debug.temp.o
LOAD /tmp/ccEeHt9C.debug.temp.o
LOAD /tmp/ccrbGwj3.debug.temp.o
LOAD /tmp/cc9pc2t3.debug.temp.o
LOAD /tmp/ccD8ozkt.debug.temp.o
LOAD /tmp/cccGToEN.debug.temp.o
LOAD /tmp/ccmDoGgB.debug.temp.o
LOAD /tmp/ccVn5hVq.debug.temp.o
LOAD /tmp/ccOdoheg.debug.temp.o
LOAD /tmp/ccmnjweg.debug.temp.o
LOAD /tmp/cczrHvwO.debug.temp.o
LOAD /tmp/ccGu9g4S.debug.temp.o
LOAD /tmp/ccjwfqLk.debug.temp.o
LOAD /tmp/ccOPsu3m.debug.temp.o
LOAD /tmp/ccNZbrFY.debug.temp.o
LOAD /tmp/ccbgkrDT.debug.temp.o
LOAD /tmp/cckqidiF.debug.temp.o
LOAD /home/parallels/Desktop/edk2-exynos7885/workspace/Build/EXYNOS7885Pkg/DEBUG_GCC5/AARCH64/EXYNOS7885Pkg/Drivers/GraphicsConsoleDxe/GraphicsConsoleDxe/OUTPUT/GraphicsConsoleDxe.lib
LOAD /home/parallels/Desktop/edk2-exynos7885/workspace/Build/EXYNOS7885Pkg/DEBUG_GCC5/AARCH64/MdePkg/Library/BaseLib/BaseLib/OUTPUT/BaseLib.lib
LOAD /home/parallels/Desktop/edk2-exynos7885/workspace/Build/EXYNOS7885Pkg/DEBUG_GCC5/AARCH64/MdePkg/Library/DxePcdLib/DxePcdLib/OUTPUT/DxePcdLib.lib
LOAD /home/parallels/Desktop/edk2-exynos7885/workspace/Build/EXYNOS7885Pkg/DEBUG_GCC5/AARCH64/MdePkg/Library/BaseMemoryLibOptDxe/BaseMemoryLibOptDxe/OUTPUT/BaseMemoryLibOptDxe.lib
LOAD /home/parallels/Desktop/edk2-exynos7885/workspace/Build/EXYNOS7885Pkg/DEBUG_GCC5/AARCH64/ArmPkg/Library/ArmLib/ArmBaseLib/OUTPUT/ArmBaseLib.lib
LOAD /home/parallels/Desktop/edk2-exynos7885/workspace/Build/EXYNOS7885Pkg/DEBUG_GCC5/AARCH64/MdePkg/Library/RegisterFilterLibNull/RegisterFilterLibNull/OUTPUT/FilterLibNull.lib
LOAD /home/parallels/Desktop/edk2-exynos7885/workspace/Build/EXYNOS7885Pkg/DEBUG_GCC5/AARCH64/ArmPkg/Library/ArmCacheMaintenanceLib/ArmCacheMaintenanceLib/OUTPUT/ArmCacheMaintenanceLib.lib
LOAD /home/parallels/Desktop/edk2-exynos7885/workspace/Build/EXYNOS7885Pkg/DEBUG_GCC5/AARCH64/MdePkg/Library/BaseIoLibIntrinsic/BaseIoLibIntrinsic/OUTPUT/BaseIoLibIntrinsic.lib
LOAD /home/parallels/Desktop/edk2-exynos7885/workspace/Build/EXYNOS7885Pkg/DEBUG_GCC5/AARCH64/ArmPkg/Library/CompilerIntrinsicsLib/CompilerIntrinsicsLib/OUTPUT/CompilerIntrinsicsLib.lib
LOAD /home/parallels/Desktop/edk2-exynos7885/workspace/Build/EXYNOS7885Pkg/DEBUG_GCC5/AARCH64/MdePkg/Library/BaseDebugPrintErrorLevelLib/BaseDebugPrintErrorLevelLib/OUTPUT/BaseDebugPrintErrorLevelLib.lib
LOAD /home/parallels/Desktop/edk2-exynos7885/workspace/Build/EXYNOS7885Pkg/DEBUG_GCC5/AARCH64/EXYNOS7885Pkg/Library/FrameBufferSerialPortLib/FrameBufferSerialPortLib/OUTPUT/FrameBufferSerialPortLib.lib
LOAD /home/parallels/Desktop/edk2-exynos7885/workspace/Build/EXYNOS7885Pkg/DEBUG_GCC5/AARCH64/MdePkg/Library/BasePrintLib/BasePrintLib/OUTPUT/BasePrintLib.lib
LOAD /home/parallels/Desktop/edk2-exynos7885/workspace/Build/EXYNOS7885Pkg/DEBUG_GCC5/AARCH64/MdePkg/Library/BaseDebugLibSerialPort/BaseDebugLibSerialPort/OUTPUT/BaseDebugLibSerialPort.lib
LOAD /home/parallels/Desktop/edk2-exynos7885/workspace/Build/EXYNOS7885Pkg/DEBUG_GCC5/AARCH64/MdePkg/Library/UefiMemoryAllocationLib/UefiMemoryAllocationLib/OUTPUT/UefiMemoryAllocationLib.lib
LOAD /home/parallels/Desktop/edk2-exynos7885/workspace/Build/EXYNOS7885Pkg/DEBUG_GCC5/AARCH64/MdePkg/Library/UefiRuntimeServicesTableLib/UefiRuntimeServicesTableLib/OUTPUT/UefiRuntimeServicesTableLib.lib
LOAD /home/parallels/Desktop/edk2-exynos7885/workspace/Build/EXYNOS7885Pkg/DEBUG_GCC5/AARCH64/MdePkg/Library/UefiDevicePathLib/UefiDevicePathLib/OUTPUT/UefiDevicePathLib.lib
LOAD /home/parallels/Desktop/edk2-exynos7885/workspace/Build/EXYNOS7885Pkg/DEBUG_GCC5/AARCH64/MdePkg/Library/UefiBootServicesTableLib/UefiBootServicesTableLib/OUTPUT/UefiBootServicesTableLib.lib
LOAD /home/parallels/Desktop/edk2-exynos7885/workspace/Build/EXYNOS7885Pkg/DEBUG_GCC5/AARCH64/MdePkg/Library/UefiLib/UefiLib/OUTPUT/UefiLib.lib
LOAD /home/parallels/Desktop/edk2-exynos7885/workspace/Build/EXYNOS7885Pkg/DEBUG_GCC5/AARCH64/MdePkg/Library/DxeHobLib/DxeHobLib/OUTPUT/DxeHobLib.lib
LOAD /home/parallels/Desktop/edk2-exynos7885/workspace/Build/EXYNOS7885Pkg/DEBUG_GCC5/AARCH64/MdeModulePkg/Library/UefiHiiServicesLib/UefiHiiServicesLib/OUTPUT/UefiHiiServicesLib.lib
LOAD /home/parallels/Desktop/edk2-exynos7885/workspace/Build/EXYNOS7885Pkg/DEBUG_GCC5/AARCH64/MdePkg/Library/UefiDriverEntryPoint/UefiDriverEntryPoint/OUTPUT/UefiDriverEntryPoint.lib
LOAD /home/parallels/Desktop/edk2-exynos7885/workspace/Build/EXYNOS7885Pkg/DEBUG_GCC5/AARCH64/MdeModulePkg/Library/UefiHiiLib/UefiHiiLib/OUTPUT/UefiHiiLib.lib
LOAD /home/parallels/Desktop/edk2-exynos7885/workspace/Build/EXYNOS7885Pkg/DEBUG_GCC5/AARCH64/MdePkg/Library/BaseStackCheckLib/BaseStackCheckLib/OUTPUT/BaseStackCheckLib.lib
END GROUP
                0x0000000000000228                . = PECOFF_HEADER_SIZE

.gnu.version_d  0x0000000000000228        0x0
 .gnu.version_d
                0x0000000000000228        0x0 /home/parallels/Desktop/edk2/ArmPkg/Library/GccLto/liblto-aarch64.a

.gnu.version    0x0000000000000228        0x0
 .gnu.version   0x0000000000000228        0x0 /home/parallels/Desktop/edk2/ArmPkg/Library/GccLto/liblto-aarch64.a

.gnu.version_r  0x0000000000000228        0x0
 .gnu.version_r
                0x0000000000000228        0x0 /home/parallels/Desktop/edk2/ArmPkg/Library/GccLto/liblto-aarch64.a

.text           0x0000000000001000     0x5118
 *(.text .text.* .stub .gnu.linkonce.t.*)
 .text.DebugPrintLevelEnabled
                0x0000000000001000        0x8 /tmp/ccdHImef.ltrans0.ltrans.o
 .text.GraphicsConsoleControllerDriverSupported
                0x0000000000001008      0x19c /tmp/ccdHImef.ltrans0.ltrans.o
 .text.GraphicsConsoleConOutReset
                0x00000000000011a4       0x50 /tmp/ccdHImef.ltrans0.ltrans.o
 .text.DebugAssertEnabled
                0x00000000000011f4        0x8 /tmp/ccdHImef.ltrans0.ltrans.o
 .text.DebugPrintEnabled
                0x00000000000011fc        0x8 /tmp/ccdHImef.ltrans0.ltrans.o
 .text.DebugCodeEnabled
                0x0000000000001204        0x8 /tmp/ccdHImef.ltrans0.ltrans.o
 .text.AsciiStrnLenS
                0x000000000000120c       0x3c /tmp/ccdHImef.ltrans0.ltrans.o
 .text.BasePrintLibFillBuffer
                0x0000000000001248       0x34 /tmp/ccdHImef.ltrans0.ltrans.o
 .text.InternalAllocatePool.constprop.0
                0x000000000000127c       0x64 /tmp/ccdHImef.ltrans0.ltrans.o
 .text.GetTextColors.isra.0
                0x00000000000012e0       0x28 /tmp/ccdHImef.ltrans0.ltrans.o
 .text.BaseDebugLibSerialPortConstructor
                0x0000000000001308       0x84 /tmp/ccdHImef.ltrans0.ltrans.o
 .text.FbConFlush
                0x000000000000138c       0x58 /tmp/ccdHImef.ltrans0.ltrans.o
 .text.SerialPortWrite.isra.0
                0x00000000000013e4      0x3f0 /tmp/ccdHImef.ltrans0.ltrans.o
 .text.DebugAssert
                0x00000000000017d4       0x78 /tmp/ccdHImef.ltrans0.ltrans.o
 .text.GraphicsConsoleConOutQueryMode
                0x000000000000184c       0xfc /tmp/ccdHImef.ltrans0.ltrans.o
 .text.ReadUnaligned16
                0x0000000000001948       0x5c /tmp/ccdHImef.ltrans0.ltrans.o
 .text.ReadUnaligned32
                0x00000000000019a4       0x50 /tmp/ccdHImef.ltrans0.ltrans.o
 .text.CopyMem  0x00000000000019f4       0x9c /tmp/ccdHImef.ltrans0.ltrans.o
 .text.AsciiStrLen
                0x0000000000001a90       0x90 /tmp/ccdHImef.ltrans0.ltrans.o
 .text.ZeroMem  0x0000000000001b20       0x74 /tmp/ccdHImef.ltrans0.ltrans.o
 .text.AllocateZeroPool
                0x0000000000001b94       0x34 /tmp/ccdHImef.ltrans0.ltrans.o
 .text.InternalAllocateCopyPool.constprop.0
                0x0000000000001bc8       0x8c /tmp/ccdHImef.ltrans0.ltrans.o
 .text.CopyGuid.constprop.0
                0x0000000000001c54       0x10 /tmp/ccdHImef.ltrans0.ltrans.o
 .text.BasePrintLibSPrintMarker.constprop.0
                0x0000000000001c64      0xbc8 /tmp/ccdHImef.ltrans0.ltrans.o
 .text.DebugPrint
                0x000000000000282c       0xb8 /tmp/ccdHImef.ltrans0.ltrans.o
 .text.LibPcdGet32
                0x00000000000028e4       0xd0 /tmp/ccdHImef.ltrans0.ltrans.o
 .text.FreePool
                0x00000000000029b4       0x7c /tmp/ccdHImef.ltrans0.ltrans.o
 .text.GraphicsConsoleControllerDriverStop
                0x0000000000002a30      0x15c /tmp/ccdHImef.ltrans0.ltrans.o
 .text.CheckModeSupported
                0x0000000000002b8c      0x130 /tmp/ccdHImef.ltrans0.ltrans.o
 .text.GraphicsConsoleControllerDriverStart
                0x0000000000002cbc      0x63c /tmp/ccdHImef.ltrans0.ltrans.o
 .text.GraphicsConsoleConOutTestString
                0x00000000000032f8       0xac /tmp/ccdHImef.ltrans0.ltrans.o
 .text.HiiAddPackages.constprop.0
                0x00000000000033a4      0x1ac /tmp/ccdHImef.ltrans0.ltrans.o
 .text.AsciiSPrint.constprop.0
                0x0000000000003550       0xa8 /tmp/ccdHImef.ltrans0.ltrans.o
 .text.BasePrintLibSPrint.constprop.0
                0x00000000000035f8       0x94 /tmp/ccdHImef.ltrans0.ltrans.o
 .text.WriteUnaligned16.isra.0
                0x000000000000368c       0x4c /tmp/ccdHImef.ltrans0.ltrans.o
 .text.WriteUnaligned32.isra.0
                0x00000000000036d8       0x50 /tmp/ccdHImef.ltrans0.ltrans.o
 .text.RegisterFontPackage
                0x0000000000003728      0x114 /tmp/ccdHImef.ltrans0.ltrans.o
 .text.FlushCursor.isra.0
                0x000000000000383c      0x200 /tmp/ccdHImef.ltrans0.ltrans.o
 .text.GraphicsConsoleConOutOutputString
                0x0000000000003a3c      0x7c0 /tmp/ccdHImef.ltrans0.ltrans.o
 .text.GraphicsConsoleConOutSetMode
                0x00000000000041fc      0x294 /tmp/ccdHImef.ltrans0.ltrans.o
 .text.GraphicsConsoleConOutSetAttribute
                0x0000000000004490       0x8c /tmp/ccdHImef.ltrans0.ltrans.o
 .text.GraphicsConsoleConOutClearScreen
                0x000000000000451c      0x180 /tmp/ccdHImef.ltrans0.ltrans.o
 .text.GraphicsConsoleConOutSetCursorPosition
                0x000000000000469c      0x130 /tmp/ccdHImef.ltrans0.ltrans.o
 .text.GraphicsConsoleConOutEnableCursor
                0x00000000000047cc       0x84 /tmp/ccdHImef.ltrans0.ltrans.o
 .text.CompareGuid.constprop.0
                0x0000000000004850       0x44 /tmp/ccdHImef.ltrans0.ltrans.o
 .text.memcpy   0x0000000000004894       0x20 /tmp/ccdHImef.ltrans0.ltrans.o
                0x0000000000004894                memcpy
 .text._ModuleEntryPoint
                0x00000000000048b4      0x564 /tmp/ccdHImef.ltrans0.ltrans.o
                0x00000000000048b4                _ModuleEntryPoint
 .text.__stack_chk_fail
                0x0000000000004e18       0x40 /tmp/ccdHImef.ltrans0.ltrans.o
                0x0000000000004e18                __stack_chk_fail
 *fill*         0x0000000000004e58        0x8 
 .text          0x0000000000004e60      0x218 /home/parallels/Desktop/edk2-exynos7885/workspace/Build/EXYNOS7885Pkg/DEBUG_GCC5/AARCH64/MdePkg/Library/BaseMemoryLibOptDxe/BaseMemoryLibOptDxe/OUTPUT/BaseMemoryLibOptDxe.lib(CopyMem.obj)
                0x0000000000004fcc                InternalMemCopyMem
 *fill*         0x0000000000005078        0x8 
 .text          0x0000000000005080      0x200 /home/parallels/Desktop/edk2-exynos7885/workspace/Build/EXYNOS7885Pkg/DEBUG_GCC5/AARCH64/MdePkg/Library/BaseMemoryLibOptDxe/BaseMemoryLibOptDxe/OUTPUT/BaseMemoryLibOptDxe.lib(SetMem.obj)
                0x0000000000005080                InternalMemSetMem16
                0x000000000000508c                InternalMemSetMem32
                0x0000000000005098                InternalMemSetMem64
                0x00000000000050a4                InternalMemZeroMem
                0x00000000000050ac                InternalMemSetMem
 .text          0x0000000000005280       0x20 /home/parallels/Desktop/edk2-exynos7885/workspace/Build/EXYNOS7885Pkg/DEBUG_GCC5/AARCH64/MdePkg/Library/BaseMemoryLibOptDxe/BaseMemoryLibOptDxe/OUTPUT/BaseMemoryLibOptDxe.lib(CompareGuid.obj)
                0x0000000000005280                InternalMemCompareGuid
 .text.ArmCacheInfo
                0x00000000000052a0        0x8 /home/parallels/Desktop/edk2-exynos7885/workspace/Build/EXYNOS7885Pkg/DEBUG_GCC5/AARCH64/ArmPkg/Library/ArmLib/ArmBaseLib/OUTPUT/ArmBaseLib.lib(ArmLibSupport.obj)
                0x00000000000052a0                ArmCacheInfo
 .text.ArmGetInterruptState
                0x00000000000052a8       0x10 /home/parallels/Desktop/edk2-exynos7885/workspace/Build/EXYNOS7885Pkg/DEBUG_GCC5/AARCH64/ArmPkg/Library/ArmLib/ArmBaseLib/OUTPUT/ArmBaseLib.lib(ArmLibSupport.obj)
                0x00000000000052a8                ArmGetInterruptState
 .text.ArmEnableInterrupts
                0x00000000000052b8        0xc /home/parallels/Desktop/edk2-exynos7885/workspace/Build/EXYNOS7885Pkg/DEBUG_GCC5/AARCH64/ArmPkg/Library/ArmLib/ArmBaseLib/OUTPUT/ArmBaseLib.lib(ArmLibSupportV8.obj)
                0x00000000000052b8                ArmEnableInterrupts
 .text.ArmDisableInterrupts
                0x00000000000052c4        0xc /home/parallels/Desktop/edk2-exynos7885/workspace/Build/EXYNOS7885Pkg/DEBUG_GCC5/AARCH64/ArmPkg/Library/ArmLib/ArmBaseLib/OUTPUT/ArmBaseLib.lib(ArmLibSupportV8.obj)
                0x00000000000052c4                ArmDisableInterrupts
 .text.ArmCleanInvalidateDataCacheEntryByMVA
                0x00000000000052d0        0x8 /home/parallels/Desktop/edk2-exynos7885/workspace/Build/EXYNOS7885Pkg/DEBUG_GCC5/AARCH64/ArmPkg/Library/ArmLib/ArmBaseLib/OUTPUT/ArmBaseLib.lib(AArch64Support.obj)
                0x00000000000052d0                ArmCleanInvalidateDataCacheEntryByMVA
 .text.ArmDataSynchronizationBarrier
                0x00000000000052d8        0x8 /home/parallels/Desktop/edk2-exynos7885/workspace/Build/EXYNOS7885Pkg/DEBUG_GCC5/AARCH64/ArmPkg/Library/ArmLib/ArmBaseLib/OUTPUT/ArmBaseLib.lib(AArch64Support.obj)
                0x00000000000052d8                ArmDataSynchronizationBarrier
 *(.rodata .rodata.* .gnu.linkonce.r.*)
 .rodata.DebugAssert.str1.1
                0x00000000000052e0       0x2b /tmp/ccdHImef.ltrans0.ltrans.o
 .rodata.GraphicsConsoleConOutQueryMode.str1.1
                0x000000000000530b       0x78 /tmp/ccdHImef.ltrans0.ltrans.o
 .rodata.ReadUnaligned16.str1.1
                0x0000000000005383       0x44 /tmp/ccdHImef.ltrans0.ltrans.o
                                         0x5b (size before relaxing)
 .rodata.CopyMem.str1.1
                0x00000000000053c7       0xd2 /tmp/ccdHImef.ltrans0.ltrans.o
 .rodata.AsciiStrLen.str1.1
                0x0000000000005499       0x8c /tmp/ccdHImef.ltrans0.ltrans.o
 .rodata.ZeroMem.str1.1
                0x0000000000005525       0x87 /tmp/ccdHImef.ltrans0.ltrans.o
 .rodata.InternalAllocateCopyPool.constprop.0.str1.1
                0x00000000000055ac       0x98 /tmp/ccdHImef.ltrans0.ltrans.o
 .rodata.BasePrintLibSPrintMarker.constprop.0.str1.1
                0x0000000000005644      0x17c /tmp/ccdHImef.ltrans0.ltrans.o
 .rodata.BasePrintLibSPrintMarker.constprop.0
                0x00000000000057c0       0x5e /tmp/ccdHImef.ltrans0.ltrans.o
 .rodata.LibPcdGet32.str1.1
                0x000000000000581e       0x9f /tmp/ccdHImef.ltrans0.ltrans.o
 .rodata.GraphicsConsoleControllerDriverStart.str1.1
                0x00000000000058bd       0xbd /tmp/ccdHImef.ltrans0.ltrans.o
 .rodata.RegisterFontPackage.str1.1
                0x000000000000597a       0x33 /tmp/ccdHImef.ltrans0.ltrans.o
 .rodata.GraphicsConsoleConOutOutputString.str1.1
                0x00000000000059ad       0x37 /tmp/ccdHImef.ltrans0.ltrans.o
 .rodata.CompareGuid.constprop.0.str1.1
                0x00000000000059e4       0x67 /tmp/ccdHImef.ltrans0.ltrans.o
 .rodata._ModuleEntryPoint.str1.1
                0x0000000000005a4b      0x30a /tmp/ccdHImef.ltrans0.ltrans.o
 .rodata.__stack_chk_fail.str1.1
                0x0000000000005d55       0x2e /tmp/ccdHImef.ltrans0.ltrans.o
 .rodata.mCursorGlyph
                0x0000000000005d83       0x16 /tmp/ccdHImef.ltrans0.ltrans.o
 .rodata.mEndOfPakageList
                0x0000000000005d99        0x4 /tmp/ccdHImef.ltrans0.ltrans.o
 .rodata.mErrorString
                0x0000000000005d9d      0x2b5 /tmp/ccdHImef.ltrans0.ltrans.o
 .rodata.mHexStr
                0x0000000000006052       0x10 /tmp/ccdHImef.ltrans0.ltrans.o
 .rodata.mWarningString
                0x0000000000006062       0x96 /tmp/ccdHImef.ltrans0.ltrans.o
 *(.got .got.*)
 .got           0x00000000000060f8        0x8 /home/parallels/Desktop/edk2/ArmPkg/Library/GccLto/liblto-aarch64.a
                0x00000000000060f8                _GLOBAL_OFFSET_TABLE_
 .got.plt       0x0000000000006100       0x18 /home/parallels/Desktop/edk2/ArmPkg/Library/GccLto/liblto-aarch64.a
 *:AutoGen.obj(.data.g*Guid)

.plt            0x0000000000006118        0x0
 .plt           0x0000000000006118        0x0 /home/parallels/Desktop/edk2/ArmPkg/Library/GccLto/liblto-aarch64.a

.data           0x0000000000007000     0x1b58
 *(.data .data.* .gnu.linkonce.d.*)
 .data.rel.ro   0x0000000000007000        0x0 /home/parallels/Desktop/edk2/ArmPkg/Library/GccLto/liblto-aarch64.a
 .data.SpaceStr
                0x0000000000007000        0x6 /tmp/ccdHImef.ltrans0.ltrans.o
 *fill*         0x0000000000007006        0x2 
 .data.__stack_chk_guard
                0x0000000000007008        0x8 /tmp/ccdHImef.ltrans0.ltrans.o
                0x0000000000007008                __stack_chk_guard
 .data.font5x12
                0x0000000000007010      0x300 /tmp/ccdHImef.ltrans0.ltrans.o
 .data.gEfiDevicePathProtocolGuid
                0x0000000000007310       0x10 /tmp/ccdHImef.ltrans0.ltrans.o
 .data.gEfiDriverBindingProtocolGuid
                0x0000000000007320       0x10 /tmp/ccdHImef.ltrans0.ltrans.o
 .data.gEfiGraphicsOutputProtocolGuid
                0x0000000000007330       0x10 /tmp/ccdHImef.ltrans0.ltrans.o
 .data.gEfiHiiConfigRoutingProtocolGuid
                0x0000000000007340       0x10 /tmp/ccdHImef.ltrans0.ltrans.o
 .data.gEfiHiiDatabaseProtocolGuid
                0x0000000000007350       0x10 /tmp/ccdHImef.ltrans0.ltrans.o
 .data.gEfiHiiFontProtocolGuid
                0x0000000000007360       0x10 /tmp/ccdHImef.ltrans0.ltrans.o
 .data.gEfiHiiImageProtocolGuid
                0x0000000000007370       0x10 /tmp/ccdHImef.ltrans0.ltrans.o
 .data.gEfiHiiStringProtocolGuid
                0x0000000000007380       0x10 /tmp/ccdHImef.ltrans0.ltrans.o
 .data.gEfiHobListGuid
                0x0000000000007390       0x10 /tmp/ccdHImef.ltrans0.ltrans.o
 .data.gEfiSimpleTextOutProtocolGuid
                0x00000000000073a0       0x10 /tmp/ccdHImef.ltrans0.ltrans.o
 .data.gEfiUgaDrawProtocolGuid
                0x00000000000073b0       0x10 /tmp/ccdHImef.ltrans0.ltrans.o
 .data.gGraphicsConsoleDriverBinding
                0x00000000000073c0       0x30 /tmp/ccdHImef.ltrans0.ltrans.o
 .data.gPcdProtocolGuid
                0x00000000000073f0       0x10 /tmp/ccdHImef.ltrans0.ltrans.o
 .data.gUsStdNarrowGlyphData
                0x0000000000007400     0x14cc /tmp/ccdHImef.ltrans0.ltrans.o
 .data.mCrLfString
                0x00000000000088cc        0x6 /tmp/ccdHImef.ltrans0.ltrans.o
 *fill*         0x00000000000088d2        0x2 
 .data.mFontPackageListGuid
                0x00000000000088d4       0x10 /tmp/ccdHImef.ltrans0.ltrans.o
 *fill*         0x00000000000088e4        0x4 
 .data.mGraphicsConsoleDevTemplate
                0x00000000000088e8       0x90 /tmp/ccdHImef.ltrans0.ltrans.o
 .data.mGraphicsConsoleModeData
                0x0000000000008978       0xf0 /tmp/ccdHImef.ltrans0.ltrans.o
 .data.mGraphicsEfiColors
                0x0000000000008a68       0x40 /tmp/ccdHImef.ltrans0.ltrans.o
 *(.bss .bss.*)
 .bss.gBS       0x0000000000008aa8        0x8 /tmp/ccdHImef.ltrans0.ltrans.o
 .bss.gHiiConfigRouting
                0x0000000000008ab0        0x8 /tmp/ccdHImef.ltrans0.ltrans.o
 .bss.gHiiDatabase
                0x0000000000008ab8        0x8 /tmp/ccdHImef.ltrans0.ltrans.o
 .bss.gHiiFont  0x0000000000008ac0        0x8 /tmp/ccdHImef.ltrans0.ltrans.o
 .bss.gHiiImage
                0x0000000000008ac8        0x8 /tmp/ccdHImef.ltrans0.ltrans.o
 .bss.gHiiString
                0x0000000000008ad0        0x8 /tmp/ccdHImef.ltrans0.ltrans.o
 .bss.gImageHandle
                0x0000000000008ad8        0x8 /tmp/ccdHImef.ltrans0.ltrans.o
 .bss.gRT       0x0000000000008ae0        0x8 /tmp/ccdHImef.ltrans0.ltrans.o
 .bss.gST       0x0000000000008ae8        0x8 /tmp/ccdHImef.ltrans0.ltrans.o
 .bss.mHiiDatabase
                0x0000000000008af0        0x8 /tmp/ccdHImef.ltrans0.ltrans.o
 .bss.mHiiFont  0x0000000000008af8        0x8 /tmp/ccdHImef.ltrans0.ltrans.o
 .bss.mHiiHandle
                0x0000000000008b00        0x8 /tmp/ccdHImef.ltrans0.ltrans.o
 .bss.mHiiRegistration
                0x0000000000008b08        0x8 /tmp/ccdHImef.ltrans0.ltrans.o
 .bss.mHobList  0x0000000000008b10        0x8 /tmp/ccdHImef.ltrans0.ltrans.o
 .bss.mPcd      0x0000000000008b18        0x8 /tmp/ccdHImef.ltrans0.ltrans.o
 .bss.m_Color   0x0000000000008b20       0x10 /tmp/ccdHImef.ltrans0.ltrans.o
 .bss.m_Initialized
                0x0000000000008b30        0x1 /tmp/ccdHImef.ltrans0.ltrans.o
 *fill*         0x0000000000008b31        0x7 
 .bss.m_MaxPosition
                0x0000000000008b38       0x10 /tmp/ccdHImef.ltrans0.ltrans.o
 .bss.m_Position
                0x0000000000008b48       0x10 /tmp/ccdHImef.ltrans0.ltrans.o

.dynbss         0x0000000000008b58        0x0
 .dynbss        0x0000000000008b58        0x0 /home/parallels/Desktop/edk2/ArmPkg/Library/GccLto/liblto-aarch64.a

.eh_frame
 *(.eh_frame)

.rela           0x0000000000008b58      0x120
 *(.rela .rela.*)
 .rela.got      0x0000000000008b58        0x0 /home/parallels/Desktop/edk2/ArmPkg/Library/GccLto/liblto-aarch64.a
 .rela.plt      0x0000000000008b58        0x0 /home/parallels/Desktop/edk2/ArmPkg/Library/GccLto/liblto-aarch64.a
 .rela.bss      0x0000000000008b58        0x0 /home/parallels/Desktop/edk2/ArmPkg/Library/GccLto/liblto-aarch64.a
 .rela.data.rel.ro
                0x0000000000008b58        0x0 /home/parallels/Desktop/edk2/ArmPkg/Library/GccLto/liblto-aarch64.a
 .rela.ifunc    0x0000000000008b58        0x0 /home/parallels/Desktop/edk2/ArmPkg/Library/GccLto/liblto-aarch64.a
 .rela.data.gGraphicsConsoleDriverBinding
                0x0000000000008b58       0x48 /home/parallels/Desktop/edk2/ArmPkg/Library/GccLto/liblto-aarch64.a
 .rela.data.mGraphicsConsoleDevTemplate
                0x0000000000008ba0       0xd8 /home/parallels/Desktop/edk2/ArmPkg/Library/GccLto/liblto-aarch64.a

.hii
 *(.hii)

.build-id       0x0000000000008c78       0x24
 *(.note.gnu.build-id)
 .note.gnu.build-id
                0x0000000000008c78       0x24 /home/parallels/Desktop/edk2/ArmPkg/Library/GccLto/liblto-aarch64.a

/DISCARD/
 *(.note.GNU-stack)
 *(.gnu_debuglink)
 *(.interp)
 *(.dynsym)
 *(.dynstr)
 *(.dynamic)
 *(.hash .gnu.hash)
 *(.comment)
                0x0000000000000228                PECOFF_HEADER_SIZE = 0x228
OUTPUT(/home/parallels/Desktop/edk2-exynos7885/workspace/Build/EXYNOS7885Pkg/DEBUG_GCC5/AARCH64/EXYNOS7885Pkg/Drivers/GraphicsConsoleDxe/GraphicsConsoleDxe/DEBUG/GraphicsConsoleDxe.dll elf64-littleaarch64)
LOAD linker stubs

.debug_info     0x0000000000000000    0x22751
 .debug_info    0x0000000000000000     0x4abf /tmp/ccdHImef.ltrans0.ltrans.o
 .debug_info    0x0000000000004abf       0xf2 /tmp/ccvCLjQd.debug.temp.o
                0x0000000000004abf                memcpy.c.ca7d7127
 .debug_info    0x0000000000004bb1       0xaf /tmp/ccLMZM6f.debug.temp.o
                0x0000000000004bb1                memset.c.8fcd00d9
 .debug_info    0x0000000000004c60     0x1944 /tmp/cckkkrAa.debug.temp.o
                0x0000000000004c60                DriverEntryPoint.c.a6382bfa
 .debug_info    0x00000000000065a4      0x12a /tmp/cclq5k9i.debug.temp.o
                0x00000000000065a4                BaseStackCheckGcc.c.69721062
 .debug_info    0x00000000000066ce     0x1e01 /tmp/ccTbm3sR.debug.temp.o
                0x00000000000066ce                AutoGen.c.b8ec433d
 .debug_info    0x00000000000084cf     0x3286 /tmp/ccGrsxD4.debug.temp.o
                0x00000000000084cf                GraphicsConsole.c.c8e82337
 .debug_info    0x000000000000b755      0x33e /tmp/ccdS3eTk.debug.temp.o
                0x000000000000b755                ComponentName.c.5ee943e2
 .debug_info    0x000000000000ba93      0x116 /tmp/ccb2zNrT.debug.temp.o
                0x000000000000ba93                LaffStd.c.02f3dec6
 .debug_info    0x000000000000bba9      0x288 /tmp/ccLx2BIB.debug.temp.o
                0x000000000000bba9                Unaligned.c.bee98f61
 .debug_info    0x000000000000be31      0x2d6 /tmp/ccJjH1Pa.debug.temp.o
                0x000000000000be31                Math64.c.3d5bb2b9
 .debug_info    0x000000000000c107     0x20d1 /tmp/cc1NOh1H.debug.temp.o
                0x000000000000c107                DxePcdLib.c.8f1ccdd8
 .debug_info    0x000000000000e1d8      0x119 /tmp/ccOGlA36.debug.temp.o
                0x000000000000e1d8                CopyMemWrapper.c.2d7cc1a5
 .debug_info    0x000000000000e2f1      0x3d4 /tmp/ccDphS3y.debug.temp.o
                0x000000000000e2f1                DebugLib.c.140d8a42
 .debug_info    0x000000000000e6c5     0x1359 /tmp/ccSZN168.debug.temp.o
                0x000000000000e6c5                MemoryAllocationLib.c.f1d55880
 .debug_info    0x000000000000fa1e     0x1739 /tmp/cc06hUih.debug.temp.o
                0x000000000000fa1e                UefiRuntimeServicesTableLib.c.21840ab8
 .debug_info    0x0000000000011157     0x1762 /tmp/cc2MN3o5.debug.temp.o
                0x0000000000011157                UefiBootServicesTableLib.c.c8c50134
 .debug_info    0x00000000000128b9     0x2035 /tmp/cciJDbgo.debug.temp.o
                0x00000000000128b9                UefiDriverModel.c.38ba2dc1
 .debug_info    0x00000000000148ee     0x25cc /tmp/ccPpqNnT.debug.temp.o
                0x00000000000148ee                UefiLib.c.a38e5737
 .debug_info    0x0000000000016eba     0x20ef /tmp/ccmvk9LK.debug.temp.o
                0x0000000000016eba                HobLib.c.aa4e26ff
 .debug_info    0x0000000000018fa9     0x2781 /tmp/ccsjQd8O.debug.temp.o
                0x0000000000018fa9                UefiHiiServicesLib.c.0aa0930c
 .debug_info    0x000000000001b72a     0x3cb6 /tmp/ccNrouyO.debug.temp.o
                0x000000000001b72a                HiiLib.c.3a5ab16f
 .debug_info    0x000000000001f3e0     0x10b0 /tmp/ccuhVAI0.debug.temp.o
                0x000000000001f3e0                SafeString.c.1357afb5
 .debug_info    0x0000000000020490      0x7a9 /tmp/cch2RhdE.debug.temp.o
                0x0000000000020490                String.c.d9166835
 .debug_info    0x0000000000020c39      0x22d /tmp/ccxn47NU.debug.temp.o
                0x0000000000020c39                MemLibGuid.c.2a8f9d16
 .debug_info    0x0000000000020e66      0x104 /tmp/ccV8Uzuy.debug.temp.o
                0x0000000000020e66                ZeroMemWrapper.c.f8654615
 .debug_info    0x0000000000020f6a      0x5bf /tmp/cccGToEN.debug.temp.o
                0x0000000000020f6a                FrameBufferSerialPortLib.c.02945832
 .debug_info    0x0000000000021529      0x5bf /tmp/ccmDoGgB.debug.temp.o
                0x0000000000021529                PrintLib.c.03e7575f
 .debug_info    0x0000000000021ae8      0x79c /tmp/ccVn5hVq.debug.temp.o
                0x0000000000021ae8                PrintLibInternal.c.4386dd4c
 .debug_info    0x0000000000022284      0x121 /tmp/ccNZbrFY.debug.temp.o
                0x0000000000022284                DivU64x32Remainder.c.51b74649
 .debug_info    0x00000000000223a5      0x25b /tmp/ccbgkrDT.debug.temp.o
                0x00000000000223a5                ArmCacheMaintenanceLib.c.e0d69149
 .debug_info    0x0000000000022600      0x151 /tmp/cckqidiF.debug.temp.o
                0x0000000000022600                ArmLib.c.e988afac

.debug_abbrev   0x0000000000000000     0x372a
 .debug_abbrev  0x0000000000000000      0x2b1 /tmp/ccdHImef.ltrans0.ltrans.o
 .debug_abbrev  0x00000000000002b1       0xaa /tmp/ccvCLjQd.debug.temp.o
 .debug_abbrev  0x000000000000035b       0x77 /tmp/ccLMZM6f.debug.temp.o
 .debug_abbrev  0x00000000000003d2      0x254 /tmp/cckkkrAa.debug.temp.o
 .debug_abbrev  0x0000000000000626       0xf3 /tmp/cclq5k9i.debug.temp.o
 .debug_abbrev  0x0000000000000719      0x2ce /tmp/ccTbm3sR.debug.temp.o
 .debug_abbrev  0x00000000000009e7      0x36c /tmp/ccGrsxD4.debug.temp.o
 .debug_abbrev  0x0000000000000d53      0x136 /tmp/ccdS3eTk.debug.temp.o
 .debug_abbrev  0x0000000000000e89       0x9e /tmp/ccb2zNrT.debug.temp.o
 .debug_abbrev  0x0000000000000f27       0xcf /tmp/ccLx2BIB.debug.temp.o
 .debug_abbrev  0x0000000000000ff6       0xd0 /tmp/ccJjH1Pa.debug.temp.o
 .debug_abbrev  0x00000000000010c6      0x2bf /tmp/cc1NOh1H.debug.temp.o
 .debug_abbrev  0x0000000000001385       0xbe /tmp/ccOGlA36.debug.temp.o
 .debug_abbrev  0x0000000000001443      0x19c /tmp/ccDphS3y.debug.temp.o
 .debug_abbrev  0x00000000000015df      0x26b /tmp/ccSZN168.debug.temp.o
 .debug_abbrev  0x000000000000184a      0x1d1 /tmp/cc06hUih.debug.temp.o
 .debug_abbrev  0x0000000000001a1b      0x201 /tmp/cc2MN3o5.debug.temp.o
 .debug_abbrev  0x0000000000001c1c      0x276 /tmp/cciJDbgo.debug.temp.o
 .debug_abbrev  0x0000000000001e92      0x2f1 /tmp/ccPpqNnT.debug.temp.o
 .debug_abbrev  0x0000000000002183      0x2cd /tmp/ccmvk9LK.debug.temp.o
 .debug_abbrev  0x0000000000002450      0x265 /tmp/ccsjQd8O.debug.temp.o
 .debug_abbrev  0x00000000000026b5      0x37c /tmp/ccNrouyO.debug.temp.o
 .debug_abbrev  0x0000000000002a31      0x1c7 /tmp/ccuhVAI0.debug.temp.o
 .debug_abbrev  0x0000000000002bf8      0x157 /tmp/cch2RhdE.debug.temp.o
 .debug_abbrev  0x0000000000002d4f      0x105 /tmp/ccxn47NU.debug.temp.o
 .debug_abbrev  0x0000000000002e54       0xb8 /tmp/ccV8Uzuy.debug.temp.o
 .debug_abbrev  0x0000000000002f0c      0x245 /tmp/cccGToEN.debug.temp.o
 .debug_abbrev  0x0000000000003151      0x172 /tmp/ccmDoGgB.debug.temp.o
 .debug_abbrev  0x00000000000032c3      0x1ce /tmp/ccVn5hVq.debug.temp.o
 .debug_abbrev  0x0000000000003491       0xb2 /tmp/ccNZbrFY.debug.temp.o
 .debug_abbrev  0x0000000000003543       0xf8 /tmp/ccbgkrDT.debug.temp.o
 .debug_abbrev  0x000000000000363b       0xef /tmp/cckqidiF.debug.temp.o

.debug_loclists
                0x0000000000000000     0x455d
 .debug_loclists
                0x0000000000000000     0x455d /tmp/ccdHImef.ltrans0.ltrans.o

.debug_aranges  0x0000000000000000      0x380
 .debug_aranges
                0x0000000000000000      0x380 /tmp/ccdHImef.ltrans0.ltrans.o

.debug_rnglists
                0x0000000000000000      0x4d8
 .debug_rnglists
                0x0000000000000000      0x4d8 /tmp/ccdHImef.ltrans0.ltrans.o

.debug_line     0x0000000000000000     0x3a9c
 .debug_line    0x0000000000000000     0x2c69 /tmp/ccdHImef.ltrans0.ltrans.o
 .debug_line    0x0000000000002c69       0x3a /tmp/ccvCLjQd.debug.temp.o
 .debug_line    0x0000000000002ca3       0x3a /tmp/ccLMZM6f.debug.temp.o
 .debug_line    0x0000000000002cdd       0x93 /tmp/cckkkrAa.debug.temp.o
 .debug_line    0x0000000000002d70       0x5a /tmp/cclq5k9i.debug.temp.o
 .debug_line    0x0000000000002dca       0x93 /tmp/ccTbm3sR.debug.temp.o
 .debug_line    0x0000000000002e5d       0xdd /tmp/ccGrsxD4.debug.temp.o
 .debug_line    0x0000000000002f3a       0x71 /tmp/ccdS3eTk.debug.temp.o
 .debug_line    0x0000000000002fab       0x51 /tmp/ccb2zNrT.debug.temp.o
 .debug_line    0x0000000000002ffc       0x51 /tmp/ccLx2BIB.debug.temp.o
 .debug_line    0x000000000000304d       0x4c /tmp/ccJjH1Pa.debug.temp.o
 .debug_line    0x0000000000003099       0xa6 /tmp/cc1NOh1H.debug.temp.o
 .debug_line    0x000000000000313f       0x51 /tmp/ccOGlA36.debug.temp.o
 .debug_line    0x0000000000003190       0x77 /tmp/ccDphS3y.debug.temp.o
 .debug_line    0x0000000000003207       0x7b /tmp/ccSZN168.debug.temp.o
 .debug_line    0x0000000000003282       0x7b /tmp/cc06hUih.debug.temp.o
 .debug_line    0x00000000000032fd       0x80 /tmp/cc2MN3o5.debug.temp.o
 .debug_line    0x000000000000337d       0xac /tmp/cciJDbgo.debug.temp.o
 .debug_line    0x0000000000003429       0xb1 /tmp/ccPpqNnT.debug.temp.o
 .debug_line    0x00000000000034da       0x9c /tmp/ccmvk9LK.debug.temp.o
 .debug_line    0x0000000000003576       0xb5 /tmp/ccsjQd8O.debug.temp.o
 .debug_line    0x000000000000362b       0xbf /tmp/ccNrouyO.debug.temp.o
 .debug_line    0x00000000000036ea       0x6d /tmp/ccuhVAI0.debug.temp.o
 .debug_line    0x0000000000003757       0x63 /tmp/cch2RhdE.debug.temp.o
 .debug_line    0x00000000000037ba       0x5e /tmp/ccxn47NU.debug.temp.o
 .debug_line    0x0000000000003818       0x51 /tmp/ccV8Uzuy.debug.temp.o
 .debug_line    0x0000000000003869       0x75 /tmp/cccGToEN.debug.temp.o
 .debug_line    0x00000000000038de       0x5f /tmp/ccmDoGgB.debug.temp.o
 .debug_line    0x000000000000393d       0x6d /tmp/ccVn5hVq.debug.temp.o
 .debug_line    0x00000000000039aa       0x51 /tmp/ccNZbrFY.debug.temp.o
 .debug_line    0x00000000000039fb       0x55 /tmp/ccbgkrDT.debug.temp.o
 .debug_line    0x0000000000003a50       0x4c /tmp/cckqidiF.debug.temp.o

.debug_str      0x0000000000000000     0x71d7
 .debug_str     0x0000000000000000      0x1bb /tmp/ccdHImef.ltrans0.ltrans.o
                                        0x1e1 (size before relaxing)
 .debug_str     0x00000000000001bb      0x1d0 /tmp/ccvCLjQd.debug.temp.o
                                        0x207 (size before relaxing)
 .debug_str     0x000000000000038b        0x9 /tmp/ccLMZM6f.debug.temp.o
                                        0x1fb (size before relaxing)
 .debug_str     0x0000000000000394     0x1295 /tmp/cckkkrAa.debug.temp.o
                                       0x14a0 (size before relaxing)
 .debug_str     0x0000000000001629       0x54 /tmp/cclq5k9i.debug.temp.o
                                        0x2b7 (size before relaxing)
 .debug_str     0x000000000000167d      0x99c /tmp/ccTbm3sR.debug.temp.o
                                       0x1d99 (size before relaxing)
 .debug_str     0x0000000000002019     0x10ed /tmp/ccGrsxD4.debug.temp.o
                                       0x2758 (size before relaxing)
 .debug_str     0x0000000000003106       0xa6 /tmp/ccdS3eTk.debug.temp.o
                                        0x481 (size before relaxing)
 .debug_str     0x00000000000031ac      0x236 /tmp/ccb2zNrT.debug.temp.o
 .debug_str     0x00000000000031ac       0x9f /tmp/ccLx2BIB.debug.temp.o
                                        0x30a (size before relaxing)
 .debug_str     0x000000000000324b      0x16f /tmp/ccJjH1Pa.debug.temp.o
                                        0x3a0 (size before relaxing)
 .debug_str     0x00000000000033ba      0x8ec /tmp/cc1NOh1H.debug.temp.o
                                       0x188b (size before relaxing)
 .debug_str     0x0000000000003ca6       0x32 /tmp/ccOGlA36.debug.temp.o
                                        0x266 (size before relaxing)
 .debug_str     0x0000000000003cd8      0x153 /tmp/ccDphS3y.debug.temp.o
                                        0x4d9 (size before relaxing)
 .debug_str     0x0000000000003e2b      0x22b /tmp/ccSZN168.debug.temp.o
                                        0xf3d (size before relaxing)
 .debug_str     0x0000000000004056     0x12fd /tmp/cc06hUih.debug.temp.o
 .debug_str     0x0000000000004056     0x1307 /tmp/cc2MN3o5.debug.temp.o
 .debug_str     0x0000000000004056      0x4e0 /tmp/cciJDbgo.debug.temp.o
                                       0x1c6a (size before relaxing)
 .debug_str     0x0000000000004536      0x60c /tmp/ccPpqNnT.debug.temp.o
                                       0x1bec (size before relaxing)
 .debug_str     0x0000000000004b42      0x536 /tmp/ccmvk9LK.debug.temp.o
                                       0x1905 (size before relaxing)
 .debug_str     0x0000000000005078      0x2b8 /tmp/ccsjQd8O.debug.temp.o
                                       0x1f78 (size before relaxing)
 .debug_str     0x0000000000005330      0xf62 /tmp/ccNrouyO.debug.temp.o
                                       0x258d (size before relaxing)
 .debug_str     0x0000000000006292      0x398 /tmp/ccuhVAI0.debug.temp.o
                                        0x816 (size before relaxing)
 .debug_str     0x000000000000662a      0x1a0 /tmp/cch2RhdE.debug.temp.o
                                        0x6ca (size before relaxing)
 .debug_str     0x00000000000067ca       0x5a /tmp/ccxn47NU.debug.temp.o
                                        0x2eb (size before relaxing)
 .debug_str     0x0000000000006824       0x13 /tmp/ccV8Uzuy.debug.temp.o
                                        0x24e (size before relaxing)
 .debug_str     0x0000000000006837      0x3d7 /tmp/cccGToEN.debug.temp.o
                                        0x6a1 (size before relaxing)
 .debug_str     0x0000000000006c0e      0x163 /tmp/ccmDoGgB.debug.temp.o
                                        0x462 (size before relaxing)
 .debug_str     0x0000000000006d71      0x1ad /tmp/ccVn5hVq.debug.temp.o
                                        0x664 (size before relaxing)
 .debug_str     0x0000000000006f1e      0x273 /tmp/ccNZbrFY.debug.temp.o
 .debug_str     0x0000000000006f1e      0x211 /tmp/ccbgkrDT.debug.temp.o
                                        0x4a5 (size before relaxing)
 .debug_str     0x000000000000712f       0xa8 /tmp/cckqidiF.debug.temp.o
                                        0x2e1 (size before relaxing)

.debug_line_str
                0x0000000000000000     0x2546
 .debug_line_str
                0x0000000000000000      0x686 /tmp/ccdHImef.ltrans0.ltrans.o
                                        0x900 (size before relaxing)
 .debug_line_str
                0x0000000000000686       0xdf /tmp/ccvCLjQd.debug.temp.o
                                        0x12a (size before relaxing)
 .debug_line_str
                0x0000000000000765       0x4b /tmp/ccLMZM6f.debug.temp.o
                                        0x12a (size before relaxing)
 .debug_line_str
                0x00000000000007b0      0x33b /tmp/cckkkrAa.debug.temp.o
                                        0x38f (size before relaxing)
 .debug_line_str
                0x0000000000000aeb      0x17a /tmp/cclq5k9i.debug.temp.o
                                        0x259 (size before relaxing)
 .debug_line_str
                0x0000000000000c65       0xdf /tmp/ccTbm3sR.debug.temp.o
                                        0x3c8 (size before relaxing)
 .debug_line_str
                0x0000000000000d44      0x181 /tmp/ccGrsxD4.debug.temp.o
                                        0x4b6 (size before relaxing)
 .debug_line_str
                0x0000000000000ec5       0x61 /tmp/ccdS3eTk.debug.temp.o
                                        0x2b4 (size before relaxing)
 .debug_line_str
                0x0000000000000f26       0x5b /tmp/ccb2zNrT.debug.temp.o
                                        0x1f3 (size before relaxing)
 .debug_line_str
                0x0000000000000f81       0xbc /tmp/ccLx2BIB.debug.temp.o
                                        0x18d (size before relaxing)
 .debug_line_str
                0x000000000000103d       0x3d /tmp/ccJjH1Pa.debug.temp.o
                                        0x174 (size before relaxing)
 .debug_line_str
                0x000000000000107a      0x192 /tmp/cc1NOh1H.debug.temp.o
                                        0x376 (size before relaxing)
 .debug_line_str
                0x000000000000120c       0xf3 /tmp/ccOGlA36.debug.temp.o
                                        0x1c7 (size before relaxing)
 .debug_line_str
                0x00000000000012ff      0x1a5 /tmp/ccDphS3y.debug.temp.o
                                        0x2dd (size before relaxing)
 .debug_line_str
                0x00000000000014a4       0xf2 /tmp/ccSZN168.debug.temp.o
                                        0x2cb (size before relaxing)
 .debug_line_str
                0x0000000000001596      0x106 /tmp/cc06hUih.debug.temp.o
                                        0x2df (size before relaxing)
 .debug_line_str
                0x000000000000169c       0xfa /tmp/cc2MN3o5.debug.temp.o
                                        0x2e8 (size before relaxing)
 .debug_line_str
                0x0000000000001796      0x192 /tmp/cciJDbgo.debug.temp.o
                                        0x3a1 (size before relaxing)
 .debug_line_str
                0x0000000000001928       0x7f /tmp/ccPpqNnT.debug.temp.o
                                        0x390 (size before relaxing)
 .debug_line_str
                0x00000000000019a7      0x152 /tmp/ccmvk9LK.debug.temp.o
                                        0x357 (size before relaxing)
 .debug_line_str
                0x0000000000001af9      0x1bc /tmp/ccsjQd8O.debug.temp.o
                                        0x43d (size before relaxing)
 .debug_line_str
                0x0000000000001cb5      0x163 /tmp/ccNrouyO.debug.temp.o
                                        0x412 (size before relaxing)
 .debug_line_str
                0x0000000000001e18       0xd2 /tmp/ccuhVAI0.debug.temp.o
                                        0x265 (size before relaxing)
 .debug_line_str
                0x0000000000001eea       0x3d /tmp/cch2RhdE.debug.temp.o
                                        0x23a (size before relaxing)
 .debug_line_str
                0x0000000000001f27       0x51 /tmp/ccxn47NU.debug.temp.o
                                        0x23a (size before relaxing)
 .debug_line_str
                0x0000000000001f78       0x51 /tmp/ccV8Uzuy.debug.temp.o
                                        0x1c7 (size before relaxing)
 .debug_line_str
                0x0000000000001fc9      0x1df /tmp/cccGToEN.debug.temp.o
                                        0x331 (size before relaxing)
 .debug_line_str
                0x00000000000021a8       0xd9 /tmp/ccmDoGgB.debug.temp.o
                                        0x1de (size before relaxing)
 .debug_line_str
                0x0000000000002281       0xd4 /tmp/ccVn5hVq.debug.temp.o
                                        0x28a (size before relaxing)
 .debug_line_str
                0x0000000000002355       0x49 /tmp/ccNZbrFY.debug.temp.o
                                        0x1a0 (size before relaxing)
 .debug_line_str
                0x000000000000239e       0xf2 /tmp/ccbgkrDT.debug.temp.o
                                        0x20e (size before relaxing)
 .debug_line_str
                0x0000000000002490       0xb6 /tmp/cckqidiF.debug.temp.o
                                        0x173 (size before relaxing)

.debug_frame    0x0000000000000000      0xa70
 .debug_frame   0x0000000000000000      0xa70 /tmp/ccdHImef.ltrans0.ltrans.o
