Archive member included to satisfy reference by file (symbol)

/home/parallels/Desktop/edk2-exynos7885/workspace/Build/EXYNOS7885Pkg/DEBUG_GCC5/AARCH64/ArmPkg/Library/CompilerIntrinsicsLib/CompilerIntrinsicsLib/OUTPUT/CompilerIntrinsicsLib.lib(memcpy.obj)
                              /home/parallels/Desktop/edk2/ArmPkg/Library/GccLto/liblto-aarch64.a (memcpy)
/home/parallels/Desktop/edk2-exynos7885/workspace/Build/EXYNOS7885Pkg/DEBUG_GCC5/AARCH64/ArmPkg/Library/CompilerIntrinsicsLib/CompilerIntrinsicsLib/OUTPUT/CompilerIntrinsicsLib.lib(memset.obj)
                              /home/parallels/Desktop/edk2/ArmPkg/Library/GccLto/liblto-aarch64.a (memset)
/home/parallels/Desktop/edk2-exynos7885/workspace/Build/EXYNOS7885Pkg/DEBUG_GCC5/AARCH64/MdePkg/Library/UefiDriverEntryPoint/UefiDriverEntryPoint/OUTPUT/UefiDriverEntryPoint.lib(DriverEntryPoint.obj)
                              (_ModuleEntryPoint)
/home/parallels/Desktop/edk2-exynos7885/workspace/Build/EXYNOS7885Pkg/DEBUG_GCC5/AARCH64/MdePkg/Library/BaseStackCheckLib/BaseStackCheckLib/OUTPUT/BaseStackCheckLib.lib(BaseStackCheckGcc.obj)
                              /home/parallels/Desktop/edk2/ArmPkg/Library/GccLto/liblto-aarch64.a (__stack_chk_fail)
/home/parallels/Desktop/edk2-exynos7885/workspace/Build/EXYNOS7885Pkg/DEBUG_GCC5/AARCH64/MdeModulePkg/Universal/Acpi/BootGraphicsResourceTableDxe/BootGraphicsResourceTableDxe/OUTPUT/BootGraphicsResourceTableDxe.lib(AutoGen.obj)
                              DriverEntryPoint.obj (symbol from plugin) (ProcessLibraryConstructorList)
/home/parallels/Desktop/edk2-exynos7885/workspace/Build/EXYNOS7885Pkg/DEBUG_GCC5/AARCH64/MdeModulePkg/Universal/Acpi/BootGraphicsResourceTableDxe/BootGraphicsResourceTableDxe/OUTPUT/BootGraphicsResourceTableDxe.lib(BootGraphicsResourceTableDxe.obj)
                              AutoGen.obj (symbol from plugin) (BootGraphicsDxeEntryPoint)
/home/parallels/Desktop/edk2-exynos7885/workspace/Build/EXYNOS7885Pkg/DEBUG_GCC5/AARCH64/MdePkg/Library/BaseMemoryLibOptDxe/BaseMemoryLibOptDxe/OUTPUT/BaseMemoryLibOptDxe.lib(ZeroMemWrapper.obj)
                              BootGraphicsResourceTableDxe.obj (symbol from plugin) (ZeroMem)
/home/parallels/Desktop/edk2-exynos7885/workspace/Build/EXYNOS7885Pkg/DEBUG_GCC5/AARCH64/MdePkg/Library/BaseMemoryLibOptDxe/BaseMemoryLibOptDxe/OUTPUT/BaseMemoryLibOptDxe.lib(CopyMemWrapper.obj)
                              BootGraphicsResourceTableDxe.obj (symbol from plugin) (CopyMem)
/home/parallels/Desktop/edk2-exynos7885/workspace/Build/EXYNOS7885Pkg/DEBUG_GCC5/AARCH64/MdePkg/Library/BaseMemoryLibOptDxe/BaseMemoryLibOptDxe/OUTPUT/BaseMemoryLibOptDxe.lib(SetMem.obj)
                              ZeroMemWrapper.obj (symbol from plugin) (InternalMemZeroMem)
/home/parallels/Desktop/edk2-exynos7885/workspace/Build/EXYNOS7885Pkg/DEBUG_GCC5/AARCH64/MdePkg/Library/BaseMemoryLibOptDxe/BaseMemoryLibOptDxe/OUTPUT/BaseMemoryLibOptDxe.lib(CopyMem.obj)
                              CopyMemWrapper.obj (symbol from plugin) (InternalMemCopyMem)
/home/parallels/Desktop/edk2-exynos7885/workspace/Build/EXYNOS7885Pkg/DEBUG_GCC5/AARCH64/MdePkg/Library/BaseLib/BaseLib/OUTPUT/BaseLib.lib(CheckSum.obj)
                              BootGraphicsResourceTableDxe.obj (symbol from plugin) (CalculateCheckSum8)
/home/parallels/Desktop/edk2-exynos7885/workspace/Build/EXYNOS7885Pkg/DEBUG_GCC5/AARCH64/MdePkg/Library/BaseLib/BaseLib/OUTPUT/BaseLib.lib(CpuDeadLoop.obj)
                              BaseStackCheckGcc.obj (symbol from plugin) (CpuDeadLoop)
/home/parallels/Desktop/edk2-exynos7885/workspace/Build/EXYNOS7885Pkg/DEBUG_GCC5/AARCH64/MdePkg/Library/BaseLib/BaseLib/OUTPUT/BaseLib.lib(Unaligned.obj)
                              BootGraphicsResourceTableDxe.obj (symbol from plugin) (WriteUnaligned64)
/home/parallels/Desktop/edk2-exynos7885/workspace/Build/EXYNOS7885Pkg/DEBUG_GCC5/AARCH64/MdePkg/Library/BaseLib/BaseLib/OUTPUT/BaseLib.lib(SwitchStack.obj)
                              CpuDeadLoop.obj (symbol from plugin) (CpuPause)
/home/parallels/Desktop/edk2-exynos7885/workspace/Build/EXYNOS7885Pkg/DEBUG_GCC5/AARCH64/MdePkg/Library/BaseLib/BaseLib/OUTPUT/BaseLib.lib(CpuBreakpoint.obj)
                              BaseStackCheckGcc.obj (symbol from plugin) (CpuBreakpoint)
/home/parallels/Desktop/edk2-exynos7885/workspace/Build/EXYNOS7885Pkg/DEBUG_GCC5/AARCH64/MdePkg/Library/BaseLib/BaseLib/OUTPUT/BaseLib.lib(RShiftU64.obj)
                              Unaligned.obj (symbol from plugin) (RShiftU64)
/home/parallels/Desktop/edk2-exynos7885/workspace/Build/EXYNOS7885Pkg/DEBUG_GCC5/AARCH64/MdePkg/Library/BaseLib/BaseLib/OUTPUT/BaseLib.lib(LShiftU64.obj)
                              Unaligned.obj (symbol from plugin) (LShiftU64)
/home/parallels/Desktop/edk2-exynos7885/workspace/Build/EXYNOS7885Pkg/DEBUG_GCC5/AARCH64/MdePkg/Library/BaseLib/BaseLib/OUTPUT/BaseLib.lib(Math64.obj)
                              LShiftU64.obj (symbol from plugin) (InternalMathLShiftU64)
/home/parallels/Desktop/edk2-exynos7885/workspace/Build/EXYNOS7885Pkg/DEBUG_GCC5/AARCH64/MdePkg/Library/BaseLib/BaseLib/OUTPUT/BaseLib.lib(SwapBytes32.obj)
                              Math64.obj (symbol from plugin) (SwapBytes32)
/home/parallels/Desktop/edk2-exynos7885/workspace/Build/EXYNOS7885Pkg/DEBUG_GCC5/AARCH64/MdePkg/Library/BaseLib/BaseLib/OUTPUT/BaseLib.lib(SwapBytes16.obj)
                              SwapBytes32.obj (symbol from plugin) (SwapBytes16)
/home/parallels/Desktop/edk2-exynos7885/workspace/Build/EXYNOS7885Pkg/DEBUG_GCC5/AARCH64/MdePkg/Library/BaseDebugLibSerialPort/BaseDebugLibSerialPort/OUTPUT/BaseDebugLibSerialPort.lib(DebugLib.obj)
                              AutoGen.obj (symbol from plugin) (BaseDebugLibSerialPortConstructor)
/home/parallels/Desktop/edk2-exynos7885/workspace/Build/EXYNOS7885Pkg/DEBUG_GCC5/AARCH64/MdePkg/Library/UefiMemoryAllocationLib/UefiMemoryAllocationLib/OUTPUT/UefiMemoryAllocationLib.lib(MemoryAllocationLib.obj)
                              BootGraphicsResourceTableDxe.obj (symbol from plugin) (AllocateCopyPool)
/home/parallels/Desktop/edk2-exynos7885/workspace/Build/EXYNOS7885Pkg/DEBUG_GCC5/AARCH64/MdePkg/Library/UefiRuntimeServicesTableLib/UefiRuntimeServicesTableLib/OUTPUT/UefiRuntimeServicesTableLib.lib(UefiRuntimeServicesTableLib.obj)
                              AutoGen.obj (symbol from plugin) (UefiRuntimeServicesTableLibConstructor)
/home/parallels/Desktop/edk2-exynos7885/workspace/Build/EXYNOS7885Pkg/DEBUG_GCC5/AARCH64/MdePkg/Library/UefiBootServicesTableLib/UefiBootServicesTableLib/OUTPUT/UefiBootServicesTableLib.lib(UefiBootServicesTableLib.obj)
                              AutoGen.obj (symbol from plugin) (UefiBootServicesTableLibConstructor)
/home/parallels/Desktop/edk2-exynos7885/workspace/Build/EXYNOS7885Pkg/DEBUG_GCC5/AARCH64/MdePkg/Library/UefiLib/UefiLib/OUTPUT/UefiLib.lib(UefiLib.obj)
                              AutoGen.obj (symbol from plugin) (UefiLibConstructor)
/home/parallels/Desktop/edk2-exynos7885/workspace/Build/EXYNOS7885Pkg/DEBUG_GCC5/AARCH64/MdePkg/Library/DxeHobLib/DxeHobLib/OUTPUT/DxeHobLib.lib(HobLib.obj)
                              AutoGen.obj (symbol from plugin) (HobLibConstructor)
/home/parallels/Desktop/edk2-exynos7885/workspace/Build/EXYNOS7885Pkg/DEBUG_GCC5/AARCH64/MdePkg/Library/BaseSafeIntLib/BaseSafeIntLib/OUTPUT/BaseSafeIntLib.lib(SafeIntLib64.obj)
                              BootGraphicsResourceTableDxe.obj (symbol from plugin) (SafeUintnToUint32)
/home/parallels/Desktop/edk2-exynos7885/workspace/Build/EXYNOS7885Pkg/DEBUG_GCC5/AARCH64/MdePkg/Library/BaseSafeIntLib/BaseSafeIntLib/OUTPUT/BaseSafeIntLib.lib(SafeIntLib.obj)
                              SafeIntLib64.obj (symbol from plugin) (SafeInt32ToUint64)
/home/parallels/Desktop/edk2-exynos7885/workspace/Build/EXYNOS7885Pkg/DEBUG_GCC5/AARCH64/MdeModulePkg/Library/BaseBmpSupportLib/BaseBmpSupportLib/OUTPUT/BaseBmpSupportLib.lib(BmpSupportLib.obj)
                              BootGraphicsResourceTableDxe.obj (symbol from plugin) (TranslateGopBltToBmp)
/home/parallels/Desktop/edk2-exynos7885/workspace/Build/EXYNOS7885Pkg/DEBUG_GCC5/AARCH64/MdePkg/Library/BaseMemoryLibOptDxe/BaseMemoryLibOptDxe/OUTPUT/BaseMemoryLibOptDxe.lib(MemLibGuid.obj)
                              UefiLib.obj (symbol from plugin) (CompareGuid)
/home/parallels/Desktop/edk2-exynos7885/workspace/Build/EXYNOS7885Pkg/DEBUG_GCC5/AARCH64/MdePkg/Library/BaseMemoryLibOptDxe/BaseMemoryLibOptDxe/OUTPUT/BaseMemoryLibOptDxe.lib(SetMemWrapper.obj)
                              DebugLib.obj (symbol from plugin) (SetMem)
/home/parallels/Desktop/edk2-exynos7885/workspace/Build/EXYNOS7885Pkg/DEBUG_GCC5/AARCH64/MdePkg/Library/BaseMemoryLibOptDxe/BaseMemoryLibOptDxe/OUTPUT/BaseMemoryLibOptDxe.lib(CompareGuid.obj)
                              MemLibGuid.obj (symbol from plugin) (InternalMemCompareGuid)
/home/parallels/Desktop/edk2-exynos7885/workspace/Build/EXYNOS7885Pkg/DEBUG_GCC5/AARCH64/MdePkg/Library/BaseMemoryLibOptDxe/BaseMemoryLibOptDxe/OUTPUT/BaseMemoryLibOptDxe.lib(SetMem64Wrapper.obj)
                              SetMemWrapper.obj (symbol from plugin) (SetMem64)
/home/parallels/Desktop/edk2-exynos7885/workspace/Build/EXYNOS7885Pkg/DEBUG_GCC5/AARCH64/MdePkg/Library/BaseLib/BaseLib/OUTPUT/BaseLib.lib(MultU64x64.obj)
                              SafeIntLib.obj (symbol from plugin) (MultU64x64)
/home/parallels/Desktop/edk2-exynos7885/workspace/Build/EXYNOS7885Pkg/DEBUG_GCC5/AARCH64/MdePkg/Library/BaseLib/BaseLib/OUTPUT/BaseLib.lib(MultS64x64.obj)
                              SafeIntLib.obj (symbol from plugin) (MultS64x64)
/home/parallels/Desktop/edk2-exynos7885/workspace/Build/EXYNOS7885Pkg/DEBUG_GCC5/AARCH64/MdePkg/Library/BaseLib/BaseLib/OUTPUT/BaseLib.lib(String.obj)
                              UefiLib.obj (symbol from plugin) (StrSize)
/home/parallels/Desktop/edk2-exynos7885/workspace/Build/EXYNOS7885Pkg/DEBUG_GCC5/AARCH64/MdePkg/Library/BaseLib/BaseLib/OUTPUT/BaseLib.lib(SafeString.obj)
                              String.obj (symbol from plugin) (StrDecimalToUintnS)
/home/parallels/Desktop/edk2-exynos7885/workspace/Build/EXYNOS7885Pkg/DEBUG_GCC5/AARCH64/MdePkg/Library/BaseLib/BaseLib/OUTPUT/BaseLib.lib(MultU64x32.obj)
                              SafeString.obj (symbol from plugin) (MultU64x32)
/home/parallels/Desktop/edk2-exynos7885/workspace/Build/EXYNOS7885Pkg/DEBUG_GCC5/AARCH64/MdePkg/Library/BaseLib/BaseLib/OUTPUT/BaseLib.lib(DivU64x32.obj)
                              SafeString.obj (symbol from plugin) (DivU64x32)
/home/parallels/Desktop/edk2-exynos7885/workspace/Build/EXYNOS7885Pkg/DEBUG_GCC5/AARCH64/MdePkg/Library/BaseDebugPrintErrorLevelLib/BaseDebugPrintErrorLevelLib/OUTPUT/BaseDebugPrintErrorLevelLib.lib(BaseDebugPrintErrorLevelLib.obj)
                              DebugLib.obj (symbol from plugin) (GetDebugPrintErrorLevel)
/home/parallels/Desktop/edk2-exynos7885/workspace/Build/EXYNOS7885Pkg/DEBUG_GCC5/AARCH64/MdePkg/Library/BasePrintLib/BasePrintLib/OUTPUT/BasePrintLib.lib(PrintLib.obj)
                              DebugLib.obj (symbol from plugin) (AsciiVSPrint)
/home/parallels/Desktop/edk2-exynos7885/workspace/Build/EXYNOS7885Pkg/DEBUG_GCC5/AARCH64/MdePkg/Library/BasePrintLib/BasePrintLib/OUTPUT/BasePrintLib.lib(PrintLibInternal.obj)
                              PrintLib.obj (symbol from plugin) (BasePrintLibConvertValueToStringS)
/home/parallels/Desktop/edk2-exynos7885/workspace/Build/EXYNOS7885Pkg/DEBUG_GCC5/AARCH64/EXYNOS7885Pkg/Library/FrameBufferSerialPortLib/FrameBufferSerialPortLib/OUTPUT/FrameBufferSerialPortLib.lib(FrameBufferSerialPortLib.obj)
                              DebugLib.obj (symbol from plugin) (SerialPortInitialize)
/home/parallels/Desktop/edk2-exynos7885/workspace/Build/EXYNOS7885Pkg/DEBUG_GCC5/AARCH64/MdePkg/Library/UefiDevicePathLib/UefiDevicePathLib/OUTPUT/UefiDevicePathLib.lib(DevicePathUtilities.obj)
                              UefiLib.obj (symbol from plugin) (DevicePathType)
/home/parallels/Desktop/edk2-exynos7885/workspace/Build/EXYNOS7885Pkg/DEBUG_GCC5/AARCH64/MdePkg/Library/UefiDevicePathLib/UefiDevicePathLib/OUTPUT/UefiDevicePathLib.lib(DevicePathUtilitiesDxeSmm.obj)
                              DevicePathUtilities.obj (symbol from plugin) (DevicePathFromHandle)
/home/parallels/Desktop/edk2-exynos7885/workspace/Build/EXYNOS7885Pkg/DEBUG_GCC5/AARCH64/MdePkg/Library/UefiDevicePathLib/UefiDevicePathLib/OUTPUT/UefiDevicePathLib.lib(UefiDevicePathLib.obj)
                              DevicePathUtilities.obj (symbol from plugin) (GetDevicePathSize)
/home/parallels/Desktop/edk2-exynos7885/workspace/Build/EXYNOS7885Pkg/DEBUG_GCC5/AARCH64/MdePkg/Library/UefiDevicePathLib/UefiDevicePathLib/OUTPUT/UefiDevicePathLib.lib(DevicePathToText.obj)
                              UefiDevicePathLib.obj (symbol from plugin) (UefiDevicePathLibConvertDeviceNodeToText)
/home/parallels/Desktop/edk2-exynos7885/workspace/Build/EXYNOS7885Pkg/DEBUG_GCC5/AARCH64/MdePkg/Library/UefiDevicePathLib/UefiDevicePathLib/OUTPUT/UefiDevicePathLib.lib(DevicePathFromText.obj)
                              UefiDevicePathLib.obj (symbol from plugin) (UefiDevicePathLibConvertTextToDeviceNode)
/home/parallels/Desktop/edk2-exynos7885/workspace/Build/EXYNOS7885Pkg/DEBUG_GCC5/AARCH64/MdePkg/Library/BaseLib/BaseLib/OUTPUT/BaseLib.lib(SwapBytes64.obj)
                              DevicePathFromText.obj (symbol from plugin) (SwapBytes64)
/home/parallels/Desktop/edk2-exynos7885/workspace/Build/EXYNOS7885Pkg/DEBUG_GCC5/AARCH64/MdePkg/Library/BaseLib/BaseLib/OUTPUT/BaseLib.lib(DivU64x32Remainder.obj)
                              PrintLibInternal.obj (symbol from plugin) (DivU64x32Remainder)
/home/parallels/Desktop/edk2-exynos7885/workspace/Build/EXYNOS7885Pkg/DEBUG_GCC5/AARCH64/ArmPkg/Library/ArmLib/ArmBaseLib/OUTPUT/ArmBaseLib.lib(ArmLibSupport.obj)
                              FrameBufferSerialPortLib.obj (symbol from plugin) (ArmGetInterruptState)
/home/parallels/Desktop/edk2-exynos7885/workspace/Build/EXYNOS7885Pkg/DEBUG_GCC5/AARCH64/ArmPkg/Library/ArmLib/ArmBaseLib/OUTPUT/ArmBaseLib.lib(ArmLibSupportV8.obj)
                              FrameBufferSerialPortLib.obj (symbol from plugin) (ArmEnableInterrupts)
/home/parallels/Desktop/edk2-exynos7885/workspace/Build/EXYNOS7885Pkg/DEBUG_GCC5/AARCH64/ArmPkg/Library/ArmCacheMaintenanceLib/ArmCacheMaintenanceLib/OUTPUT/ArmCacheMaintenanceLib.lib(ArmCacheMaintenanceLib.obj)
                              FrameBufferSerialPortLib.obj (symbol from plugin) (WriteBackInvalidateDataCacheRange)
/home/parallels/Desktop/edk2-exynos7885/workspace/Build/EXYNOS7885Pkg/DEBUG_GCC5/AARCH64/ArmPkg/Library/ArmLib/ArmBaseLib/OUTPUT/ArmBaseLib.lib(ArmLib.obj)
                              ArmCacheMaintenanceLib.obj (symbol from plugin) (ArmDataCacheLineLength)
/home/parallels/Desktop/edk2-exynos7885/workspace/Build/EXYNOS7885Pkg/DEBUG_GCC5/AARCH64/ArmPkg/Library/ArmLib/ArmBaseLib/OUTPUT/ArmBaseLib.lib(AArch64Support.obj)
                              ArmCacheMaintenanceLib.obj (symbol from plugin) (ArmInvalidateDataCacheEntryByMVA)

Discarded input sections

 .text          0x0000000000000000       0x10 /home/parallels/Desktop/edk2/ArmPkg/Library/GccLto/liblto-aarch64.a
 .data          0x0000000000000000        0x0 /home/parallels/Desktop/edk2/ArmPkg/Library/GccLto/liblto-aarch64.a
 .bss           0x0000000000000000        0x0 /home/parallels/Desktop/edk2/ArmPkg/Library/GccLto/liblto-aarch64.a
 .text          0x0000000000000000        0x0 /tmp/ccF9I3go.ltrans0.ltrans.o
 .data          0x0000000000000000        0x0 /tmp/ccF9I3go.ltrans0.ltrans.o
 .bss           0x0000000000000000        0x0 /tmp/ccF9I3go.ltrans0.ltrans.o
 .text._DriverUnloadHandler
                0x0000000000000000        0x8 /tmp/ccF9I3go.ltrans0.ltrans.o
 .text.__memset
                0x0000000000000000       0x1c /tmp/ccF9I3go.ltrans0.ltrans.o
 .comment       0x0000000000000000       0x2c /tmp/ccF9I3go.ltrans0.ltrans.o
 .note.GNU-stack
                0x0000000000000000        0x0 /tmp/ccF9I3go.ltrans0.ltrans.o
 .comment       0x0000000000000000       0x2c /tmp/ccFzHn8A.debug.temp.o
 .note.GNU-stack
                0x0000000000000000        0x0 /tmp/ccFzHn8A.debug.temp.o
 .comment       0x0000000000000000       0x2c /tmp/ccxzwhDq.debug.temp.o
 .note.GNU-stack
                0x0000000000000000        0x0 /tmp/ccxzwhDq.debug.temp.o
 .comment       0x0000000000000000       0x2c /tmp/ccE94aH5.debug.temp.o
 .note.GNU-stack
                0x0000000000000000        0x0 /tmp/ccE94aH5.debug.temp.o
 .comment       0x0000000000000000       0x2c /tmp/ccw7l4U4.debug.temp.o
 .note.GNU-stack
                0x0000000000000000        0x0 /tmp/ccw7l4U4.debug.temp.o
 .comment       0x0000000000000000       0x2c /tmp/ccNESvn1.debug.temp.o
 .note.GNU-stack
                0x0000000000000000        0x0 /tmp/ccNESvn1.debug.temp.o
 .comment       0x0000000000000000       0x2c /tmp/ccpKyovG.debug.temp.o
 .note.GNU-stack
                0x0000000000000000        0x0 /tmp/ccpKyovG.debug.temp.o
 .comment       0x0000000000000000       0x2c /tmp/ccqOejO8.debug.temp.o
 .note.GNU-stack
                0x0000000000000000        0x0 /tmp/ccqOejO8.debug.temp.o
 .comment       0x0000000000000000       0x2c /tmp/ccAjjE2x.debug.temp.o
 .note.GNU-stack
                0x0000000000000000        0x0 /tmp/ccAjjE2x.debug.temp.o
 .comment       0x0000000000000000       0x2c /tmp/ccl68n56.debug.temp.o
 .note.GNU-stack
                0x0000000000000000        0x0 /tmp/ccl68n56.debug.temp.o
 .debug_info    0x0000000000000000       0x9e /tmp/ccYsu6vs.debug.temp.o
 .debug_abbrev  0x0000000000000000       0x70 /tmp/ccYsu6vs.debug.temp.o
 .debug_line    0x0000000000000000       0x4c /tmp/ccYsu6vs.debug.temp.o
 .debug_str     0x0000000000000000      0x213 /tmp/ccYsu6vs.debug.temp.o
 .debug_line_str
                0x0000000000000000      0x17e /tmp/ccYsu6vs.debug.temp.o
 .comment       0x0000000000000000       0x2c /tmp/ccYsu6vs.debug.temp.o
 .note.GNU-stack
                0x0000000000000000        0x0 /tmp/ccYsu6vs.debug.temp.o
 .comment       0x0000000000000000       0x2c /tmp/ccNpe6Z0.debug.temp.o
 .note.GNU-stack
                0x0000000000000000        0x0 /tmp/ccNpe6Z0.debug.temp.o
 .comment       0x0000000000000000       0x2c /tmp/ccdF1VB2.debug.temp.o
 .note.GNU-stack
                0x0000000000000000        0x0 /tmp/ccdF1VB2.debug.temp.o
 .comment       0x0000000000000000       0x2c /tmp/ccWapyZq.debug.temp.o
 .note.GNU-stack
                0x0000000000000000        0x0 /tmp/ccWapyZq.debug.temp.o
 .comment       0x0000000000000000       0x2c /tmp/cc9VdFt4.debug.temp.o
 .note.GNU-stack
                0x0000000000000000        0x0 /tmp/cc9VdFt4.debug.temp.o
 .debug_info    0x0000000000000000       0xbd /tmp/cccuXQe3.debug.temp.o
 .debug_abbrev  0x0000000000000000       0x88 /tmp/cccuXQe3.debug.temp.o
 .debug_line    0x0000000000000000       0x4c /tmp/cccuXQe3.debug.temp.o
 .debug_str     0x0000000000000000      0x22e /tmp/cccuXQe3.debug.temp.o
 .debug_line_str
                0x0000000000000000      0x17e /tmp/cccuXQe3.debug.temp.o
 .comment       0x0000000000000000       0x2c /tmp/cccuXQe3.debug.temp.o
 .note.GNU-stack
                0x0000000000000000        0x0 /tmp/cccuXQe3.debug.temp.o
 .debug_info    0x0000000000000000       0x8a /tmp/ccMdveFZ.debug.temp.o
 .debug_abbrev  0x0000000000000000       0x57 /tmp/ccMdveFZ.debug.temp.o
 .debug_line    0x0000000000000000       0x43 /tmp/ccMdveFZ.debug.temp.o
 .debug_str     0x0000000000000000      0x204 /tmp/ccMdveFZ.debug.temp.o
 .debug_line_str
                0x0000000000000000      0x140 /tmp/ccMdveFZ.debug.temp.o
 .comment       0x0000000000000000       0x2c /tmp/ccMdveFZ.debug.temp.o
 .note.GNU-stack
                0x0000000000000000        0x0 /tmp/ccMdveFZ.debug.temp.o
 .comment       0x0000000000000000       0x2c /tmp/ccLxaqZ4.debug.temp.o
 .note.GNU-stack
                0x0000000000000000        0x0 /tmp/ccLxaqZ4.debug.temp.o
 .comment       0x0000000000000000       0x2c /tmp/ccJMNWUe.debug.temp.o
 .note.GNU-stack
                0x0000000000000000        0x0 /tmp/ccJMNWUe.debug.temp.o
 .comment       0x0000000000000000       0x2c /tmp/ccOnJzAb.debug.temp.o
 .note.GNU-stack
                0x0000000000000000        0x0 /tmp/ccOnJzAb.debug.temp.o
 .comment       0x0000000000000000       0x2c /tmp/ccPZzUdO.debug.temp.o
 .note.GNU-stack
                0x0000000000000000        0x0 /tmp/ccPZzUdO.debug.temp.o
 .comment       0x0000000000000000       0x2c /tmp/ccQN6cFn.debug.temp.o
 .note.GNU-stack
                0x0000000000000000        0x0 /tmp/ccQN6cFn.debug.temp.o
 .comment       0x0000000000000000       0x2c /tmp/ccCL51ga.debug.temp.o
 .note.GNU-stack
                0x0000000000000000        0x0 /tmp/ccCL51ga.debug.temp.o
 .comment       0x0000000000000000       0x2c /tmp/ccDSarog.debug.temp.o
 .note.GNU-stack
                0x0000000000000000        0x0 /tmp/ccDSarog.debug.temp.o
 .comment       0x0000000000000000       0x2c /tmp/ccCIsN0l.debug.temp.o
 .note.GNU-stack
                0x0000000000000000        0x0 /tmp/ccCIsN0l.debug.temp.o
 .comment       0x0000000000000000       0x2c /tmp/cclG04FC.debug.temp.o
 .note.GNU-stack
                0x0000000000000000        0x0 /tmp/cclG04FC.debug.temp.o
 .comment       0x0000000000000000       0x2c /tmp/ccuhiGyt.debug.temp.o
 .note.GNU-stack
                0x0000000000000000        0x0 /tmp/ccuhiGyt.debug.temp.o
 .debug_info    0x0000000000000000      0x17a /tmp/cc1Nu2Mf.debug.temp.o
 .debug_abbrev  0x0000000000000000       0xce /tmp/cc1Nu2Mf.debug.temp.o
 .debug_line    0x0000000000000000       0x56 /tmp/cc1Nu2Mf.debug.temp.o
 .debug_str     0x0000000000000000      0x270 /tmp/cc1Nu2Mf.debug.temp.o
 .debug_line_str
                0x0000000000000000      0x1d5 /tmp/cc1Nu2Mf.debug.temp.o
 .comment       0x0000000000000000       0x2c /tmp/cc1Nu2Mf.debug.temp.o
 .note.GNU-stack
                0x0000000000000000        0x0 /tmp/cc1Nu2Mf.debug.temp.o
 .debug_info    0x0000000000000000      0x114 /tmp/cc7OAWkH.debug.temp.o
 .debug_abbrev  0x0000000000000000       0xb8 /tmp/cc7OAWkH.debug.temp.o
 .debug_line    0x0000000000000000       0x51 /tmp/cc7OAWkH.debug.temp.o
 .debug_str     0x0000000000000000      0x256 /tmp/cc7OAWkH.debug.temp.o
 .debug_line_str
                0x0000000000000000      0x1c9 /tmp/cc7OAWkH.debug.temp.o
 .comment       0x0000000000000000       0x2c /tmp/cc7OAWkH.debug.temp.o
 .note.GNU-stack
                0x0000000000000000        0x0 /tmp/cc7OAWkH.debug.temp.o
 .comment       0x0000000000000000       0x2c /tmp/cc2P1GFY.debug.temp.o
 .note.GNU-stack
                0x0000000000000000        0x0 /tmp/cc2P1GFY.debug.temp.o
 .debug_info    0x0000000000000000       0xb6 /tmp/ccRssji8.debug.temp.o
 .debug_abbrev  0x0000000000000000       0x79 /tmp/ccRssji8.debug.temp.o
 .debug_line    0x0000000000000000       0x4c /tmp/ccRssji8.debug.temp.o
 .debug_str     0x0000000000000000      0x226 /tmp/ccRssji8.debug.temp.o
 .debug_line_str
                0x0000000000000000      0x17c /tmp/ccRssji8.debug.temp.o
 .comment       0x0000000000000000       0x2c /tmp/ccRssji8.debug.temp.o
 .note.GNU-stack
                0x0000000000000000        0x0 /tmp/ccRssji8.debug.temp.o
 .comment       0x0000000000000000       0x2c /tmp/ccjtH895.debug.temp.o
 .note.GNU-stack
                0x0000000000000000        0x0 /tmp/ccjtH895.debug.temp.o
 .comment       0x0000000000000000       0x2c /tmp/cc3cvT1w.debug.temp.o
 .note.GNU-stack
                0x0000000000000000        0x0 /tmp/cc3cvT1w.debug.temp.o
 .debug_info    0x0000000000000000       0xc1 /tmp/ccyM5QRl.debug.temp.o
 .debug_abbrev  0x0000000000000000       0x88 /tmp/ccyM5QRl.debug.temp.o
 .debug_line    0x0000000000000000       0x48 /tmp/ccyM5QRl.debug.temp.o
 .debug_str     0x0000000000000000      0x23a /tmp/ccyM5QRl.debug.temp.o
 .debug_line_str
                0x0000000000000000      0x151 /tmp/ccyM5QRl.debug.temp.o
 .comment       0x0000000000000000       0x2c /tmp/ccyM5QRl.debug.temp.o
 .note.GNU-stack
                0x0000000000000000        0x0 /tmp/ccyM5QRl.debug.temp.o
 .debug_info    0x0000000000000000      0x10b /tmp/ccpOPghx.debug.temp.o
 .debug_abbrev  0x0000000000000000       0xb2 /tmp/ccpOPghx.debug.temp.o
 .debug_line    0x0000000000000000       0x51 /tmp/ccpOPghx.debug.temp.o
 .debug_str     0x0000000000000000      0x25d /tmp/ccpOPghx.debug.temp.o
 .debug_line_str
                0x0000000000000000      0x18e /tmp/ccpOPghx.debug.temp.o
 .comment       0x0000000000000000       0x2c /tmp/ccpOPghx.debug.temp.o
 .note.GNU-stack
                0x0000000000000000        0x0 /tmp/ccpOPghx.debug.temp.o
 .debug_info    0x0000000000000000       0xb3 /tmp/ccV8AFle.debug.temp.o
 .debug_abbrev  0x0000000000000000       0x88 /tmp/ccV8AFle.debug.temp.o
 .debug_line    0x0000000000000000       0x4c /tmp/ccV8AFle.debug.temp.o
 .debug_str     0x0000000000000000      0x260 /tmp/ccV8AFle.debug.temp.o
 .debug_line_str
                0x0000000000000000      0x260 /tmp/ccV8AFle.debug.temp.o
 .comment       0x0000000000000000       0x2c /tmp/ccV8AFle.debug.temp.o
 .note.GNU-stack
                0x0000000000000000        0x0 /tmp/ccV8AFle.debug.temp.o
 .comment       0x0000000000000000       0x2c /tmp/ccIicEqo.debug.temp.o
 .note.GNU-stack
                0x0000000000000000        0x0 /tmp/ccIicEqo.debug.temp.o
 .comment       0x0000000000000000       0x2c /tmp/ccDSUfnQ.debug.temp.o
 .note.GNU-stack
                0x0000000000000000        0x0 /tmp/ccDSUfnQ.debug.temp.o
 .comment       0x0000000000000000       0x2c /tmp/ccF0mcov.debug.temp.o
 .note.GNU-stack
                0x0000000000000000        0x0 /tmp/ccF0mcov.debug.temp.o
 .debug_info    0x0000000000000000      0x6ac /tmp/ccxD3zqg.debug.temp.o
 .debug_abbrev  0x0000000000000000      0x1e6 /tmp/ccxD3zqg.debug.temp.o
 .debug_line    0x0000000000000000       0x7b /tmp/ccxD3zqg.debug.temp.o
 .debug_str     0x0000000000000000      0x696 /tmp/ccxD3zqg.debug.temp.o
 .debug_line_str
                0x0000000000000000      0x315 /tmp/ccxD3zqg.debug.temp.o
 .comment       0x0000000000000000       0x2c /tmp/ccxD3zqg.debug.temp.o
 .note.GNU-stack
                0x0000000000000000        0x0 /tmp/ccxD3zqg.debug.temp.o
 .debug_info    0x0000000000000000      0xe34 /tmp/cczo0Aej.debug.temp.o
 .debug_abbrev  0x0000000000000000      0x196 /tmp/cczo0Aej.debug.temp.o
 .debug_line    0x0000000000000000       0x71 /tmp/cczo0Aej.debug.temp.o
 .debug_str     0x0000000000000000      0xc80 /tmp/cczo0Aej.debug.temp.o
 .debug_line_str
                0x0000000000000000      0x2a4 /tmp/cczo0Aej.debug.temp.o
 .comment       0x0000000000000000       0x2c /tmp/cczo0Aej.debug.temp.o
 .note.GNU-stack
                0x0000000000000000        0x0 /tmp/cczo0Aej.debug.temp.o
 .debug_info    0x0000000000000000      0x3f7 /tmp/ccVccsAI.debug.temp.o
 .debug_abbrev  0x0000000000000000      0x114 /tmp/ccVccsAI.debug.temp.o
 .debug_line    0x0000000000000000       0x51 /tmp/ccVccsAI.debug.temp.o
 .debug_str     0x0000000000000000      0x5b5 /tmp/ccVccsAI.debug.temp.o
 .debug_line_str
                0x0000000000000000      0x1ca /tmp/ccVccsAI.debug.temp.o
 .comment       0x0000000000000000       0x2c /tmp/ccVccsAI.debug.temp.o
 .note.GNU-stack
                0x0000000000000000        0x0 /tmp/ccVccsAI.debug.temp.o
 .debug_info    0x0000000000000000     0x25cc /tmp/ccmXoXIa.debug.temp.o
 .debug_abbrev  0x0000000000000000      0x2bf /tmp/ccmXoXIa.debug.temp.o
 .debug_line    0x0000000000000000       0xa5 /tmp/ccmXoXIa.debug.temp.o
 .debug_str     0x0000000000000000     0x145f /tmp/ccmXoXIa.debug.temp.o
 .debug_line_str
                0x0000000000000000      0x3ef /tmp/ccmXoXIa.debug.temp.o
 .comment       0x0000000000000000       0x2c /tmp/ccmXoXIa.debug.temp.o
 .note.GNU-stack
                0x0000000000000000        0x0 /tmp/ccmXoXIa.debug.temp.o
 .debug_info    0x0000000000000000     0x2ed7 /tmp/cc6ekE7X.debug.temp.o
 .debug_abbrev  0x0000000000000000      0x2a4 /tmp/cc6ekE7X.debug.temp.o
 .debug_line    0x0000000000000000       0x9b /tmp/cc6ekE7X.debug.temp.o
 .debug_str     0x0000000000000000     0x1e24 /tmp/cc6ekE7X.debug.temp.o
 .debug_line_str
                0x0000000000000000      0x3dd /tmp/cc6ekE7X.debug.temp.o
 .comment       0x0000000000000000       0x2c /tmp/cc6ekE7X.debug.temp.o
 .note.GNU-stack
                0x0000000000000000        0x0 /tmp/cc6ekE7X.debug.temp.o
 .debug_info    0x0000000000000000       0xa0 /tmp/cc8pWc3I.debug.temp.o
 .debug_abbrev  0x0000000000000000       0x75 /tmp/cc8pWc3I.debug.temp.o
 .debug_line    0x0000000000000000       0x48 /tmp/cc8pWc3I.debug.temp.o
 .debug_str     0x0000000000000000      0x21c /tmp/cc8pWc3I.debug.temp.o
 .debug_line_str
                0x0000000000000000      0x153 /tmp/cc8pWc3I.debug.temp.o
 .comment       0x0000000000000000       0x2c /tmp/cc8pWc3I.debug.temp.o
 .note.GNU-stack
                0x0000000000000000        0x0 /tmp/cc8pWc3I.debug.temp.o
 .comment       0x0000000000000000       0x2c /tmp/ccGOm6VV.debug.temp.o
 .note.GNU-stack
                0x0000000000000000        0x0 /tmp/ccGOm6VV.debug.temp.o
 .comment       0x0000000000000000       0x2c /tmp/ccGqZNfd.debug.temp.o
 .note.GNU-stack
                0x0000000000000000        0x0 /tmp/ccGqZNfd.debug.temp.o
 .comment       0x0000000000000000       0x2c /tmp/ccG0unJt.debug.temp.o
 .note.GNU-stack
                0x0000000000000000        0x0 /tmp/ccG0unJt.debug.temp.o
 .data          0x0000000000000000        0x0 /home/parallels/Desktop/edk2-exynos7885/workspace/Build/EXYNOS7885Pkg/DEBUG_GCC5/AARCH64/MdePkg/Library/BaseMemoryLibOptDxe/BaseMemoryLibOptDxe/OUTPUT/BaseMemoryLibOptDxe.lib(SetMem.obj)
 .bss           0x0000000000000000        0x0 /home/parallels/Desktop/edk2-exynos7885/workspace/Build/EXYNOS7885Pkg/DEBUG_GCC5/AARCH64/MdePkg/Library/BaseMemoryLibOptDxe/BaseMemoryLibOptDxe/OUTPUT/BaseMemoryLibOptDxe.lib(SetMem.obj)
 .data          0x0000000000000000        0x0 /home/parallels/Desktop/edk2-exynos7885/workspace/Build/EXYNOS7885Pkg/DEBUG_GCC5/AARCH64/MdePkg/Library/BaseMemoryLibOptDxe/BaseMemoryLibOptDxe/OUTPUT/BaseMemoryLibOptDxe.lib(CopyMem.obj)
 .bss           0x0000000000000000        0x0 /home/parallels/Desktop/edk2-exynos7885/workspace/Build/EXYNOS7885Pkg/DEBUG_GCC5/AARCH64/MdePkg/Library/BaseMemoryLibOptDxe/BaseMemoryLibOptDxe/OUTPUT/BaseMemoryLibOptDxe.lib(CopyMem.obj)
 .text          0x0000000000000000       0x30 /home/parallels/Desktop/edk2-exynos7885/workspace/Build/EXYNOS7885Pkg/DEBUG_GCC5/AARCH64/MdePkg/Library/BaseLib/BaseLib/OUTPUT/BaseLib.lib(SwitchStack.obj)
 .data          0x0000000000000000        0x0 /home/parallels/Desktop/edk2-exynos7885/workspace/Build/EXYNOS7885Pkg/DEBUG_GCC5/AARCH64/MdePkg/Library/BaseLib/BaseLib/OUTPUT/BaseLib.lib(SwitchStack.obj)
 .bss           0x0000000000000000        0x0 /home/parallels/Desktop/edk2-exynos7885/workspace/Build/EXYNOS7885Pkg/DEBUG_GCC5/AARCH64/MdePkg/Library/BaseLib/BaseLib/OUTPUT/BaseLib.lib(SwitchStack.obj)
 .text          0x0000000000000000        0x8 /home/parallels/Desktop/edk2-exynos7885/workspace/Build/EXYNOS7885Pkg/DEBUG_GCC5/AARCH64/MdePkg/Library/BaseLib/BaseLib/OUTPUT/BaseLib.lib(CpuBreakpoint.obj)
 .data          0x0000000000000000        0x0 /home/parallels/Desktop/edk2-exynos7885/workspace/Build/EXYNOS7885Pkg/DEBUG_GCC5/AARCH64/MdePkg/Library/BaseLib/BaseLib/OUTPUT/BaseLib.lib(CpuBreakpoint.obj)
 .bss           0x0000000000000000        0x0 /home/parallels/Desktop/edk2-exynos7885/workspace/Build/EXYNOS7885Pkg/DEBUG_GCC5/AARCH64/MdePkg/Library/BaseLib/BaseLib/OUTPUT/BaseLib.lib(CpuBreakpoint.obj)
 .data          0x0000000000000000        0x0 /home/parallels/Desktop/edk2-exynos7885/workspace/Build/EXYNOS7885Pkg/DEBUG_GCC5/AARCH64/MdePkg/Library/BaseMemoryLibOptDxe/BaseMemoryLibOptDxe/OUTPUT/BaseMemoryLibOptDxe.lib(CompareGuid.obj)
 .bss           0x0000000000000000        0x0 /home/parallels/Desktop/edk2-exynos7885/workspace/Build/EXYNOS7885Pkg/DEBUG_GCC5/AARCH64/MdePkg/Library/BaseMemoryLibOptDxe/BaseMemoryLibOptDxe/OUTPUT/BaseMemoryLibOptDxe.lib(CompareGuid.obj)
 .text          0x0000000000000000        0x0 /home/parallels/Desktop/edk2-exynos7885/workspace/Build/EXYNOS7885Pkg/DEBUG_GCC5/AARCH64/ArmPkg/Library/ArmLib/ArmBaseLib/OUTPUT/ArmBaseLib.lib(ArmLibSupport.obj)
 .data          0x0000000000000000        0x0 /home/parallels/Desktop/edk2-exynos7885/workspace/Build/EXYNOS7885Pkg/DEBUG_GCC5/AARCH64/ArmPkg/Library/ArmLib/ArmBaseLib/OUTPUT/ArmBaseLib.lib(ArmLibSupport.obj)
 .bss           0x0000000000000000        0x0 /home/parallels/Desktop/edk2-exynos7885/workspace/Build/EXYNOS7885Pkg/DEBUG_GCC5/AARCH64/ArmPkg/Library/ArmLib/ArmBaseLib/OUTPUT/ArmBaseLib.lib(ArmLibSupport.obj)
 .text.ArmReadMidr
                0x0000000000000000        0x8 /home/parallels/Desktop/edk2-exynos7885/workspace/Build/EXYNOS7885Pkg/DEBUG_GCC5/AARCH64/ArmPkg/Library/ArmLib/ArmBaseLib/OUTPUT/ArmBaseLib.lib(ArmLibSupport.obj)
 .text.ArmGetFiqState
                0x0000000000000000       0x10 /home/parallels/Desktop/edk2-exynos7885/workspace/Build/EXYNOS7885Pkg/DEBUG_GCC5/AARCH64/ArmPkg/Library/ArmLib/ArmBaseLib/OUTPUT/ArmBaseLib.lib(ArmLibSupport.obj)
 .text.ArmWriteCpacr
                0x0000000000000000        0x8 /home/parallels/Desktop/edk2-exynos7885/workspace/Build/EXYNOS7885Pkg/DEBUG_GCC5/AARCH64/ArmPkg/Library/ArmLib/ArmBaseLib/OUTPUT/ArmBaseLib.lib(ArmLibSupport.obj)
 .text.ArmWriteAuxCr
                0x0000000000000000       0x28 /home/parallels/Desktop/edk2-exynos7885/workspace/Build/EXYNOS7885Pkg/DEBUG_GCC5/AARCH64/ArmPkg/Library/ArmLib/ArmBaseLib/OUTPUT/ArmBaseLib.lib(ArmLibSupport.obj)
 .text.ArmReadAuxCr
                0x0000000000000000       0x28 /home/parallels/Desktop/edk2-exynos7885/workspace/Build/EXYNOS7885Pkg/DEBUG_GCC5/AARCH64/ArmPkg/Library/ArmLib/ArmBaseLib/OUTPUT/ArmBaseLib.lib(ArmLibSupport.obj)
 .text.ArmSetTTBR0
                0x0000000000000000       0x34 /home/parallels/Desktop/edk2-exynos7885/workspace/Build/EXYNOS7885Pkg/DEBUG_GCC5/AARCH64/ArmPkg/Library/ArmLib/ArmBaseLib/OUTPUT/ArmBaseLib.lib(ArmLibSupport.obj)
 .text.ArmGetTTBR0BaseAddress
                0x0000000000000000       0x30 /home/parallels/Desktop/edk2-exynos7885/workspace/Build/EXYNOS7885Pkg/DEBUG_GCC5/AARCH64/ArmPkg/Library/ArmLib/ArmBaseLib/OUTPUT/ArmBaseLib.lib(ArmLibSupport.obj)
 .text.ArmGetTCR
                0x0000000000000000       0x34 /home/parallels/Desktop/edk2-exynos7885/workspace/Build/EXYNOS7885Pkg/DEBUG_GCC5/AARCH64/ArmPkg/Library/ArmLib/ArmBaseLib/OUTPUT/ArmBaseLib.lib(ArmLibSupport.obj)
 .text.ArmSetTCR
                0x0000000000000000       0x34 /home/parallels/Desktop/edk2-exynos7885/workspace/Build/EXYNOS7885Pkg/DEBUG_GCC5/AARCH64/ArmPkg/Library/ArmLib/ArmBaseLib/OUTPUT/ArmBaseLib.lib(ArmLibSupport.obj)
 .text.ArmGetMAIR
                0x0000000000000000       0x34 /home/parallels/Desktop/edk2-exynos7885/workspace/Build/EXYNOS7885Pkg/DEBUG_GCC5/AARCH64/ArmPkg/Library/ArmLib/ArmBaseLib/OUTPUT/ArmBaseLib.lib(ArmLibSupport.obj)
 .text.ArmSetMAIR
                0x0000000000000000       0x34 /home/parallels/Desktop/edk2-exynos7885/workspace/Build/EXYNOS7885Pkg/DEBUG_GCC5/AARCH64/ArmPkg/Library/ArmLib/ArmBaseLib/OUTPUT/ArmBaseLib.lib(ArmLibSupport.obj)
 .text.ArmUpdateTranslationTableEntry
                0x0000000000000000       0x54 /home/parallels/Desktop/edk2-exynos7885/workspace/Build/EXYNOS7885Pkg/DEBUG_GCC5/AARCH64/ArmPkg/Library/ArmLib/ArmBaseLib/OUTPUT/ArmBaseLib.lib(ArmLibSupport.obj)
 .text.ArmInvalidateTlb
                0x0000000000000000       0x38 /home/parallels/Desktop/edk2-exynos7885/workspace/Build/EXYNOS7885Pkg/DEBUG_GCC5/AARCH64/ArmPkg/Library/ArmLib/ArmBaseLib/OUTPUT/ArmBaseLib.lib(ArmLibSupport.obj)
 .text.ArmWriteCptr
                0x0000000000000000        0x8 /home/parallels/Desktop/edk2-exynos7885/workspace/Build/EXYNOS7885Pkg/DEBUG_GCC5/AARCH64/ArmPkg/Library/ArmLib/ArmBaseLib/OUTPUT/ArmBaseLib.lib(ArmLibSupport.obj)
 .text.ArmWriteScr
                0x0000000000000000        0xc /home/parallels/Desktop/edk2-exynos7885/workspace/Build/EXYNOS7885Pkg/DEBUG_GCC5/AARCH64/ArmPkg/Library/ArmLib/ArmBaseLib/OUTPUT/ArmBaseLib.lib(ArmLibSupport.obj)
 .text.ArmWriteMVBar
                0x0000000000000000        0x8 /home/parallels/Desktop/edk2-exynos7885/workspace/Build/EXYNOS7885Pkg/DEBUG_GCC5/AARCH64/ArmPkg/Library/ArmLib/ArmBaseLib/OUTPUT/ArmBaseLib.lib(ArmLibSupport.obj)
 .text.ArmCallWFE
                0x0000000000000000        0x8 /home/parallels/Desktop/edk2-exynos7885/workspace/Build/EXYNOS7885Pkg/DEBUG_GCC5/AARCH64/ArmPkg/Library/ArmLib/ArmBaseLib/OUTPUT/ArmBaseLib.lib(ArmLibSupport.obj)
 .text.ArmCallSEV
                0x0000000000000000        0x8 /home/parallels/Desktop/edk2-exynos7885/workspace/Build/EXYNOS7885Pkg/DEBUG_GCC5/AARCH64/ArmPkg/Library/ArmLib/ArmBaseLib/OUTPUT/ArmBaseLib.lib(ArmLibSupport.obj)
 .text.ArmReadCpuActlr
                0x0000000000000000        0x8 /home/parallels/Desktop/edk2-exynos7885/workspace/Build/EXYNOS7885Pkg/DEBUG_GCC5/AARCH64/ArmPkg/Library/ArmLib/ArmBaseLib/OUTPUT/ArmBaseLib.lib(ArmLibSupport.obj)
 .text.ArmWriteCpuActlr
                0x0000000000000000       0x10 /home/parallels/Desktop/edk2-exynos7885/workspace/Build/EXYNOS7885Pkg/DEBUG_GCC5/AARCH64/ArmPkg/Library/ArmLib/ArmBaseLib/OUTPUT/ArmBaseLib.lib(ArmLibSupport.obj)
 .text.ArmReadSctlr
                0x0000000000000000       0x30 /home/parallels/Desktop/edk2-exynos7885/workspace/Build/EXYNOS7885Pkg/DEBUG_GCC5/AARCH64/ArmPkg/Library/ArmLib/ArmBaseLib/OUTPUT/ArmBaseLib.lib(ArmLibSupport.obj)
 .text.ArmWriteSctlr
                0x0000000000000000       0x30 /home/parallels/Desktop/edk2-exynos7885/workspace/Build/EXYNOS7885Pkg/DEBUG_GCC5/AARCH64/ArmPkg/Library/ArmLib/ArmBaseLib/OUTPUT/ArmBaseLib.lib(ArmLibSupport.obj)
 .text.ArmGetPhysicalAddressBits
                0x0000000000000000       0x24 /home/parallels/Desktop/edk2-exynos7885/workspace/Build/EXYNOS7885Pkg/DEBUG_GCC5/AARCH64/ArmPkg/Library/ArmLib/ArmBaseLib/OUTPUT/ArmBaseLib.lib(ArmLibSupport.obj)
 .text          0x0000000000000000        0x0 /home/parallels/Desktop/edk2-exynos7885/workspace/Build/EXYNOS7885Pkg/DEBUG_GCC5/AARCH64/ArmPkg/Library/ArmLib/ArmBaseLib/OUTPUT/ArmBaseLib.lib(ArmLibSupportV8.obj)
 .data          0x0000000000000000        0x0 /home/parallels/Desktop/edk2-exynos7885/workspace/Build/EXYNOS7885Pkg/DEBUG_GCC5/AARCH64/ArmPkg/Library/ArmLib/ArmBaseLib/OUTPUT/ArmBaseLib.lib(ArmLibSupportV8.obj)
 .bss           0x0000000000000000        0x0 /home/parallels/Desktop/edk2-exynos7885/workspace/Build/EXYNOS7885Pkg/DEBUG_GCC5/AARCH64/ArmPkg/Library/ArmLib/ArmBaseLib/OUTPUT/ArmBaseLib.lib(ArmLibSupportV8.obj)
 .text.ArmIsMpCore
                0x0000000000000000       0x14 /home/parallels/Desktop/edk2-exynos7885/workspace/Build/EXYNOS7885Pkg/DEBUG_GCC5/AARCH64/ArmPkg/Library/ArmLib/ArmBaseLib/OUTPUT/ArmBaseLib.lib(ArmLibSupportV8.obj)
 .text.ArmEnableAsynchronousAbort
                0x0000000000000000        0xc /home/parallels/Desktop/edk2-exynos7885/workspace/Build/EXYNOS7885Pkg/DEBUG_GCC5/AARCH64/ArmPkg/Library/ArmLib/ArmBaseLib/OUTPUT/ArmBaseLib.lib(ArmLibSupportV8.obj)
 .text.ArmDisableAsynchronousAbort
                0x0000000000000000        0xc /home/parallels/Desktop/edk2-exynos7885/workspace/Build/EXYNOS7885Pkg/DEBUG_GCC5/AARCH64/ArmPkg/Library/ArmLib/ArmBaseLib/OUTPUT/ArmBaseLib.lib(ArmLibSupportV8.obj)
 .text.ArmEnableIrq
                0x0000000000000000        0xc /home/parallels/Desktop/edk2-exynos7885/workspace/Build/EXYNOS7885Pkg/DEBUG_GCC5/AARCH64/ArmPkg/Library/ArmLib/ArmBaseLib/OUTPUT/ArmBaseLib.lib(ArmLibSupportV8.obj)
 .text.ArmDisableIrq
                0x0000000000000000        0xc /home/parallels/Desktop/edk2-exynos7885/workspace/Build/EXYNOS7885Pkg/DEBUG_GCC5/AARCH64/ArmPkg/Library/ArmLib/ArmBaseLib/OUTPUT/ArmBaseLib.lib(ArmLibSupportV8.obj)
 .text.ArmEnableFiq
                0x0000000000000000        0xc /home/parallels/Desktop/edk2-exynos7885/workspace/Build/EXYNOS7885Pkg/DEBUG_GCC5/AARCH64/ArmPkg/Library/ArmLib/ArmBaseLib/OUTPUT/ArmBaseLib.lib(ArmLibSupportV8.obj)
 .text.ArmDisableFiq
                0x0000000000000000        0xc /home/parallels/Desktop/edk2-exynos7885/workspace/Build/EXYNOS7885Pkg/DEBUG_GCC5/AARCH64/ArmPkg/Library/ArmLib/ArmBaseLib/OUTPUT/ArmBaseLib.lib(ArmLibSupportV8.obj)
 .text.ArmDisableAllExceptions
                0x0000000000000000        0xc /home/parallels/Desktop/edk2-exynos7885/workspace/Build/EXYNOS7885Pkg/DEBUG_GCC5/AARCH64/ArmPkg/Library/ArmLib/ArmBaseLib/OUTPUT/ArmBaseLib.lib(ArmLibSupportV8.obj)
 .text.ReadCCSIDR
                0x0000000000000000       0x10 /home/parallels/Desktop/edk2-exynos7885/workspace/Build/EXYNOS7885Pkg/DEBUG_GCC5/AARCH64/ArmPkg/Library/ArmLib/ArmBaseLib/OUTPUT/ArmBaseLib.lib(ArmLibSupportV8.obj)
 .text.ReadCLIDR
                0x0000000000000000        0x8 /home/parallels/Desktop/edk2-exynos7885/workspace/Build/EXYNOS7885Pkg/DEBUG_GCC5/AARCH64/ArmPkg/Library/ArmLib/ArmBaseLib/OUTPUT/ArmBaseLib.lib(ArmLibSupportV8.obj)
 .text          0x0000000000000000        0x0 /home/parallels/Desktop/edk2-exynos7885/workspace/Build/EXYNOS7885Pkg/DEBUG_GCC5/AARCH64/ArmPkg/Library/ArmLib/ArmBaseLib/OUTPUT/ArmBaseLib.lib(AArch64Support.obj)
 .data          0x0000000000000000        0x0 /home/parallels/Desktop/edk2-exynos7885/workspace/Build/EXYNOS7885Pkg/DEBUG_GCC5/AARCH64/ArmPkg/Library/ArmLib/ArmBaseLib/OUTPUT/ArmBaseLib.lib(AArch64Support.obj)
 .bss           0x0000000000000000        0x0 /home/parallels/Desktop/edk2-exynos7885/workspace/Build/EXYNOS7885Pkg/DEBUG_GCC5/AARCH64/ArmPkg/Library/ArmLib/ArmBaseLib/OUTPUT/ArmBaseLib.lib(AArch64Support.obj)
 .text.ArmInvalidateDataCacheEntryByMVA
                0x0000000000000000        0x8 /home/parallels/Desktop/edk2-exynos7885/workspace/Build/EXYNOS7885Pkg/DEBUG_GCC5/AARCH64/ArmPkg/Library/ArmLib/ArmBaseLib/OUTPUT/ArmBaseLib.lib(AArch64Support.obj)
 .text.ArmCleanDataCacheEntryByMVA
                0x0000000000000000        0x8 /home/parallels/Desktop/edk2-exynos7885/workspace/Build/EXYNOS7885Pkg/DEBUG_GCC5/AARCH64/ArmPkg/Library/ArmLib/ArmBaseLib/OUTPUT/ArmBaseLib.lib(AArch64Support.obj)
 .text.ArmCleanDataCacheEntryToPoUByMVA
                0x0000000000000000        0x8 /home/parallels/Desktop/edk2-exynos7885/workspace/Build/EXYNOS7885Pkg/DEBUG_GCC5/AARCH64/ArmPkg/Library/ArmLib/ArmBaseLib/OUTPUT/ArmBaseLib.lib(AArch64Support.obj)
 .text.ArmInvalidateInstructionCacheEntryToPoUByMVA
                0x0000000000000000        0x8 /home/parallels/Desktop/edk2-exynos7885/workspace/Build/EXYNOS7885Pkg/DEBUG_GCC5/AARCH64/ArmPkg/Library/ArmLib/ArmBaseLib/OUTPUT/ArmBaseLib.lib(AArch64Support.obj)
 .text.ArmInvalidateDataCacheEntryBySetWay
                0x0000000000000000        0x8 /home/parallels/Desktop/edk2-exynos7885/workspace/Build/EXYNOS7885Pkg/DEBUG_GCC5/AARCH64/ArmPkg/Library/ArmLib/ArmBaseLib/OUTPUT/ArmBaseLib.lib(AArch64Support.obj)
 .text.ArmCleanInvalidateDataCacheEntryBySetWay
                0x0000000000000000        0x8 /home/parallels/Desktop/edk2-exynos7885/workspace/Build/EXYNOS7885Pkg/DEBUG_GCC5/AARCH64/ArmPkg/Library/ArmLib/ArmBaseLib/OUTPUT/ArmBaseLib.lib(AArch64Support.obj)
 .text.ArmCleanDataCacheEntryBySetWay
                0x0000000000000000        0x8 /home/parallels/Desktop/edk2-exynos7885/workspace/Build/EXYNOS7885Pkg/DEBUG_GCC5/AARCH64/ArmPkg/Library/ArmLib/ArmBaseLib/OUTPUT/ArmBaseLib.lib(AArch64Support.obj)
 .text.ArmInvalidateInstructionCache
                0x0000000000000000       0x10 /home/parallels/Desktop/edk2-exynos7885/workspace/Build/EXYNOS7885Pkg/DEBUG_GCC5/AARCH64/ArmPkg/Library/ArmLib/ArmBaseLib/OUTPUT/ArmBaseLib.lib(AArch64Support.obj)
 .text.ArmEnableMmu
                0x0000000000000000       0x88 /home/parallels/Desktop/edk2-exynos7885/workspace/Build/EXYNOS7885Pkg/DEBUG_GCC5/AARCH64/ArmPkg/Library/ArmLib/ArmBaseLib/OUTPUT/ArmBaseLib.lib(AArch64Support.obj)
 .text.ArmDisableMmu
                0x0000000000000000       0x74 /home/parallels/Desktop/edk2-exynos7885/workspace/Build/EXYNOS7885Pkg/DEBUG_GCC5/AARCH64/ArmPkg/Library/ArmLib/ArmBaseLib/OUTPUT/ArmBaseLib.lib(AArch64Support.obj)
 .text.ArmDisableCachesAndMmu
                0x0000000000000000       0x6c /home/parallels/Desktop/edk2-exynos7885/workspace/Build/EXYNOS7885Pkg/DEBUG_GCC5/AARCH64/ArmPkg/Library/ArmLib/ArmBaseLib/OUTPUT/ArmBaseLib.lib(AArch64Support.obj)
 .text.ArmMmuEnabled
                0x0000000000000000       0x34 /home/parallels/Desktop/edk2-exynos7885/workspace/Build/EXYNOS7885Pkg/DEBUG_GCC5/AARCH64/ArmPkg/Library/ArmLib/ArmBaseLib/OUTPUT/ArmBaseLib.lib(AArch64Support.obj)
 .text.ArmEnableDataCache
                0x0000000000000000       0x68 /home/parallels/Desktop/edk2-exynos7885/workspace/Build/EXYNOS7885Pkg/DEBUG_GCC5/AARCH64/ArmPkg/Library/ArmLib/ArmBaseLib/OUTPUT/ArmBaseLib.lib(AArch64Support.obj)
 .text.ArmDisableDataCache
                0x0000000000000000       0x68 /home/parallels/Desktop/edk2-exynos7885/workspace/Build/EXYNOS7885Pkg/DEBUG_GCC5/AARCH64/ArmPkg/Library/ArmLib/ArmBaseLib/OUTPUT/ArmBaseLib.lib(AArch64Support.obj)
 .text.ArmEnableInstructionCache
                0x0000000000000000       0x68 /home/parallels/Desktop/edk2-exynos7885/workspace/Build/EXYNOS7885Pkg/DEBUG_GCC5/AARCH64/ArmPkg/Library/ArmLib/ArmBaseLib/OUTPUT/ArmBaseLib.lib(AArch64Support.obj)
 .text.ArmDisableInstructionCache
                0x0000000000000000       0x68 /home/parallels/Desktop/edk2-exynos7885/workspace/Build/EXYNOS7885Pkg/DEBUG_GCC5/AARCH64/ArmPkg/Library/ArmLib/ArmBaseLib/OUTPUT/ArmBaseLib.lib(AArch64Support.obj)
 .text.ArmEnableAlignmentCheck
                0x0000000000000000       0x58 /home/parallels/Desktop/edk2-exynos7885/workspace/Build/EXYNOS7885Pkg/DEBUG_GCC5/AARCH64/ArmPkg/Library/ArmLib/ArmBaseLib/OUTPUT/ArmBaseLib.lib(AArch64Support.obj)
 .text.ArmDisableAlignmentCheck
                0x0000000000000000       0x68 /home/parallels/Desktop/edk2-exynos7885/workspace/Build/EXYNOS7885Pkg/DEBUG_GCC5/AARCH64/ArmPkg/Library/ArmLib/ArmBaseLib/OUTPUT/ArmBaseLib.lib(AArch64Support.obj)
 .text.ArmEnableStackAlignmentCheck
                0x0000000000000000       0x58 /home/parallels/Desktop/edk2-exynos7885/workspace/Build/EXYNOS7885Pkg/DEBUG_GCC5/AARCH64/ArmPkg/Library/ArmLib/ArmBaseLib/OUTPUT/ArmBaseLib.lib(AArch64Support.obj)
 .text.ArmDisableStackAlignmentCheck
                0x0000000000000000       0x68 /home/parallels/Desktop/edk2-exynos7885/workspace/Build/EXYNOS7885Pkg/DEBUG_GCC5/AARCH64/ArmPkg/Library/ArmLib/ArmBaseLib/OUTPUT/ArmBaseLib.lib(AArch64Support.obj)
 .text.ArmEnableBranchPrediction
                0x0000000000000000        0x4 /home/parallels/Desktop/edk2-exynos7885/workspace/Build/EXYNOS7885Pkg/DEBUG_GCC5/AARCH64/ArmPkg/Library/ArmLib/ArmBaseLib/OUTPUT/ArmBaseLib.lib(AArch64Support.obj)
 .text.ArmDisableBranchPrediction
                0x0000000000000000        0x4 /home/parallels/Desktop/edk2-exynos7885/workspace/Build/EXYNOS7885Pkg/DEBUG_GCC5/AARCH64/ArmPkg/Library/ArmLib/ArmBaseLib/OUTPUT/ArmBaseLib.lib(AArch64Support.obj)
 .text.AArch64AllDataCachesOperation
                0x0000000000000000       0xa8 /home/parallels/Desktop/edk2-exynos7885/workspace/Build/EXYNOS7885Pkg/DEBUG_GCC5/AARCH64/ArmPkg/Library/ArmLib/ArmBaseLib/OUTPUT/ArmBaseLib.lib(AArch64Support.obj)
 .text.ArmDataMemoryBarrier
                0x0000000000000000        0x8 /home/parallels/Desktop/edk2-exynos7885/workspace/Build/EXYNOS7885Pkg/DEBUG_GCC5/AARCH64/ArmPkg/Library/ArmLib/ArmBaseLib/OUTPUT/ArmBaseLib.lib(AArch64Support.obj)
 .text.ArmInstructionSynchronizationBarrier
                0x0000000000000000        0x8 /home/parallels/Desktop/edk2-exynos7885/workspace/Build/EXYNOS7885Pkg/DEBUG_GCC5/AARCH64/ArmPkg/Library/ArmLib/ArmBaseLib/OUTPUT/ArmBaseLib.lib(AArch64Support.obj)
 .text.ArmWriteVBar
                0x0000000000000000       0x34 /home/parallels/Desktop/edk2-exynos7885/workspace/Build/EXYNOS7885Pkg/DEBUG_GCC5/AARCH64/ArmPkg/Library/ArmLib/ArmBaseLib/OUTPUT/ArmBaseLib.lib(AArch64Support.obj)
 .text.ArmReadVBar
                0x0000000000000000       0x30 /home/parallels/Desktop/edk2-exynos7885/workspace/Build/EXYNOS7885Pkg/DEBUG_GCC5/AARCH64/ArmPkg/Library/ArmLib/ArmBaseLib/OUTPUT/ArmBaseLib.lib(AArch64Support.obj)
 .text.ArmEnableVFP
                0x0000000000000000       0x64 /home/parallels/Desktop/edk2-exynos7885/workspace/Build/EXYNOS7885Pkg/DEBUG_GCC5/AARCH64/ArmPkg/Library/ArmLib/ArmBaseLib/OUTPUT/ArmBaseLib.lib(AArch64Support.obj)
 .text.ArmCallWFI
                0x0000000000000000        0x8 /home/parallels/Desktop/edk2-exynos7885/workspace/Build/EXYNOS7885Pkg/DEBUG_GCC5/AARCH64/ArmPkg/Library/ArmLib/ArmBaseLib/OUTPUT/ArmBaseLib.lib(AArch64Support.obj)
 .text.ArmReadIdAA64Mmfr2
                0x0000000000000000        0x8 /home/parallels/Desktop/edk2-exynos7885/workspace/Build/EXYNOS7885Pkg/DEBUG_GCC5/AARCH64/ArmPkg/Library/ArmLib/ArmBaseLib/OUTPUT/ArmBaseLib.lib(AArch64Support.obj)
 .text.ArmReadMpidr
                0x0000000000000000        0x8 /home/parallels/Desktop/edk2-exynos7885/workspace/Build/EXYNOS7885Pkg/DEBUG_GCC5/AARCH64/ArmPkg/Library/ArmLib/ArmBaseLib/OUTPUT/ArmBaseLib.lib(AArch64Support.obj)
 .text.ArmReadTpidrurw
                0x0000000000000000        0x8 /home/parallels/Desktop/edk2-exynos7885/workspace/Build/EXYNOS7885Pkg/DEBUG_GCC5/AARCH64/ArmPkg/Library/ArmLib/ArmBaseLib/OUTPUT/ArmBaseLib.lib(AArch64Support.obj)
 .text.ArmWriteTpidrurw
                0x0000000000000000        0x8 /home/parallels/Desktop/edk2-exynos7885/workspace/Build/EXYNOS7885Pkg/DEBUG_GCC5/AARCH64/ArmPkg/Library/ArmLib/ArmBaseLib/OUTPUT/ArmBaseLib.lib(AArch64Support.obj)
 .text.ArmIsArchTimerImplemented
                0x0000000000000000        0x8 /home/parallels/Desktop/edk2-exynos7885/workspace/Build/EXYNOS7885Pkg/DEBUG_GCC5/AARCH64/ArmPkg/Library/ArmLib/ArmBaseLib/OUTPUT/ArmBaseLib.lib(AArch64Support.obj)
 .text.ArmReadIdAA64Pfr0
                0x0000000000000000        0x8 /home/parallels/Desktop/edk2-exynos7885/workspace/Build/EXYNOS7885Pkg/DEBUG_GCC5/AARCH64/ArmPkg/Library/ArmLib/ArmBaseLib/OUTPUT/ArmBaseLib.lib(AArch64Support.obj)
 .text.ArmWriteHcr
                0x0000000000000000        0x8 /home/parallels/Desktop/edk2-exynos7885/workspace/Build/EXYNOS7885Pkg/DEBUG_GCC5/AARCH64/ArmPkg/Library/ArmLib/ArmBaseLib/OUTPUT/ArmBaseLib.lib(AArch64Support.obj)
 .text.ArmReadHcr
                0x0000000000000000        0x8 /home/parallels/Desktop/edk2-exynos7885/workspace/Build/EXYNOS7885Pkg/DEBUG_GCC5/AARCH64/ArmPkg/Library/ArmLib/ArmBaseLib/OUTPUT/ArmBaseLib.lib(AArch64Support.obj)
 .text.ArmReadCurrentEL
                0x0000000000000000        0x8 /home/parallels/Desktop/edk2-exynos7885/workspace/Build/EXYNOS7885Pkg/DEBUG_GCC5/AARCH64/ArmPkg/Library/ArmLib/ArmBaseLib/OUTPUT/ArmBaseLib.lib(AArch64Support.obj)
 .text.ArmReadCntHctl
                0x0000000000000000        0x8 /home/parallels/Desktop/edk2-exynos7885/workspace/Build/EXYNOS7885Pkg/DEBUG_GCC5/AARCH64/ArmPkg/Library/ArmLib/ArmBaseLib/OUTPUT/ArmBaseLib.lib(AArch64Support.obj)
 .text.ArmWriteCntHctl
                0x0000000000000000        0x8 /home/parallels/Desktop/edk2-exynos7885/workspace/Build/EXYNOS7885Pkg/DEBUG_GCC5/AARCH64/ArmPkg/Library/ArmLib/ArmBaseLib/OUTPUT/ArmBaseLib.lib(AArch64Support.obj)

Memory Configuration

Name             Origin             Length             Attributes
*default*        0x0000000000000000 0xffffffffffffffff

Linker script and memory map

LOAD /home/parallels/Desktop/edk2/ArmPkg/Library/GccLto/liblto-aarch64.a
START GROUP
LOAD /tmp/ccF9I3go.ltrans0.ltrans.o
LOAD /tmp/ccFzHn8A.debug.temp.o
LOAD /tmp/ccxzwhDq.debug.temp.o
LOAD /tmp/ccE94aH5.debug.temp.o
LOAD /tmp/ccw7l4U4.debug.temp.o
LOAD /tmp/ccNESvn1.debug.temp.o
LOAD /tmp/ccpKyovG.debug.temp.o
LOAD /tmp/ccqOejO8.debug.temp.o
LOAD /tmp/ccAjjE2x.debug.temp.o
LOAD /tmp/ccl68n56.debug.temp.o
LOAD /tmp/ccYsu6vs.debug.temp.o
LOAD /tmp/ccNpe6Z0.debug.temp.o
LOAD /tmp/ccdF1VB2.debug.temp.o
LOAD /tmp/ccWapyZq.debug.temp.o
LOAD /tmp/cc9VdFt4.debug.temp.o
LOAD /tmp/cccuXQe3.debug.temp.o
LOAD /tmp/ccMdveFZ.debug.temp.o
LOAD /tmp/ccLxaqZ4.debug.temp.o
LOAD /tmp/ccJMNWUe.debug.temp.o
LOAD /tmp/ccOnJzAb.debug.temp.o
LOAD /tmp/ccPZzUdO.debug.temp.o
LOAD /tmp/ccQN6cFn.debug.temp.o
LOAD /tmp/ccCL51ga.debug.temp.o
LOAD /tmp/ccDSarog.debug.temp.o
LOAD /tmp/ccCIsN0l.debug.temp.o
LOAD /tmp/cclG04FC.debug.temp.o
LOAD /tmp/ccuhiGyt.debug.temp.o
LOAD /tmp/cc1Nu2Mf.debug.temp.o
LOAD /tmp/cc7OAWkH.debug.temp.o
LOAD /tmp/cc2P1GFY.debug.temp.o
LOAD /tmp/ccRssji8.debug.temp.o
LOAD /tmp/ccjtH895.debug.temp.o
LOAD /tmp/cc3cvT1w.debug.temp.o
LOAD /tmp/ccyM5QRl.debug.temp.o
LOAD /tmp/ccpOPghx.debug.temp.o
LOAD /tmp/ccV8AFle.debug.temp.o
LOAD /tmp/ccIicEqo.debug.temp.o
LOAD /tmp/ccDSUfnQ.debug.temp.o
LOAD /tmp/ccF0mcov.debug.temp.o
LOAD /tmp/ccxD3zqg.debug.temp.o
LOAD /tmp/cczo0Aej.debug.temp.o
LOAD /tmp/ccVccsAI.debug.temp.o
LOAD /tmp/ccmXoXIa.debug.temp.o
LOAD /tmp/cc6ekE7X.debug.temp.o
LOAD /tmp/cc8pWc3I.debug.temp.o
LOAD /tmp/ccGOm6VV.debug.temp.o
LOAD /tmp/ccGqZNfd.debug.temp.o
LOAD /tmp/ccG0unJt.debug.temp.o
LOAD /home/parallels/Desktop/edk2-exynos7885/workspace/Build/EXYNOS7885Pkg/DEBUG_GCC5/AARCH64/MdeModulePkg/Universal/Acpi/BootGraphicsResourceTableDxe/BootGraphicsResourceTableDxe/OUTPUT/BootGraphicsResourceTableDxe.lib
LOAD /home/parallels/Desktop/edk2-exynos7885/workspace/Build/EXYNOS7885Pkg/DEBUG_GCC5/AARCH64/MdePkg/Library/DxePcdLib/DxePcdLib/OUTPUT/DxePcdLib.lib
LOAD /home/parallels/Desktop/edk2-exynos7885/workspace/Build/EXYNOS7885Pkg/DEBUG_GCC5/AARCH64/MdePkg/Library/BaseMemoryLibOptDxe/BaseMemoryLibOptDxe/OUTPUT/BaseMemoryLibOptDxe.lib
LOAD /home/parallels/Desktop/edk2-exynos7885/workspace/Build/EXYNOS7885Pkg/DEBUG_GCC5/AARCH64/MdePkg/Library/BaseLib/BaseLib/OUTPUT/BaseLib.lib
LOAD /home/parallels/Desktop/edk2-exynos7885/workspace/Build/EXYNOS7885Pkg/DEBUG_GCC5/AARCH64/ArmPkg/Library/ArmLib/ArmBaseLib/OUTPUT/ArmBaseLib.lib
LOAD /home/parallels/Desktop/edk2-exynos7885/workspace/Build/EXYNOS7885Pkg/DEBUG_GCC5/AARCH64/MdePkg/Library/RegisterFilterLibNull/RegisterFilterLibNull/OUTPUT/FilterLibNull.lib
LOAD /home/parallels/Desktop/edk2-exynos7885/workspace/Build/EXYNOS7885Pkg/DEBUG_GCC5/AARCH64/ArmPkg/Library/ArmCacheMaintenanceLib/ArmCacheMaintenanceLib/OUTPUT/ArmCacheMaintenanceLib.lib
LOAD /home/parallels/Desktop/edk2-exynos7885/workspace/Build/EXYNOS7885Pkg/DEBUG_GCC5/AARCH64/MdePkg/Library/BaseIoLibIntrinsic/BaseIoLibIntrinsic/OUTPUT/BaseIoLibIntrinsic.lib
LOAD /home/parallels/Desktop/edk2-exynos7885/workspace/Build/EXYNOS7885Pkg/DEBUG_GCC5/AARCH64/ArmPkg/Library/CompilerIntrinsicsLib/CompilerIntrinsicsLib/OUTPUT/CompilerIntrinsicsLib.lib
LOAD /home/parallels/Desktop/edk2-exynos7885/workspace/Build/EXYNOS7885Pkg/DEBUG_GCC5/AARCH64/MdePkg/Library/BaseDebugPrintErrorLevelLib/BaseDebugPrintErrorLevelLib/OUTPUT/BaseDebugPrintErrorLevelLib.lib
LOAD /home/parallels/Desktop/edk2-exynos7885/workspace/Build/EXYNOS7885Pkg/DEBUG_GCC5/AARCH64/MdePkg/Library/BasePrintLib/BasePrintLib/OUTPUT/BasePrintLib.lib
LOAD /home/parallels/Desktop/edk2-exynos7885/workspace/Build/EXYNOS7885Pkg/DEBUG_GCC5/AARCH64/EXYNOS7885Pkg/Library/FrameBufferSerialPortLib/FrameBufferSerialPortLib/OUTPUT/FrameBufferSerialPortLib.lib
LOAD /home/parallels/Desktop/edk2-exynos7885/workspace/Build/EXYNOS7885Pkg/DEBUG_GCC5/AARCH64/MdePkg/Library/BaseDebugLibSerialPort/BaseDebugLibSerialPort/OUTPUT/BaseDebugLibSerialPort.lib
LOAD /home/parallels/Desktop/edk2-exynos7885/workspace/Build/EXYNOS7885Pkg/DEBUG_GCC5/AARCH64/MdePkg/Library/UefiMemoryAllocationLib/UefiMemoryAllocationLib/OUTPUT/UefiMemoryAllocationLib.lib
LOAD /home/parallels/Desktop/edk2-exynos7885/workspace/Build/EXYNOS7885Pkg/DEBUG_GCC5/AARCH64/MdePkg/Library/UefiRuntimeServicesTableLib/UefiRuntimeServicesTableLib/OUTPUT/UefiRuntimeServicesTableLib.lib
LOAD /home/parallels/Desktop/edk2-exynos7885/workspace/Build/EXYNOS7885Pkg/DEBUG_GCC5/AARCH64/MdePkg/Library/UefiDevicePathLib/UefiDevicePathLib/OUTPUT/UefiDevicePathLib.lib
LOAD /home/parallels/Desktop/edk2-exynos7885/workspace/Build/EXYNOS7885Pkg/DEBUG_GCC5/AARCH64/MdePkg/Library/UefiBootServicesTableLib/UefiBootServicesTableLib/OUTPUT/UefiBootServicesTableLib.lib
LOAD /home/parallels/Desktop/edk2-exynos7885/workspace/Build/EXYNOS7885Pkg/DEBUG_GCC5/AARCH64/MdePkg/Library/UefiLib/UefiLib/OUTPUT/UefiLib.lib
LOAD /home/parallels/Desktop/edk2-exynos7885/workspace/Build/EXYNOS7885Pkg/DEBUG_GCC5/AARCH64/MdePkg/Library/DxeHobLib/DxeHobLib/OUTPUT/DxeHobLib.lib
LOAD /home/parallels/Desktop/edk2-exynos7885/workspace/Build/EXYNOS7885Pkg/DEBUG_GCC5/AARCH64/MdePkg/Library/BaseSafeIntLib/BaseSafeIntLib/OUTPUT/BaseSafeIntLib.lib
LOAD /home/parallels/Desktop/edk2-exynos7885/workspace/Build/EXYNOS7885Pkg/DEBUG_GCC5/AARCH64/MdePkg/Library/UefiDriverEntryPoint/UefiDriverEntryPoint/OUTPUT/UefiDriverEntryPoint.lib
LOAD /home/parallels/Desktop/edk2-exynos7885/workspace/Build/EXYNOS7885Pkg/DEBUG_GCC5/AARCH64/MdeModulePkg/Library/BaseBmpSupportLib/BaseBmpSupportLib/OUTPUT/BaseBmpSupportLib.lib
LOAD /home/parallels/Desktop/edk2-exynos7885/workspace/Build/EXYNOS7885Pkg/DEBUG_GCC5/AARCH64/MdePkg/Library/BaseStackCheckLib/BaseStackCheckLib/OUTPUT/BaseStackCheckLib.lib
END GROUP
                0x0000000000000228                . = PECOFF_HEADER_SIZE

.gnu.version_d  0x0000000000000228        0x0
 .gnu.version_d
                0x0000000000000228        0x0 /home/parallels/Desktop/edk2/ArmPkg/Library/GccLto/liblto-aarch64.a

.gnu.version    0x0000000000000228        0x0
 .gnu.version   0x0000000000000228        0x0 /home/parallels/Desktop/edk2/ArmPkg/Library/GccLto/liblto-aarch64.a

.gnu.version_r  0x0000000000000228        0x0
 .gnu.version_r
                0x0000000000000228        0x0 /home/parallels/Desktop/edk2/ArmPkg/Library/GccLto/liblto-aarch64.a

.text           0x0000000000001000     0x3388
 *(.text .text.* .stub .gnu.linkonce.t.*)
 .text.DebugPrintLevelEnabled.constprop.0
                0x0000000000001000        0x8 /tmp/ccF9I3go.ltrans0.ltrans.o
 .text.DebugAssertEnabled
                0x0000000000001008        0x8 /tmp/ccF9I3go.ltrans0.ltrans.o
 .text.DebugPrintEnabled
                0x0000000000001010        0x8 /tmp/ccF9I3go.ltrans0.ltrans.o
 .text.SafeUintnToUint32
                0x0000000000001018       0x20 /tmp/ccF9I3go.ltrans0.ltrans.o
 .text.AsciiStrnLenS
                0x0000000000001038       0x3c /tmp/ccF9I3go.ltrans0.ltrans.o
 .text.BasePrintLibFillBuffer
                0x0000000000001074       0x34 /tmp/ccF9I3go.ltrans0.ltrans.o
 .text.InternalAllocatePool.constprop.0
                0x00000000000010a8       0x64 /tmp/ccF9I3go.ltrans0.ltrans.o
 .text.SafeUintnMult
                0x000000000000110c       0x78 /tmp/ccF9I3go.ltrans0.ltrans.o
 .text.BaseDebugLibSerialPortConstructor
                0x0000000000001184       0x84 /tmp/ccF9I3go.ltrans0.ltrans.o
 .text.FbConFlush
                0x0000000000001208       0x58 /tmp/ccF9I3go.ltrans0.ltrans.o
 .text.SerialPortWrite.isra.0
                0x0000000000001260      0x3f0 /tmp/ccF9I3go.ltrans0.ltrans.o
 .text.BasePrintLibSPrint.constprop.0
                0x0000000000001650       0x94 /tmp/ccF9I3go.ltrans0.ltrans.o
 .text.BasePrintLibSPrintMarker.constprop.0
                0x00000000000016e4      0xbe0 /tmp/ccF9I3go.ltrans0.ltrans.o
 .text.AsciiSPrint.constprop.0
                0x00000000000022c4       0xa8 /tmp/ccF9I3go.ltrans0.ltrans.o
 .text.DebugAssert
                0x000000000000236c       0x78 /tmp/ccF9I3go.ltrans0.ltrans.o
 .text.ZeroMem  0x00000000000023e4       0x74 /tmp/ccF9I3go.ltrans0.ltrans.o
 .text.CopyMem  0x0000000000002458       0x9c /tmp/ccF9I3go.ltrans0.ltrans.o
 .text.ReadUnaligned16
                0x00000000000024f4       0x5c /tmp/ccF9I3go.ltrans0.ltrans.o
 .text.AsciiStrLen
                0x0000000000002550       0x74 /tmp/ccF9I3go.ltrans0.ltrans.o
 .text.CalculateCheckSum8.constprop.0
                0x00000000000025c4       0x68 /tmp/ccF9I3go.ltrans0.ltrans.o
 .text.CompareGuid.constprop.0
                0x000000000000262c       0x44 /tmp/ccF9I3go.ltrans0.ltrans.o
 .text.DebugPrint.constprop.0
                0x0000000000002670       0xb8 /tmp/ccF9I3go.ltrans0.ltrans.o
 .text.GetBootLogo2
                0x0000000000002728       0xb0 /tmp/ccF9I3go.ltrans0.ltrans.o
 .text.FreePool
                0x00000000000027d8       0x78 /tmp/ccF9I3go.ltrans0.ltrans.o
 .text.SetBootLogo2
                0x0000000000002850      0x1b4 /tmp/ccF9I3go.ltrans0.ltrans.o
 .text.SetBootLogo
                0x0000000000002a04        0xc /tmp/ccF9I3go.ltrans0.ltrans.o
 .text.TranslateGopBltToBmp.constprop.0
                0x0000000000002a10      0x238 /tmp/ccF9I3go.ltrans0.ltrans.o
 .text.BgrtReadyToBootEventNotify
                0x0000000000002c48      0x18c /tmp/ccF9I3go.ltrans0.ltrans.o
 .text.WriteUnaligned16.isra.0
                0x0000000000002dd4       0x14 /tmp/ccF9I3go.ltrans0.ltrans.o
 .text.WriteUnaligned32.isra.0
                0x0000000000002de8       0x20 /tmp/ccF9I3go.ltrans0.ltrans.o
 .text.WriteUnaligned64.constprop.0.isra.0
                0x0000000000002e08       0x30 /tmp/ccF9I3go.ltrans0.ltrans.o
 .text.memcpy   0x0000000000002e38       0x20 /tmp/ccF9I3go.ltrans0.ltrans.o
                0x0000000000002e38                memcpy
 .text._ModuleEntryPoint
                0x0000000000002e58      0x344 /tmp/ccF9I3go.ltrans0.ltrans.o
                0x0000000000002e58                _ModuleEntryPoint
 .text.__stack_chk_fail
                0x000000000000319c       0x40 /tmp/ccF9I3go.ltrans0.ltrans.o
                0x000000000000319c                __stack_chk_fail
 *fill*         0x00000000000031dc        0x4 
 .text          0x00000000000031e0      0x200 /home/parallels/Desktop/edk2-exynos7885/workspace/Build/EXYNOS7885Pkg/DEBUG_GCC5/AARCH64/MdePkg/Library/BaseMemoryLibOptDxe/BaseMemoryLibOptDxe/OUTPUT/BaseMemoryLibOptDxe.lib(SetMem.obj)
                0x00000000000031e0                InternalMemSetMem16
                0x00000000000031ec                InternalMemSetMem32
                0x00000000000031f8                InternalMemSetMem64
                0x0000000000003204                InternalMemZeroMem
                0x000000000000320c                InternalMemSetMem
 .text          0x00000000000033e0      0x218 /home/parallels/Desktop/edk2-exynos7885/workspace/Build/EXYNOS7885Pkg/DEBUG_GCC5/AARCH64/MdePkg/Library/BaseMemoryLibOptDxe/BaseMemoryLibOptDxe/OUTPUT/BaseMemoryLibOptDxe.lib(CopyMem.obj)
                0x000000000000354c                InternalMemCopyMem
 *fill*         0x00000000000035f8        0x8 
 .text          0x0000000000003600       0x20 /home/parallels/Desktop/edk2-exynos7885/workspace/Build/EXYNOS7885Pkg/DEBUG_GCC5/AARCH64/MdePkg/Library/BaseMemoryLibOptDxe/BaseMemoryLibOptDxe/OUTPUT/BaseMemoryLibOptDxe.lib(CompareGuid.obj)
                0x0000000000003600                InternalMemCompareGuid
 .text.ArmCacheInfo
                0x0000000000003620        0x8 /home/parallels/Desktop/edk2-exynos7885/workspace/Build/EXYNOS7885Pkg/DEBUG_GCC5/AARCH64/ArmPkg/Library/ArmLib/ArmBaseLib/OUTPUT/ArmBaseLib.lib(ArmLibSupport.obj)
                0x0000000000003620                ArmCacheInfo
 .text.ArmGetInterruptState
                0x0000000000003628       0x10 /home/parallels/Desktop/edk2-exynos7885/workspace/Build/EXYNOS7885Pkg/DEBUG_GCC5/AARCH64/ArmPkg/Library/ArmLib/ArmBaseLib/OUTPUT/ArmBaseLib.lib(ArmLibSupport.obj)
                0x0000000000003628                ArmGetInterruptState
 .text.ArmEnableInterrupts
                0x0000000000003638        0xc /home/parallels/Desktop/edk2-exynos7885/workspace/Build/EXYNOS7885Pkg/DEBUG_GCC5/AARCH64/ArmPkg/Library/ArmLib/ArmBaseLib/OUTPUT/ArmBaseLib.lib(ArmLibSupportV8.obj)
                0x0000000000003638                ArmEnableInterrupts
 .text.ArmDisableInterrupts
                0x0000000000003644        0xc /home/parallels/Desktop/edk2-exynos7885/workspace/Build/EXYNOS7885Pkg/DEBUG_GCC5/AARCH64/ArmPkg/Library/ArmLib/ArmBaseLib/OUTPUT/ArmBaseLib.lib(ArmLibSupportV8.obj)
                0x0000000000003644                ArmDisableInterrupts
 .text.ArmCleanInvalidateDataCacheEntryByMVA
                0x0000000000003650        0x8 /home/parallels/Desktop/edk2-exynos7885/workspace/Build/EXYNOS7885Pkg/DEBUG_GCC5/AARCH64/ArmPkg/Library/ArmLib/ArmBaseLib/OUTPUT/ArmBaseLib.lib(AArch64Support.obj)
                0x0000000000003650                ArmCleanInvalidateDataCacheEntryByMVA
 .text.ArmDataSynchronizationBarrier
                0x0000000000003658        0x8 /home/parallels/Desktop/edk2-exynos7885/workspace/Build/EXYNOS7885Pkg/DEBUG_GCC5/AARCH64/ArmPkg/Library/ArmLib/ArmBaseLib/OUTPUT/ArmBaseLib.lib(AArch64Support.obj)
                0x0000000000003658                ArmDataSynchronizationBarrier
 *(.rodata .rodata.* .gnu.linkonce.r.*)
 .rodata.BasePrintLibSPrintMarker.constprop.0.str1.1
                0x0000000000003660      0x193 /tmp/ccF9I3go.ltrans0.ltrans.o
 *fill*         0x00000000000037f3        0x1 
 .rodata.BasePrintLibSPrintMarker.constprop.0
                0x00000000000037f4       0x5e /tmp/ccF9I3go.ltrans0.ltrans.o
 .rodata.AsciiSPrint.constprop.0.str1.1
                0x0000000000003852       0x18 /tmp/ccF9I3go.ltrans0.ltrans.o
 .rodata.DebugAssert.str1.1
                0x000000000000386a       0x1d /tmp/ccF9I3go.ltrans0.ltrans.o
 .rodata.ZeroMem.str1.1
                0x0000000000003887       0x87 /tmp/ccF9I3go.ltrans0.ltrans.o
 .rodata.CopyMem.str1.1
                0x000000000000390e       0xd2 /tmp/ccF9I3go.ltrans0.ltrans.o
 .rodata.ReadUnaligned16.str1.1
                0x00000000000039e0       0x44 /tmp/ccF9I3go.ltrans0.ltrans.o
 .rodata.AsciiStrLen.str1.1
                0x0000000000003a24       0x75 /tmp/ccF9I3go.ltrans0.ltrans.o
 .rodata.CalculateCheckSum8.constprop.0.str1.1
                0x0000000000003a99       0x77 /tmp/ccF9I3go.ltrans0.ltrans.o
 .rodata.CompareGuid.constprop.0.str1.1
                0x0000000000003b10       0x67 /tmp/ccF9I3go.ltrans0.ltrans.o
 .rodata.GetBootLogo2.str1.1
                0x0000000000003b77       0x42 /tmp/ccF9I3go.ltrans0.ltrans.o
 .rodata.FreePool.str1.1
                0x0000000000003bb9       0xa2 /tmp/ccF9I3go.ltrans0.ltrans.o
 .rodata.SetBootLogo2.str1.1
                0x0000000000003c5b       0x3e /tmp/ccF9I3go.ltrans0.ltrans.o
 .rodata.TranslateGopBltToBmp.constprop.0.str1.1
                0x0000000000003c99       0x4d /tmp/ccF9I3go.ltrans0.ltrans.o
 .rodata._ModuleEntryPoint.str1.1
                0x0000000000003ce6      0x2bb /tmp/ccF9I3go.ltrans0.ltrans.o
 .rodata.__stack_chk_fail.str1.1
                0x0000000000003fa1       0x2e /tmp/ccF9I3go.ltrans0.ltrans.o
 .rodata._gPcd_FixedAtBuild_PcdAcpiDefaultOemId
                0x0000000000003fcf        0x7 /tmp/ccF9I3go.ltrans0.ltrans.o
 .rodata.mBmpImageHeaderTemplate
                0x0000000000003fd6       0x36 /tmp/ccF9I3go.ltrans0.ltrans.o
 .rodata.mErrorString
                0x000000000000400c      0x2b5 /tmp/ccF9I3go.ltrans0.ltrans.o
 .rodata.mHexStr
                0x00000000000042c1       0x10 /tmp/ccF9I3go.ltrans0.ltrans.o
 .rodata.mWarningString
                0x00000000000042d1       0x96 /tmp/ccF9I3go.ltrans0.ltrans.o
 *(.got .got.*)
 *fill*         0x0000000000004367        0x1 
 .got           0x0000000000004368        0x8 /home/parallels/Desktop/edk2/ArmPkg/Library/GccLto/liblto-aarch64.a
                0x0000000000004368                _GLOBAL_OFFSET_TABLE_
 .got.plt       0x0000000000004370       0x18 /home/parallels/Desktop/edk2/ArmPkg/Library/GccLto/liblto-aarch64.a
 *:AutoGen.obj(.data.g*Guid)

.plt            0x0000000000004388        0x0
 .plt           0x0000000000004388        0x0 /home/parallels/Desktop/edk2/ArmPkg/Library/GccLto/liblto-aarch64.a

.data           0x0000000000005000      0x458
 *(.data .data.* .gnu.linkonce.d.*)
 .data.rel.ro   0x0000000000005000        0x0 /home/parallels/Desktop/edk2/ArmPkg/Library/GccLto/liblto-aarch64.a
 .data.__stack_chk_guard
                0x0000000000005000        0x8 /tmp/ccF9I3go.ltrans0.ltrans.o
                0x0000000000005000                __stack_chk_guard
 .data.font5x12
                0x0000000000005008      0x300 /tmp/ccF9I3go.ltrans0.ltrans.o
 .data.gEdkiiBootLogo2ProtocolGuid
                0x0000000000005308       0x10 /tmp/ccF9I3go.ltrans0.ltrans.o
 .data.gEfiAcpiTableProtocolGuid
                0x0000000000005318       0x10 /tmp/ccF9I3go.ltrans0.ltrans.o
 .data.gEfiBootLogoProtocolGuid
                0x0000000000005328       0x10 /tmp/ccF9I3go.ltrans0.ltrans.o
 .data.gEfiEventReadyToBootGuid
                0x0000000000005338       0x10 /tmp/ccF9I3go.ltrans0.ltrans.o
 .data.gEfiHobListGuid
                0x0000000000005348       0x10 /tmp/ccF9I3go.ltrans0.ltrans.o
 .data.mBootGraphicsResourceTableTemplate
                0x0000000000005358       0x38 /tmp/ccF9I3go.ltrans0.ltrans.o
 .data.mBootLogo2ProtocolTemplate
                0x0000000000005390       0x10 /tmp/ccF9I3go.ltrans0.ltrans.o
 .data.mBootLogoProtocolTemplate
                0x00000000000053a0        0x8 /tmp/ccF9I3go.ltrans0.ltrans.o
 *(.bss .bss.*)
 .bss.gBS       0x00000000000053a8        0x8 /tmp/ccF9I3go.ltrans0.ltrans.o
 .bss.gImageHandle
                0x00000000000053b0        0x8 /tmp/ccF9I3go.ltrans0.ltrans.o
 .bss.gRT       0x00000000000053b8        0x8 /tmp/ccF9I3go.ltrans0.ltrans.o
 .bss.gST       0x00000000000053c0        0x8 /tmp/ccF9I3go.ltrans0.ltrans.o
 .bss.mAcpiBgrtBufferChanged
                0x00000000000053c8        0x1 /tmp/ccF9I3go.ltrans0.ltrans.o
 .bss.mAcpiBgrtInstalled
                0x00000000000053c9        0x1 /tmp/ccF9I3go.ltrans0.ltrans.o
 .bss.mAcpiBgrtStatusChanged
                0x00000000000053ca        0x1 /tmp/ccF9I3go.ltrans0.ltrans.o
 *fill*         0x00000000000053cb        0x5 
 .bss.mBootGraphicsReadyToBootEvent
                0x00000000000053d0        0x8 /tmp/ccF9I3go.ltrans0.ltrans.o
 .bss.mBootGraphicsResourceTableKey
                0x00000000000053d8        0x8 /tmp/ccF9I3go.ltrans0.ltrans.o
 .bss.mBootLogoHandle
                0x00000000000053e0        0x8 /tmp/ccF9I3go.ltrans0.ltrans.o
 .bss.mHobList  0x00000000000053e8        0x8 /tmp/ccF9I3go.ltrans0.ltrans.o
 .bss.mIsLogoValid
                0x00000000000053f0        0x1 /tmp/ccF9I3go.ltrans0.ltrans.o
 *fill*         0x00000000000053f1        0x7 
 .bss.mLogoBltBuffer
                0x00000000000053f8        0x8 /tmp/ccF9I3go.ltrans0.ltrans.o
 .bss.mLogoDestX
                0x0000000000005400        0x8 /tmp/ccF9I3go.ltrans0.ltrans.o
 .bss.mLogoDestY
                0x0000000000005408        0x8 /tmp/ccF9I3go.ltrans0.ltrans.o
 .bss.mLogoHeight
                0x0000000000005410        0x8 /tmp/ccF9I3go.ltrans0.ltrans.o
 .bss.mLogoWidth
                0x0000000000005418        0x8 /tmp/ccF9I3go.ltrans0.ltrans.o
 .bss.m_Color   0x0000000000005420       0x10 /tmp/ccF9I3go.ltrans0.ltrans.o
 .bss.m_Initialized
                0x0000000000005430        0x1 /tmp/ccF9I3go.ltrans0.ltrans.o
 *fill*         0x0000000000005431        0x7 
 .bss.m_MaxPosition
                0x0000000000005438       0x10 /tmp/ccF9I3go.ltrans0.ltrans.o
 .bss.m_Position
                0x0000000000005448       0x10 /tmp/ccF9I3go.ltrans0.ltrans.o

.dynbss         0x0000000000005458        0x0
 .dynbss        0x0000000000005458        0x0 /home/parallels/Desktop/edk2/ArmPkg/Library/GccLto/liblto-aarch64.a

.eh_frame
 *(.eh_frame)

.rela           0x0000000000005458       0x48
 *(.rela .rela.*)
 .rela.got      0x0000000000005458        0x0 /home/parallels/Desktop/edk2/ArmPkg/Library/GccLto/liblto-aarch64.a
 .rela.plt      0x0000000000005458        0x0 /home/parallels/Desktop/edk2/ArmPkg/Library/GccLto/liblto-aarch64.a
 .rela.bss      0x0000000000005458        0x0 /home/parallels/Desktop/edk2/ArmPkg/Library/GccLto/liblto-aarch64.a
 .rela.data.rel.ro
                0x0000000000005458        0x0 /home/parallels/Desktop/edk2/ArmPkg/Library/GccLto/liblto-aarch64.a
 .rela.ifunc    0x0000000000005458        0x0 /home/parallels/Desktop/edk2/ArmPkg/Library/GccLto/liblto-aarch64.a
 .rela.data.mBootLogo2ProtocolTemplate
                0x0000000000005458       0x30 /home/parallels/Desktop/edk2/ArmPkg/Library/GccLto/liblto-aarch64.a
 .rela.data.mBootLogoProtocolTemplate
                0x0000000000005488       0x18 /home/parallels/Desktop/edk2/ArmPkg/Library/GccLto/liblto-aarch64.a

.hii
 *(.hii)

.build-id       0x00000000000054a0       0x24
 *(.note.gnu.build-id)
 .note.gnu.build-id
                0x00000000000054a0       0x24 /home/parallels/Desktop/edk2/ArmPkg/Library/GccLto/liblto-aarch64.a

/DISCARD/
 *(.note.GNU-stack)
 *(.gnu_debuglink)
 *(.interp)
 *(.dynsym)
 *(.dynstr)
 *(.dynamic)
 *(.hash .gnu.hash)
 *(.comment)
                0x0000000000000228                PECOFF_HEADER_SIZE = 0x228
OUTPUT(/home/parallels/Desktop/edk2-exynos7885/workspace/Build/EXYNOS7885Pkg/DEBUG_GCC5/AARCH64/MdeModulePkg/Universal/Acpi/BootGraphicsResourceTableDxe/BootGraphicsResourceTableDxe/DEBUG/BootGraphicsResourceTableDxe.dll elf64-littleaarch64)
LOAD linker stubs

.debug_info     0x0000000000000000    0x173aa
 .debug_info    0x0000000000000000     0x2eb7 /tmp/ccF9I3go.ltrans0.ltrans.o
 .debug_info    0x0000000000002eb7       0xf2 /tmp/ccFzHn8A.debug.temp.o
                0x0000000000002eb7                memcpy.c.ca7d7127
 .debug_info    0x0000000000002fa9       0xaf /tmp/ccxzwhDq.debug.temp.o
                0x0000000000002fa9                memset.c.8fcd00d9
 .debug_info    0x0000000000003058     0x1944 /tmp/ccE94aH5.debug.temp.o
                0x0000000000003058                DriverEntryPoint.c.a6382bfa
 .debug_info    0x000000000000499c      0x12a /tmp/ccw7l4U4.debug.temp.o
                0x000000000000499c                BaseStackCheckGcc.c.69721062
 .debug_info    0x0000000000004ac6     0x1e25 /tmp/ccNESvn1.debug.temp.o
                0x0000000000004ac6                AutoGen.c.ac395d09
 .debug_info    0x00000000000068eb     0x1e4e /tmp/ccpKyovG.debug.temp.o
                0x00000000000068eb                BootGraphicsResourceTableDxe.c.a42949ad
 .debug_info    0x0000000000008739      0x104 /tmp/ccqOejO8.debug.temp.o
                0x0000000000008739                ZeroMemWrapper.c.f8654615
 .debug_info    0x000000000000883d      0x119 /tmp/ccAjjE2x.debug.temp.o
                0x000000000000883d                CopyMemWrapper.c.2d7cc1a5
 .debug_info    0x0000000000008956      0x421 /tmp/ccl68n56.debug.temp.o
                0x0000000000008956                CheckSum.c.f43a73f6
 .debug_info    0x0000000000008d77      0x288 /tmp/ccNpe6Z0.debug.temp.o
                0x0000000000008d77                Unaligned.c.bee98f61
 .debug_info    0x0000000000008fff      0x100 /tmp/ccdF1VB2.debug.temp.o
                0x0000000000008fff                RShiftU64.c.9dcedc34
 .debug_info    0x00000000000090ff      0x100 /tmp/ccWapyZq.debug.temp.o
                0x00000000000090ff                LShiftU64.c.691b16dd
 .debug_info    0x00000000000091ff      0x2d6 /tmp/cc9VdFt4.debug.temp.o
                0x00000000000091ff                Math64.c.3d5bb2b9
 .debug_info    0x00000000000094d5      0x3d4 /tmp/ccLxaqZ4.debug.temp.o
                0x00000000000094d5                DebugLib.c.140d8a42
 .debug_info    0x00000000000098a9     0x1359 /tmp/ccJMNWUe.debug.temp.o
                0x00000000000098a9                MemoryAllocationLib.c.f1d55880
 .debug_info    0x000000000000ac02     0x1739 /tmp/ccOnJzAb.debug.temp.o
                0x000000000000ac02                UefiRuntimeServicesTableLib.c.21840ab8
 .debug_info    0x000000000000c33b     0x1762 /tmp/ccPZzUdO.debug.temp.o
                0x000000000000c33b                UefiBootServicesTableLib.c.c8c50134
 .debug_info    0x000000000000da9d     0x25cc /tmp/ccQN6cFn.debug.temp.o
                0x000000000000da9d                UefiLib.c.a38e5737
 .debug_info    0x0000000000010069     0x20ef /tmp/ccCL51ga.debug.temp.o
                0x0000000000010069                HobLib.c.aa4e26ff
 .debug_info    0x0000000000012158      0x4b1 /tmp/ccDSarog.debug.temp.o
                0x0000000000012158                SafeIntLib64.c.02e3e25b
 .debug_info    0x0000000000012609     0x1537 /tmp/ccCIsN0l.debug.temp.o
                0x0000000000012609                SafeIntLib.c.0ad14d0b
 .debug_info    0x0000000000013b40      0x544 /tmp/cclG04FC.debug.temp.o
                0x0000000000013b40                BmpSupportLib.c.745f3e2f
 .debug_info    0x0000000000014084      0x22d /tmp/ccuhiGyt.debug.temp.o
                0x0000000000014084                MemLibGuid.c.2a8f9d16
 .debug_info    0x00000000000142b1       0xb9 /tmp/cc2P1GFY.debug.temp.o
                0x00000000000142b1                MultU64x64.c.09e5912a
 .debug_info    0x000000000001436a      0x7a9 /tmp/ccjtH895.debug.temp.o
                0x000000000001436a                String.c.d9166835
 .debug_info    0x0000000000014b13     0x10b0 /tmp/cc3cvT1w.debug.temp.o
                0x0000000000014b13                SafeString.c.1357afb5
 .debug_info    0x0000000000015bc3      0x5bf /tmp/ccIicEqo.debug.temp.o
                0x0000000000015bc3                PrintLib.c.03e7575f
 .debug_info    0x0000000000016182      0x79c /tmp/ccDSUfnQ.debug.temp.o
                0x0000000000016182                PrintLibInternal.c.4386dd4c
 .debug_info    0x000000000001691e      0x5bf /tmp/ccF0mcov.debug.temp.o
                0x000000000001691e                FrameBufferSerialPortLib.c.02945832
 .debug_info    0x0000000000016edd      0x121 /tmp/ccGOm6VV.debug.temp.o
                0x0000000000016edd                DivU64x32Remainder.c.51b74649
 .debug_info    0x0000000000016ffe      0x25b /tmp/ccGqZNfd.debug.temp.o
                0x0000000000016ffe                ArmCacheMaintenanceLib.c.e0d69149
 .debug_info    0x0000000000017259      0x151 /tmp/ccG0unJt.debug.temp.o
                0x0000000000017259                ArmLib.c.e988afac

.debug_abbrev   0x0000000000000000     0x3031
 .debug_abbrev  0x0000000000000000      0x298 /tmp/ccF9I3go.ltrans0.ltrans.o
 .debug_abbrev  0x0000000000000298       0xaa /tmp/ccFzHn8A.debug.temp.o
 .debug_abbrev  0x0000000000000342       0x77 /tmp/ccxzwhDq.debug.temp.o
 .debug_abbrev  0x00000000000003b9      0x254 /tmp/ccE94aH5.debug.temp.o
 .debug_abbrev  0x000000000000060d       0xf3 /tmp/ccw7l4U4.debug.temp.o
 .debug_abbrev  0x0000000000000700      0x2ce /tmp/ccNESvn1.debug.temp.o
 .debug_abbrev  0x00000000000009ce      0x2c6 /tmp/ccpKyovG.debug.temp.o
 .debug_abbrev  0x0000000000000c94       0xb8 /tmp/ccqOejO8.debug.temp.o
 .debug_abbrev  0x0000000000000d4c       0xbe /tmp/ccAjjE2x.debug.temp.o
 .debug_abbrev  0x0000000000000e0a      0x148 /tmp/ccl68n56.debug.temp.o
 .debug_abbrev  0x0000000000000f52       0xcf /tmp/ccNpe6Z0.debug.temp.o
 .debug_abbrev  0x0000000000001021       0xb2 /tmp/ccdF1VB2.debug.temp.o
 .debug_abbrev  0x00000000000010d3       0xb2 /tmp/ccWapyZq.debug.temp.o
 .debug_abbrev  0x0000000000001185       0xd0 /tmp/cc9VdFt4.debug.temp.o
 .debug_abbrev  0x0000000000001255      0x19c /tmp/ccLxaqZ4.debug.temp.o
 .debug_abbrev  0x00000000000013f1      0x26b /tmp/ccJMNWUe.debug.temp.o
 .debug_abbrev  0x000000000000165c      0x1d1 /tmp/ccOnJzAb.debug.temp.o
 .debug_abbrev  0x000000000000182d      0x201 /tmp/ccPZzUdO.debug.temp.o
 .debug_abbrev  0x0000000000001a2e      0x2f1 /tmp/ccQN6cFn.debug.temp.o
 .debug_abbrev  0x0000000000001d1f      0x2cd /tmp/ccCL51ga.debug.temp.o
 .debug_abbrev  0x0000000000001fec       0xd0 /tmp/ccDSarog.debug.temp.o
 .debug_abbrev  0x00000000000020bc       0xf1 /tmp/ccCIsN0l.debug.temp.o
 .debug_abbrev  0x00000000000021ad      0x1bd /tmp/cclG04FC.debug.temp.o
 .debug_abbrev  0x000000000000236a      0x105 /tmp/ccuhiGyt.debug.temp.o
 .debug_abbrev  0x000000000000246f       0x86 /tmp/cc2P1GFY.debug.temp.o
 .debug_abbrev  0x00000000000024f5      0x157 /tmp/ccjtH895.debug.temp.o
 .debug_abbrev  0x000000000000264c      0x1c7 /tmp/cc3cvT1w.debug.temp.o
 .debug_abbrev  0x0000000000002813      0x172 /tmp/ccIicEqo.debug.temp.o
 .debug_abbrev  0x0000000000002985      0x1ce /tmp/ccDSUfnQ.debug.temp.o
 .debug_abbrev  0x0000000000002b53      0x245 /tmp/ccF0mcov.debug.temp.o
 .debug_abbrev  0x0000000000002d98       0xb2 /tmp/ccGOm6VV.debug.temp.o
 .debug_abbrev  0x0000000000002e4a       0xf8 /tmp/ccGqZNfd.debug.temp.o
 .debug_abbrev  0x0000000000002f42       0xef /tmp/ccG0unJt.debug.temp.o

.debug_loclists
                0x0000000000000000     0x3866
 .debug_loclists
                0x0000000000000000     0x3866 /tmp/ccF9I3go.ltrans0.ltrans.o

.debug_aranges  0x0000000000000000      0x260
 .debug_aranges
                0x0000000000000000      0x260 /tmp/ccF9I3go.ltrans0.ltrans.o

.debug_rnglists
                0x0000000000000000      0x3cf
 .debug_rnglists
                0x0000000000000000      0x3cf /tmp/ccF9I3go.ltrans0.ltrans.o

.debug_line     0x0000000000000000     0x25a1
 .debug_line    0x0000000000000000     0x18b1 /tmp/ccF9I3go.ltrans0.ltrans.o
 .debug_line    0x00000000000018b1       0x3a /tmp/ccFzHn8A.debug.temp.o
 .debug_line    0x00000000000018eb       0x3a /tmp/ccxzwhDq.debug.temp.o
 .debug_line    0x0000000000001925       0x93 /tmp/ccE94aH5.debug.temp.o
 .debug_line    0x00000000000019b8       0x5a /tmp/ccw7l4U4.debug.temp.o
 .debug_line    0x0000000000001a12       0x93 /tmp/ccNESvn1.debug.temp.o
 .debug_line    0x0000000000001aa5       0xcc /tmp/ccpKyovG.debug.temp.o
 .debug_line    0x0000000000001b71       0x51 /tmp/ccqOejO8.debug.temp.o
 .debug_line    0x0000000000001bc2       0x51 /tmp/ccAjjE2x.debug.temp.o
 .debug_line    0x0000000000001c13       0x4c /tmp/ccl68n56.debug.temp.o
 .debug_line    0x0000000000001c5f       0x51 /tmp/ccNpe6Z0.debug.temp.o
 .debug_line    0x0000000000001cb0       0x51 /tmp/ccdF1VB2.debug.temp.o
 .debug_line    0x0000000000001d01       0x51 /tmp/ccWapyZq.debug.temp.o
 .debug_line    0x0000000000001d52       0x4c /tmp/cc9VdFt4.debug.temp.o
 .debug_line    0x0000000000001d9e       0x77 /tmp/ccLxaqZ4.debug.temp.o
 .debug_line    0x0000000000001e15       0x7b /tmp/ccJMNWUe.debug.temp.o
 .debug_line    0x0000000000001e90       0x7b /tmp/ccOnJzAb.debug.temp.o
 .debug_line    0x0000000000001f0b       0x80 /tmp/ccPZzUdO.debug.temp.o
 .debug_line    0x0000000000001f8b       0xb1 /tmp/ccQN6cFn.debug.temp.o
 .debug_line    0x000000000000203c       0x9c /tmp/ccCL51ga.debug.temp.o
 .debug_line    0x00000000000020d8       0x55 /tmp/ccDSarog.debug.temp.o
 .debug_line    0x000000000000212d       0x55 /tmp/ccCIsN0l.debug.temp.o
 .debug_line    0x0000000000002182       0x76 /tmp/cclG04FC.debug.temp.o
 .debug_line    0x00000000000021f8       0x5e /tmp/ccuhiGyt.debug.temp.o
 .debug_line    0x0000000000002256       0x48 /tmp/cc2P1GFY.debug.temp.o
 .debug_line    0x000000000000229e       0x63 /tmp/ccjtH895.debug.temp.o
 .debug_line    0x0000000000002301       0x6d /tmp/cc3cvT1w.debug.temp.o
 .debug_line    0x000000000000236e       0x5f /tmp/ccIicEqo.debug.temp.o
 .debug_line    0x00000000000023cd       0x6d /tmp/ccDSUfnQ.debug.temp.o
 .debug_line    0x000000000000243a       0x75 /tmp/ccF0mcov.debug.temp.o
 .debug_line    0x00000000000024af       0x51 /tmp/ccGOm6VV.debug.temp.o
 .debug_line    0x0000000000002500       0x55 /tmp/ccGqZNfd.debug.temp.o
 .debug_line    0x0000000000002555       0x4c /tmp/ccG0unJt.debug.temp.o

.debug_str      0x0000000000000000     0x4fed
 .debug_str     0x0000000000000000      0x1bb /tmp/ccF9I3go.ltrans0.ltrans.o
                                        0x1d4 (size before relaxing)
 .debug_str     0x00000000000001bb      0x1d0 /tmp/ccFzHn8A.debug.temp.o
                                        0x207 (size before relaxing)
 .debug_str     0x000000000000038b        0x9 /tmp/ccxzwhDq.debug.temp.o
                                        0x1fb (size before relaxing)
 .debug_str     0x0000000000000394     0x1310 /tmp/ccE94aH5.debug.temp.o
                                       0x14a0 (size before relaxing)
 .debug_str     0x00000000000016a4       0x54 /tmp/ccw7l4U4.debug.temp.o
                                        0x2b7 (size before relaxing)
 .debug_str     0x00000000000016f8      0xa2f /tmp/ccNESvn1.debug.temp.o
                                       0x1e2c (size before relaxing)
 .debug_str     0x0000000000002127      0x3c5 /tmp/ccpKyovG.debug.temp.o
                                       0x190f (size before relaxing)
 .debug_str     0x00000000000024ec       0x13 /tmp/ccqOejO8.debug.temp.o
                                        0x24e (size before relaxing)
 .debug_str     0x00000000000024ff       0x32 /tmp/ccAjjE2x.debug.temp.o
                                        0x266 (size before relaxing)
 .debug_str     0x0000000000002531       0xe5 /tmp/ccl68n56.debug.temp.o
                                        0x35a (size before relaxing)
 .debug_str     0x0000000000002616       0x9f /tmp/ccNpe6Z0.debug.temp.o
                                        0x30a (size before relaxing)
 .debug_str     0x00000000000026b5       0x1e /tmp/ccdF1VB2.debug.temp.o
                                        0x253 (size before relaxing)
 .debug_str     0x00000000000026d3       0x16 /tmp/ccWapyZq.debug.temp.o
                                        0x253 (size before relaxing)
 .debug_str     0x00000000000026e9      0x123 /tmp/cc9VdFt4.debug.temp.o
                                        0x3a0 (size before relaxing)
 .debug_str     0x000000000000280c      0x164 /tmp/ccLxaqZ4.debug.temp.o
                                        0x4d9 (size before relaxing)
 .debug_str     0x0000000000002970      0x22b /tmp/ccJMNWUe.debug.temp.o
                                        0xf3d (size before relaxing)
 .debug_str     0x0000000000002b9b     0x12fd /tmp/ccOnJzAb.debug.temp.o
 .debug_str     0x0000000000002b9b     0x1307 /tmp/ccPZzUdO.debug.temp.o
 .debug_str     0x0000000000002b9b      0x699 /tmp/ccQN6cFn.debug.temp.o
                                       0x1bec (size before relaxing)
 .debug_str     0x0000000000003234      0x536 /tmp/ccCL51ga.debug.temp.o
                                       0x1905 (size before relaxing)
 .debug_str     0x000000000000376a      0x1a6 /tmp/ccDSarog.debug.temp.o
                                        0x40b (size before relaxing)
 .debug_str     0x0000000000003910      0x5bf /tmp/ccCIsN0l.debug.temp.o
                                        0x928 (size before relaxing)
 .debug_str     0x0000000000003ecf      0x187 /tmp/cclG04FC.debug.temp.o
                                        0x4e0 (size before relaxing)
 .debug_str     0x0000000000004056       0x63 /tmp/ccuhiGyt.debug.temp.o
                                        0x2eb (size before relaxing)
 .debug_str     0x00000000000040b9      0x233 /tmp/cc2P1GFY.debug.temp.o
 .debug_str     0x00000000000040b9      0x2f0 /tmp/ccjtH895.debug.temp.o
                                        0x6ca (size before relaxing)
 .debug_str     0x00000000000043a9      0x26b /tmp/cc3cvT1w.debug.temp.o
                                        0x816 (size before relaxing)
 .debug_str     0x0000000000004614      0x187 /tmp/ccIicEqo.debug.temp.o
                                        0x462 (size before relaxing)
 .debug_str     0x000000000000479b      0x1b2 /tmp/ccDSUfnQ.debug.temp.o
                                        0x664 (size before relaxing)
 .debug_str     0x000000000000494d      0x3e7 /tmp/ccF0mcov.debug.temp.o
                                        0x6a1 (size before relaxing)
 .debug_str     0x0000000000004d34      0x273 /tmp/ccGOm6VV.debug.temp.o
 .debug_str     0x0000000000004d34      0x211 /tmp/ccGqZNfd.debug.temp.o
                                        0x4a5 (size before relaxing)
 .debug_str     0x0000000000004f45       0xa8 /tmp/ccG0unJt.debug.temp.o
                                        0x2e1 (size before relaxing)

.debug_line_str
                0x0000000000000000     0x22c3
 .debug_line_str
                0x0000000000000000      0x686 /tmp/ccF9I3go.ltrans0.ltrans.o
                                        0x937 (size before relaxing)
 .debug_line_str
                0x0000000000000686       0xdf /tmp/ccFzHn8A.debug.temp.o
                                        0x12a (size before relaxing)
 .debug_line_str
                0x0000000000000765       0x4b /tmp/ccxzwhDq.debug.temp.o
                                        0x12a (size before relaxing)
 .debug_line_str
                0x00000000000007b0      0x33b /tmp/ccE94aH5.debug.temp.o
                                        0x38f (size before relaxing)
 .debug_line_str
                0x0000000000000aeb      0x17a /tmp/ccw7l4U4.debug.temp.o
                                        0x259 (size before relaxing)
 .debug_line_str
                0x0000000000000c65       0xf9 /tmp/ccNESvn1.debug.temp.o
                                        0x416 (size before relaxing)
 .debug_line_str
                0x0000000000000d5e      0x1b0 /tmp/ccpKyovG.debug.temp.o
                                        0x52b (size before relaxing)
 .debug_line_str
                0x0000000000000f0e       0xf3 /tmp/ccqOejO8.debug.temp.o
                                        0x1c7 (size before relaxing)
 .debug_line_str
                0x0000000000001001       0x51 /tmp/ccAjjE2x.debug.temp.o
                                        0x1c7 (size before relaxing)
 .debug_line_str
                0x0000000000001052       0xb7 /tmp/ccl68n56.debug.temp.o
                                        0x179 (size before relaxing)
 .debug_line_str
                0x0000000000001109       0x44 /tmp/ccNpe6Z0.debug.temp.o
                                        0x18d (size before relaxing)
 .debug_line_str
                0x000000000000114d       0x53 /tmp/ccdF1VB2.debug.temp.o
                                        0x18e (size before relaxing)
 .debug_line_str
                0x00000000000011a0       0x40 /tmp/ccWapyZq.debug.temp.o
                                        0x18e (size before relaxing)
 .debug_line_str
                0x00000000000011e0       0x3d /tmp/cc9VdFt4.debug.temp.o
                                        0x174 (size before relaxing)
 .debug_line_str
                0x000000000000121d      0x1a5 /tmp/ccLxaqZ4.debug.temp.o
                                        0x2dd (size before relaxing)
 .debug_line_str
                0x00000000000013c2       0xf2 /tmp/ccJMNWUe.debug.temp.o
                                        0x2cb (size before relaxing)
 .debug_line_str
                0x00000000000014b4      0x106 /tmp/ccOnJzAb.debug.temp.o
                                        0x2df (size before relaxing)
 .debug_line_str
                0x00000000000015ba       0xfa /tmp/ccPZzUdO.debug.temp.o
                                        0x2e8 (size before relaxing)
 .debug_line_str
                0x00000000000016b4      0x17f /tmp/ccQN6cFn.debug.temp.o
                                        0x390 (size before relaxing)
 .debug_line_str
                0x0000000000001833      0x181 /tmp/ccCL51ga.debug.temp.o
                                        0x357 (size before relaxing)
 .debug_line_str
                0x00000000000019b4       0xd0 /tmp/ccDSarog.debug.temp.o
                                        0x1d2 (size before relaxing)
 .debug_line_str
                0x0000000000001a84       0x48 /tmp/ccCIsN0l.debug.temp.o
                                        0x1cb (size before relaxing)
 .debug_line_str
                0x0000000000001acc       0xec /tmp/cclG04FC.debug.temp.o
                                        0x2ac (size before relaxing)
 .debug_line_str
                0x0000000000001bb8       0x51 /tmp/ccuhiGyt.debug.temp.o
                                        0x23a (size before relaxing)
 .debug_line_str
                0x0000000000001c09       0x41 /tmp/cc2P1GFY.debug.temp.o
                                        0x151 (size before relaxing)
 .debug_line_str
                0x0000000000001c4a       0xbb /tmp/ccjtH895.debug.temp.o
                                        0x23a (size before relaxing)
 .debug_line_str
                0x0000000000001d05       0x41 /tmp/cc3cvT1w.debug.temp.o
                                        0x265 (size before relaxing)
 .debug_line_str
                0x0000000000001d46       0xd9 /tmp/ccIicEqo.debug.temp.o
                                        0x1de (size before relaxing)
 .debug_line_str
                0x0000000000001e1f       0xd4 /tmp/ccDSUfnQ.debug.temp.o
                                        0x28a (size before relaxing)
 .debug_line_str
                0x0000000000001ef3      0x1df /tmp/ccF0mcov.debug.temp.o
                                        0x331 (size before relaxing)
 .debug_line_str
                0x00000000000020d2       0x49 /tmp/ccGOm6VV.debug.temp.o
                                        0x1a0 (size before relaxing)
 .debug_line_str
                0x000000000000211b       0xf2 /tmp/ccGqZNfd.debug.temp.o
                                        0x20e (size before relaxing)
 .debug_line_str
                0x000000000000220d       0xb6 /tmp/ccG0unJt.debug.temp.o
                                        0x173 (size before relaxing)

.debug_frame    0x0000000000000000      0x630
 .debug_frame   0x0000000000000000      0x630 /tmp/ccF9I3go.ltrans0.ltrans.o
