Archive member included to satisfy reference by file (symbol)

/home/parallels/Desktop/edk2-exynos7885/workspace/Build/EXYNOS7885Pkg/DEBUG_GCC5/AARCH64/ArmPkg/Library/CompilerIntrinsicsLib/CompilerIntrinsicsLib/OUTPUT/CompilerIntrinsicsLib.lib(memcpy.obj)
                              /home/parallels/Desktop/edk2/ArmPkg/Library/GccLto/liblto-aarch64.a (memcpy)
/home/parallels/Desktop/edk2-exynos7885/workspace/Build/EXYNOS7885Pkg/DEBUG_GCC5/AARCH64/ArmPkg/Library/CompilerIntrinsicsLib/CompilerIntrinsicsLib/OUTPUT/CompilerIntrinsicsLib.lib(memset.obj)
                              /home/parallels/Desktop/edk2/ArmPkg/Library/GccLto/liblto-aarch64.a (memset)
/home/parallels/Desktop/edk2-exynos7885/workspace/Build/EXYNOS7885Pkg/DEBUG_GCC5/AARCH64/MdePkg/Library/UefiDriverEntryPoint/UefiDriverEntryPoint/OUTPUT/UefiDriverEntryPoint.lib(DriverEntryPoint.obj)
                              (_ModuleEntryPoint)
/home/parallels/Desktop/edk2-exynos7885/workspace/Build/EXYNOS7885Pkg/DEBUG_GCC5/AARCH64/MdePkg/Library/BaseStackCheckLib/BaseStackCheckLib/OUTPUT/BaseStackCheckLib.lib(BaseStackCheckGcc.obj)
                              /home/parallels/Desktop/edk2/ArmPkg/Library/GccLto/liblto-aarch64.a (__stack_chk_fail)
/home/parallels/Desktop/edk2-exynos7885/workspace/Build/EXYNOS7885Pkg/DEBUG_GCC5/AARCH64/ArmPkg/Drivers/CpuDxe/CpuDxe/OUTPUT/ArmCpuDxe.lib(AutoGen.obj)
                              DriverEntryPoint.obj (symbol from plugin) (ProcessLibraryConstructorList)
/home/parallels/Desktop/edk2-exynos7885/workspace/Build/EXYNOS7885Pkg/DEBUG_GCC5/AARCH64/ArmPkg/Drivers/CpuDxe/CpuDxe/OUTPUT/ArmCpuDxe.lib(CpuDxe.obj)
                              AutoGen.obj (symbol from plugin) (CpuDxeInitialize)
/home/parallels/Desktop/edk2-exynos7885/workspace/Build/EXYNOS7885Pkg/DEBUG_GCC5/AARCH64/ArmPkg/Drivers/CpuDxe/CpuDxe/OUTPUT/ArmCpuDxe.lib(CpuMmuCommon.obj)
                              CpuDxe.obj (symbol from plugin) (CpuSetMemoryAttributes)
/home/parallels/Desktop/edk2-exynos7885/workspace/Build/EXYNOS7885Pkg/DEBUG_GCC5/AARCH64/ArmPkg/Drivers/CpuDxe/CpuDxe/OUTPUT/ArmCpuDxe.lib(Exception.obj)
                              CpuDxe.obj (symbol from plugin) (InitializeExceptions)
/home/parallels/Desktop/edk2-exynos7885/workspace/Build/EXYNOS7885Pkg/DEBUG_GCC5/AARCH64/ArmPkg/Drivers/CpuDxe/CpuDxe/OUTPUT/ArmCpuDxe.lib(Mmu.obj)
                              CpuDxe.obj (symbol from plugin) (SyncCacheConfig)
/home/parallels/Desktop/edk2-exynos7885/workspace/Build/EXYNOS7885Pkg/DEBUG_GCC5/AARCH64/MdePkg/Library/BaseLib/BaseLib/OUTPUT/BaseLib.lib(CpuDeadLoop.obj)
                              BaseStackCheckGcc.obj (symbol from plugin) (CpuDeadLoop)
/home/parallels/Desktop/edk2-exynos7885/workspace/Build/EXYNOS7885Pkg/DEBUG_GCC5/AARCH64/MdePkg/Library/BaseLib/BaseLib/OUTPUT/BaseLib.lib(SwitchStack.obj)
                              CpuDeadLoop.obj (symbol from plugin) (CpuPause)
/home/parallels/Desktop/edk2-exynos7885/workspace/Build/EXYNOS7885Pkg/DEBUG_GCC5/AARCH64/MdePkg/Library/BaseLib/BaseLib/OUTPUT/BaseLib.lib(CpuBreakpoint.obj)
                              BaseStackCheckGcc.obj (symbol from plugin) (CpuBreakpoint)
/home/parallels/Desktop/edk2-exynos7885/workspace/Build/EXYNOS7885Pkg/DEBUG_GCC5/AARCH64/ArmPkg/Library/ArmLib/ArmBaseLib/OUTPUT/ArmBaseLib.lib(ArmLib.obj)
                              CpuDxe.obj (symbol from plugin) (ArmCacheWritebackGranule)
/home/parallels/Desktop/edk2-exynos7885/workspace/Build/EXYNOS7885Pkg/DEBUG_GCC5/AARCH64/ArmPkg/Library/ArmLib/ArmBaseLib/OUTPUT/ArmBaseLib.lib(ArmLibSupport.obj)
                              ArmLib.obj (symbol from plugin) (ArmCacheInfo)
/home/parallels/Desktop/edk2-exynos7885/workspace/Build/EXYNOS7885Pkg/DEBUG_GCC5/AARCH64/ArmPkg/Library/ArmLib/ArmBaseLib/OUTPUT/ArmBaseLib.lib(ArmLibSupportV8.obj)
                              Exception.obj (symbol from plugin) (ArmEnableAsynchronousAbort)
/home/parallels/Desktop/edk2-exynos7885/workspace/Build/EXYNOS7885Pkg/DEBUG_GCC5/AARCH64/ArmPkg/Library/ArmLib/ArmBaseLib/OUTPUT/ArmBaseLib.lib(AArch64Support.obj)
                              Mmu.obj (symbol from plugin) (ArmMmuEnabled)
/home/parallels/Desktop/edk2-exynos7885/workspace/Build/EXYNOS7885Pkg/DEBUG_GCC5/AARCH64/ArmPkg/Library/ArmCacheMaintenanceLib/ArmCacheMaintenanceLib/OUTPUT/ArmCacheMaintenanceLib.lib(ArmCacheMaintenanceLib.obj)
                              CpuDxe.obj (symbol from plugin) (WriteBackInvalidateDataCacheRange)
/home/parallels/Desktop/edk2-exynos7885/workspace/Build/EXYNOS7885Pkg/DEBUG_GCC5/AARCH64/MdePkg/Library/BaseDebugLibSerialPort/BaseDebugLibSerialPort/OUTPUT/BaseDebugLibSerialPort.lib(DebugLib.obj)
                              AutoGen.obj (symbol from plugin) (BaseDebugLibSerialPortConstructor)
/home/parallels/Desktop/edk2-exynos7885/workspace/Build/EXYNOS7885Pkg/DEBUG_GCC5/AARCH64/MdePkg/Library/UefiBootServicesTableLib/UefiBootServicesTableLib/OUTPUT/UefiBootServicesTableLib.lib(UefiBootServicesTableLib.obj)
                              AutoGen.obj (symbol from plugin) (UefiBootServicesTableLibConstructor)
/home/parallels/Desktop/edk2-exynos7885/workspace/Build/EXYNOS7885Pkg/DEBUG_GCC5/AARCH64/MdePkg/Library/UefiMemoryAllocationLib/UefiMemoryAllocationLib/OUTPUT/UefiMemoryAllocationLib.lib(MemoryAllocationLib.obj)
                              Mmu.obj (symbol from plugin) (FreePool)
/home/parallels/Desktop/edk2-exynos7885/workspace/Build/EXYNOS7885Pkg/DEBUG_GCC5/AARCH64/MdePkg/Library/UefiRuntimeServicesTableLib/UefiRuntimeServicesTableLib/OUTPUT/UefiRuntimeServicesTableLib.lib(UefiRuntimeServicesTableLib.obj)
                              AutoGen.obj (symbol from plugin) (UefiRuntimeServicesTableLibConstructor)
/home/parallels/Desktop/edk2-exynos7885/workspace/Build/EXYNOS7885Pkg/DEBUG_GCC5/AARCH64/MdePkg/Library/UefiLib/UefiLib/OUTPUT/UefiLib.lib(UefiLib.obj)
                              AutoGen.obj (symbol from plugin) (UefiLibConstructor)
/home/parallels/Desktop/edk2-exynos7885/workspace/Build/EXYNOS7885Pkg/DEBUG_GCC5/AARCH64/MdePkg/Library/DxeHobLib/DxeHobLib/OUTPUT/DxeHobLib.lib(HobLib.obj)
                              AutoGen.obj (symbol from plugin) (HobLibConstructor)
/home/parallels/Desktop/edk2-exynos7885/workspace/Build/EXYNOS7885Pkg/DEBUG_GCC5/AARCH64/ArmPkg/Library/ArmMmuLib/ArmMmuBaseLib/OUTPUT/ArmMmuBaseLib.lib(ArmMmuLibCore.obj)
                              CpuMmuCommon.obj (symbol from plugin) (ArmSetMemoryAttributes)
/home/parallels/Desktop/edk2-exynos7885/workspace/Build/EXYNOS7885Pkg/DEBUG_GCC5/AARCH64/ArmPkg/Library/ArmMmuLib/ArmMmuBaseLib/OUTPUT/ArmMmuBaseLib.lib(ArmMmuLibReplaceEntry.obj)
                              ArmMmuLibCore.obj (symbol from plugin) (ArmReplaceLiveTranslationEntry)
/home/parallels/Desktop/edk2-exynos7885/workspace/Build/EXYNOS7885Pkg/DEBUG_GCC5/AARCH64/MdePkg/Library/BaseCpuLib/BaseCpuLib/OUTPUT/BaseCpuLib.lib(CpuSleep.obj)
                              CpuDxe.obj (symbol from plugin) (CpuSleep)
/home/parallels/Desktop/edk2-exynos7885/workspace/Build/EXYNOS7885Pkg/DEBUG_GCC5/AARCH64/MdeModulePkg/Library/CpuExceptionHandlerLibNull/CpuExceptionHandlerLibNull/OUTPUT/CpuExceptionHandlerLibNull.lib(CpuExceptionHandlerLibNull.obj)
                              Exception.obj (symbol from plugin) (InitializeCpuExceptionHandlers)
/home/parallels/Desktop/edk2-exynos7885/workspace/Build/EXYNOS7885Pkg/DEBUG_GCC5/AARCH64/MdePkg/Library/DxeServicesTableLib/DxeServicesTableLib/OUTPUT/DxeServicesTableLib.lib(DxeServicesTableLib.obj)
                              AutoGen.obj (symbol from plugin) (DxeServicesTableLibConstructor)
/home/parallels/Desktop/edk2-exynos7885/workspace/Build/EXYNOS7885Pkg/DEBUG_GCC5/AARCH64/MdePkg/Library/BaseLib/BaseLib/OUTPUT/BaseLib.lib(LShiftU64.obj)
                              ArmMmuLibCore.obj (symbol from plugin) (LShiftU64)
/home/parallels/Desktop/edk2-exynos7885/workspace/Build/EXYNOS7885Pkg/DEBUG_GCC5/AARCH64/MdePkg/Library/BaseLib/BaseLib/OUTPUT/BaseLib.lib(String.obj)
                              UefiLib.obj (symbol from plugin) (StrSize)
/home/parallels/Desktop/edk2-exynos7885/workspace/Build/EXYNOS7885Pkg/DEBUG_GCC5/AARCH64/MdePkg/Library/BaseLib/BaseLib/OUTPUT/BaseLib.lib(Unaligned.obj)
                              UefiLib.obj (symbol from plugin) (ReadUnaligned24)
/home/parallels/Desktop/edk2-exynos7885/workspace/Build/EXYNOS7885Pkg/DEBUG_GCC5/AARCH64/MdePkg/Library/BaseLib/BaseLib/OUTPUT/BaseLib.lib(Math64.obj)
                              LShiftU64.obj (symbol from plugin) (InternalMathLShiftU64)
/home/parallels/Desktop/edk2-exynos7885/workspace/Build/EXYNOS7885Pkg/DEBUG_GCC5/AARCH64/MdePkg/Library/BaseLib/BaseLib/OUTPUT/BaseLib.lib(SwapBytes32.obj)
                              Math64.obj (symbol from plugin) (SwapBytes32)
/home/parallels/Desktop/edk2-exynos7885/workspace/Build/EXYNOS7885Pkg/DEBUG_GCC5/AARCH64/MdePkg/Library/BaseLib/BaseLib/OUTPUT/BaseLib.lib(SwapBytes16.obj)
                              SwapBytes32.obj (symbol from plugin) (SwapBytes16)
/home/parallels/Desktop/edk2-exynos7885/workspace/Build/EXYNOS7885Pkg/DEBUG_GCC5/AARCH64/MdePkg/Library/BaseLib/BaseLib/OUTPUT/BaseLib.lib(RShiftU64.obj)
                              Unaligned.obj (symbol from plugin) (RShiftU64)
/home/parallels/Desktop/edk2-exynos7885/workspace/Build/EXYNOS7885Pkg/DEBUG_GCC5/AARCH64/MdePkg/Library/BaseLib/BaseLib/OUTPUT/BaseLib.lib(SafeString.obj)
                              String.obj (symbol from plugin) (StrDecimalToUintnS)
/home/parallels/Desktop/edk2-exynos7885/workspace/Build/EXYNOS7885Pkg/DEBUG_GCC5/AARCH64/MdePkg/Library/BaseLib/BaseLib/OUTPUT/BaseLib.lib(MultU64x32.obj)
                              SafeString.obj (symbol from plugin) (MultU64x32)
/home/parallels/Desktop/edk2-exynos7885/workspace/Build/EXYNOS7885Pkg/DEBUG_GCC5/AARCH64/MdePkg/Library/BaseLib/BaseLib/OUTPUT/BaseLib.lib(DivU64x32.obj)
                              SafeString.obj (symbol from plugin) (DivU64x32)
/home/parallels/Desktop/edk2-exynos7885/workspace/Build/EXYNOS7885Pkg/DEBUG_GCC5/AARCH64/MdePkg/Library/BaseMemoryLibOptDxe/BaseMemoryLibOptDxe/OUTPUT/BaseMemoryLibOptDxe.lib(MemLibGuid.obj)
                              SafeString.obj (symbol from plugin) (CopyGuid)
/home/parallels/Desktop/edk2-exynos7885/workspace/Build/EXYNOS7885Pkg/DEBUG_GCC5/AARCH64/MdePkg/Library/BaseMemoryLibOptDxe/BaseMemoryLibOptDxe/OUTPUT/BaseMemoryLibOptDxe.lib(ZeroMemWrapper.obj)
                              MemoryAllocationLib.obj (symbol from plugin) (ZeroMem)
/home/parallels/Desktop/edk2-exynos7885/workspace/Build/EXYNOS7885Pkg/DEBUG_GCC5/AARCH64/MdePkg/Library/BaseMemoryLibOptDxe/BaseMemoryLibOptDxe/OUTPUT/BaseMemoryLibOptDxe.lib(SetMemWrapper.obj)
                              DebugLib.obj (symbol from plugin) (SetMem)
/home/parallels/Desktop/edk2-exynos7885/workspace/Build/EXYNOS7885Pkg/DEBUG_GCC5/AARCH64/MdePkg/Library/BaseMemoryLibOptDxe/BaseMemoryLibOptDxe/OUTPUT/BaseMemoryLibOptDxe.lib(CopyMemWrapper.obj)
                              MemoryAllocationLib.obj (symbol from plugin) (CopyMem)
/home/parallels/Desktop/edk2-exynos7885/workspace/Build/EXYNOS7885Pkg/DEBUG_GCC5/AARCH64/MdePkg/Library/BaseMemoryLibOptDxe/BaseMemoryLibOptDxe/OUTPUT/BaseMemoryLibOptDxe.lib(SetMem.obj)
                              ZeroMemWrapper.obj (symbol from plugin) (InternalMemZeroMem)
/home/parallels/Desktop/edk2-exynos7885/workspace/Build/EXYNOS7885Pkg/DEBUG_GCC5/AARCH64/MdePkg/Library/BaseMemoryLibOptDxe/BaseMemoryLibOptDxe/OUTPUT/BaseMemoryLibOptDxe.lib(CopyMem.obj)
                              MemLibGuid.obj (symbol from plugin) (InternalMemCopyMem)
/home/parallels/Desktop/edk2-exynos7885/workspace/Build/EXYNOS7885Pkg/DEBUG_GCC5/AARCH64/MdePkg/Library/BaseMemoryLibOptDxe/BaseMemoryLibOptDxe/OUTPUT/BaseMemoryLibOptDxe.lib(CompareGuid.obj)
                              MemLibGuid.obj (symbol from plugin) (InternalMemCompareGuid)
/home/parallels/Desktop/edk2-exynos7885/workspace/Build/EXYNOS7885Pkg/DEBUG_GCC5/AARCH64/MdePkg/Library/BaseMemoryLibOptDxe/BaseMemoryLibOptDxe/OUTPUT/BaseMemoryLibOptDxe.lib(SetMem64Wrapper.obj)
                              SetMemWrapper.obj (symbol from plugin) (SetMem64)
/home/parallels/Desktop/edk2-exynos7885/workspace/Build/EXYNOS7885Pkg/DEBUG_GCC5/AARCH64/MdePkg/Library/BaseDebugPrintErrorLevelLib/BaseDebugPrintErrorLevelLib/OUTPUT/BaseDebugPrintErrorLevelLib.lib(BaseDebugPrintErrorLevelLib.obj)
                              DebugLib.obj (symbol from plugin) (GetDebugPrintErrorLevel)
/home/parallels/Desktop/edk2-exynos7885/workspace/Build/EXYNOS7885Pkg/DEBUG_GCC5/AARCH64/EXYNOS7885Pkg/Library/FrameBufferSerialPortLib/FrameBufferSerialPortLib/OUTPUT/FrameBufferSerialPortLib.lib(FrameBufferSerialPortLib.obj)
                              DebugLib.obj (symbol from plugin) (SerialPortInitialize)
/home/parallels/Desktop/edk2-exynos7885/workspace/Build/EXYNOS7885Pkg/DEBUG_GCC5/AARCH64/MdePkg/Library/BasePrintLib/BasePrintLib/OUTPUT/BasePrintLib.lib(PrintLib.obj)
                              DebugLib.obj (symbol from plugin) (AsciiVSPrint)
/home/parallels/Desktop/edk2-exynos7885/workspace/Build/EXYNOS7885Pkg/DEBUG_GCC5/AARCH64/MdePkg/Library/BasePrintLib/BasePrintLib/OUTPUT/BasePrintLib.lib(PrintLibInternal.obj)
                              PrintLib.obj (symbol from plugin) (BasePrintLibConvertValueToStringS)
/home/parallels/Desktop/edk2-exynos7885/workspace/Build/EXYNOS7885Pkg/DEBUG_GCC5/AARCH64/MdePkg/Library/UefiDevicePathLib/UefiDevicePathLib/OUTPUT/UefiDevicePathLib.lib(DevicePathUtilities.obj)
                              UefiLib.obj (symbol from plugin) (DevicePathType)
/home/parallels/Desktop/edk2-exynos7885/workspace/Build/EXYNOS7885Pkg/DEBUG_GCC5/AARCH64/MdePkg/Library/UefiDevicePathLib/UefiDevicePathLib/OUTPUT/UefiDevicePathLib.lib(DevicePathUtilitiesDxeSmm.obj)
                              DevicePathUtilities.obj (symbol from plugin) (DevicePathFromHandle)
/home/parallels/Desktop/edk2-exynos7885/workspace/Build/EXYNOS7885Pkg/DEBUG_GCC5/AARCH64/MdePkg/Library/UefiDevicePathLib/UefiDevicePathLib/OUTPUT/UefiDevicePathLib.lib(UefiDevicePathLib.obj)
                              DevicePathUtilities.obj (symbol from plugin) (GetDevicePathSize)
/home/parallels/Desktop/edk2-exynos7885/workspace/Build/EXYNOS7885Pkg/DEBUG_GCC5/AARCH64/MdePkg/Library/UefiDevicePathLib/UefiDevicePathLib/OUTPUT/UefiDevicePathLib.lib(DevicePathToText.obj)
                              UefiDevicePathLib.obj (symbol from plugin) (UefiDevicePathLibConvertDeviceNodeToText)
/home/parallels/Desktop/edk2-exynos7885/workspace/Build/EXYNOS7885Pkg/DEBUG_GCC5/AARCH64/MdePkg/Library/UefiDevicePathLib/UefiDevicePathLib/OUTPUT/UefiDevicePathLib.lib(DevicePathFromText.obj)
                              UefiDevicePathLib.obj (symbol from plugin) (UefiDevicePathLibConvertTextToDeviceNode)
/home/parallels/Desktop/edk2-exynos7885/workspace/Build/EXYNOS7885Pkg/DEBUG_GCC5/AARCH64/MdePkg/Library/BaseLib/BaseLib/OUTPUT/BaseLib.lib(SwapBytes64.obj)
                              DevicePathFromText.obj (symbol from plugin) (SwapBytes64)
/home/parallels/Desktop/edk2-exynos7885/workspace/Build/EXYNOS7885Pkg/DEBUG_GCC5/AARCH64/MdePkg/Library/BaseLib/BaseLib/OUTPUT/BaseLib.lib(DivU64x32Remainder.obj)
                              PrintLibInternal.obj (symbol from plugin) (DivU64x32Remainder)

Discarded input sections

 .text          0x0000000000000000       0x10 /home/parallels/Desktop/edk2/ArmPkg/Library/GccLto/liblto-aarch64.a
 .data          0x0000000000000000        0x0 /home/parallels/Desktop/edk2/ArmPkg/Library/GccLto/liblto-aarch64.a
 .bss           0x0000000000000000        0x0 /home/parallels/Desktop/edk2/ArmPkg/Library/GccLto/liblto-aarch64.a
 .text          0x0000000000000000        0x0 /tmp/ccaMhYCH.ltrans0.ltrans.o
 .data          0x0000000000000000        0x0 /tmp/ccaMhYCH.ltrans0.ltrans.o
 .bss           0x0000000000000000        0x0 /tmp/ccaMhYCH.ltrans0.ltrans.o
 .text._DriverUnloadHandler
                0x0000000000000000        0x8 /tmp/ccaMhYCH.ltrans0.ltrans.o
 .text.InitializeCpuExceptionHandlers.constprop.0.isra.0
                0x0000000000000000        0x4 /tmp/ccaMhYCH.ltrans0.ltrans.o
 .text.__memset
                0x0000000000000000       0x1c /tmp/ccaMhYCH.ltrans0.ltrans.o
 .comment       0x0000000000000000       0x2c /tmp/ccaMhYCH.ltrans0.ltrans.o
 .note.GNU-stack
                0x0000000000000000        0x0 /tmp/ccaMhYCH.ltrans0.ltrans.o
 .comment       0x0000000000000000       0x2c /tmp/ccj7j0dA.debug.temp.o
 .note.GNU-stack
                0x0000000000000000        0x0 /tmp/ccj7j0dA.debug.temp.o
 .comment       0x0000000000000000       0x2c /tmp/cctvlxvQ.debug.temp.o
 .note.GNU-stack
                0x0000000000000000        0x0 /tmp/cctvlxvQ.debug.temp.o
 .comment       0x0000000000000000       0x2c /tmp/ccYnWLXo.debug.temp.o
 .note.GNU-stack
                0x0000000000000000        0x0 /tmp/ccYnWLXo.debug.temp.o
 .comment       0x0000000000000000       0x2c /tmp/ccFM0Vei.debug.temp.o
 .note.GNU-stack
                0x0000000000000000        0x0 /tmp/ccFM0Vei.debug.temp.o
 .comment       0x0000000000000000       0x2c /tmp/ccVMYoT6.debug.temp.o
 .note.GNU-stack
                0x0000000000000000        0x0 /tmp/ccVMYoT6.debug.temp.o
 .comment       0x0000000000000000       0x2c /tmp/cciGfwpz.debug.temp.o
 .note.GNU-stack
                0x0000000000000000        0x0 /tmp/cciGfwpz.debug.temp.o
 .comment       0x0000000000000000       0x2c /tmp/ccKZ44U9.debug.temp.o
 .note.GNU-stack
                0x0000000000000000        0x0 /tmp/ccKZ44U9.debug.temp.o
 .comment       0x0000000000000000       0x2c /tmp/cc6J7Fxw.debug.temp.o
 .note.GNU-stack
                0x0000000000000000        0x0 /tmp/cc6J7Fxw.debug.temp.o
 .comment       0x0000000000000000       0x2c /tmp/ccN9cZMV.debug.temp.o
 .note.GNU-stack
                0x0000000000000000        0x0 /tmp/ccN9cZMV.debug.temp.o
 .debug_info    0x0000000000000000       0x9e /tmp/ccKkek65.debug.temp.o
 .debug_abbrev  0x0000000000000000       0x70 /tmp/ccKkek65.debug.temp.o
 .debug_line    0x0000000000000000       0x4c /tmp/ccKkek65.debug.temp.o
 .debug_str     0x0000000000000000      0x213 /tmp/ccKkek65.debug.temp.o
 .debug_line_str
                0x0000000000000000      0x17e /tmp/ccKkek65.debug.temp.o
 .comment       0x0000000000000000       0x2c /tmp/ccKkek65.debug.temp.o
 .note.GNU-stack
                0x0000000000000000        0x0 /tmp/ccKkek65.debug.temp.o
 .comment       0x0000000000000000       0x2c /tmp/cclokcmL.debug.temp.o
 .note.GNU-stack
                0x0000000000000000        0x0 /tmp/cclokcmL.debug.temp.o
 .comment       0x0000000000000000       0x2c /tmp/ccezVg3D.debug.temp.o
 .note.GNU-stack
                0x0000000000000000        0x0 /tmp/ccezVg3D.debug.temp.o
 .comment       0x0000000000000000       0x2c /tmp/ccTSMh5G.debug.temp.o
 .note.GNU-stack
                0x0000000000000000        0x0 /tmp/ccTSMh5G.debug.temp.o
 .comment       0x0000000000000000       0x2c /tmp/ccuWINCU.debug.temp.o
 .note.GNU-stack
                0x0000000000000000        0x0 /tmp/ccuWINCU.debug.temp.o
 .comment       0x0000000000000000       0x2c /tmp/ccviqdVC.debug.temp.o
 .note.GNU-stack
                0x0000000000000000        0x0 /tmp/ccviqdVC.debug.temp.o
 .comment       0x0000000000000000       0x2c /tmp/ccSOCOSu.debug.temp.o
 .note.GNU-stack
                0x0000000000000000        0x0 /tmp/ccSOCOSu.debug.temp.o
 .comment       0x0000000000000000       0x2c /tmp/ccdNm5zt.debug.temp.o
 .note.GNU-stack
                0x0000000000000000        0x0 /tmp/ccdNm5zt.debug.temp.o
 .comment       0x0000000000000000       0x2c /tmp/cc9BQOPM.debug.temp.o
 .note.GNU-stack
                0x0000000000000000        0x0 /tmp/cc9BQOPM.debug.temp.o
 .comment       0x0000000000000000       0x2c /tmp/ccX12f4m.debug.temp.o
 .note.GNU-stack
                0x0000000000000000        0x0 /tmp/ccX12f4m.debug.temp.o
 .comment       0x0000000000000000       0x2c /tmp/ccwbUNVP.debug.temp.o
 .note.GNU-stack
                0x0000000000000000        0x0 /tmp/ccwbUNVP.debug.temp.o
 .comment       0x0000000000000000       0x2c /tmp/cczBuduF.debug.temp.o
 .note.GNU-stack
                0x0000000000000000        0x0 /tmp/cczBuduF.debug.temp.o
 .debug_info    0x0000000000000000      0x100 /tmp/cc58Ox33.debug.temp.o
 .debug_abbrev  0x0000000000000000       0xb2 /tmp/cc58Ox33.debug.temp.o
 .debug_line    0x0000000000000000       0x51 /tmp/cc58Ox33.debug.temp.o
 .debug_str     0x0000000000000000      0x253 /tmp/cc58Ox33.debug.temp.o
 .debug_line_str
                0x0000000000000000      0x18e /tmp/cc58Ox33.debug.temp.o
 .comment       0x0000000000000000       0x2c /tmp/cc58Ox33.debug.temp.o
 .note.GNU-stack
                0x0000000000000000        0x0 /tmp/cc58Ox33.debug.temp.o
 .comment       0x0000000000000000       0x2c /tmp/ccsdB873.debug.temp.o
 .note.GNU-stack
                0x0000000000000000        0x0 /tmp/ccsdB873.debug.temp.o
 .comment       0x0000000000000000       0x2c /tmp/cc1VAt2w.debug.temp.o
 .note.GNU-stack
                0x0000000000000000        0x0 /tmp/cc1VAt2w.debug.temp.o
 .comment       0x0000000000000000       0x2c /tmp/ccQ9HK9Q.debug.temp.o
 .note.GNU-stack
                0x0000000000000000        0x0 /tmp/ccQ9HK9Q.debug.temp.o
 .debug_info    0x0000000000000000       0xbd /tmp/ccmoTCWE.debug.temp.o
 .debug_abbrev  0x0000000000000000       0x88 /tmp/ccmoTCWE.debug.temp.o
 .debug_line    0x0000000000000000       0x4c /tmp/ccmoTCWE.debug.temp.o
 .debug_str     0x0000000000000000      0x22e /tmp/ccmoTCWE.debug.temp.o
 .debug_line_str
                0x0000000000000000      0x17e /tmp/ccmoTCWE.debug.temp.o
 .comment       0x0000000000000000       0x2c /tmp/ccmoTCWE.debug.temp.o
 .note.GNU-stack
                0x0000000000000000        0x0 /tmp/ccmoTCWE.debug.temp.o
 .debug_info    0x0000000000000000       0x8a /tmp/ccXsul7X.debug.temp.o
 .debug_abbrev  0x0000000000000000       0x57 /tmp/ccXsul7X.debug.temp.o
 .debug_line    0x0000000000000000       0x43 /tmp/ccXsul7X.debug.temp.o
 .debug_str     0x0000000000000000      0x204 /tmp/ccXsul7X.debug.temp.o
 .debug_line_str
                0x0000000000000000      0x140 /tmp/ccXsul7X.debug.temp.o
 .comment       0x0000000000000000       0x2c /tmp/ccXsul7X.debug.temp.o
 .note.GNU-stack
                0x0000000000000000        0x0 /tmp/ccXsul7X.debug.temp.o
 .debug_info    0x0000000000000000      0x100 /tmp/ccCU17bK.debug.temp.o
 .debug_abbrev  0x0000000000000000       0xb2 /tmp/ccCU17bK.debug.temp.o
 .debug_line    0x0000000000000000       0x51 /tmp/ccCU17bK.debug.temp.o
 .debug_str     0x0000000000000000      0x253 /tmp/ccCU17bK.debug.temp.o
 .debug_line_str
                0x0000000000000000      0x18e /tmp/ccCU17bK.debug.temp.o
 .comment       0x0000000000000000       0x2c /tmp/ccCU17bK.debug.temp.o
 .note.GNU-stack
                0x0000000000000000        0x0 /tmp/ccCU17bK.debug.temp.o
 .comment       0x0000000000000000       0x2c /tmp/ccSZEohX.debug.temp.o
 .note.GNU-stack
                0x0000000000000000        0x0 /tmp/ccSZEohX.debug.temp.o
 .debug_info    0x0000000000000000       0xc1 /tmp/ccoLLNBB.debug.temp.o
 .debug_abbrev  0x0000000000000000       0x88 /tmp/ccoLLNBB.debug.temp.o
 .debug_line    0x0000000000000000       0x48 /tmp/ccoLLNBB.debug.temp.o
 .debug_str     0x0000000000000000      0x23a /tmp/ccoLLNBB.debug.temp.o
 .debug_line_str
                0x0000000000000000      0x151 /tmp/ccoLLNBB.debug.temp.o
 .comment       0x0000000000000000       0x2c /tmp/ccoLLNBB.debug.temp.o
 .note.GNU-stack
                0x0000000000000000        0x0 /tmp/ccoLLNBB.debug.temp.o
 .debug_info    0x0000000000000000      0x10b /tmp/ccYXPflP.debug.temp.o
 .debug_abbrev  0x0000000000000000       0xb2 /tmp/ccYXPflP.debug.temp.o
 .debug_line    0x0000000000000000       0x51 /tmp/ccYXPflP.debug.temp.o
 .debug_str     0x0000000000000000      0x25d /tmp/ccYXPflP.debug.temp.o
 .debug_line_str
                0x0000000000000000      0x18e /tmp/ccYXPflP.debug.temp.o
 .comment       0x0000000000000000       0x2c /tmp/ccYXPflP.debug.temp.o
 .note.GNU-stack
                0x0000000000000000        0x0 /tmp/ccYXPflP.debug.temp.o
 .comment       0x0000000000000000       0x2c /tmp/ccPZq9fM.debug.temp.o
 .note.GNU-stack
                0x0000000000000000        0x0 /tmp/ccPZq9fM.debug.temp.o
 .comment       0x0000000000000000       0x2c /tmp/ccupImIC.debug.temp.o
 .note.GNU-stack
                0x0000000000000000        0x0 /tmp/ccupImIC.debug.temp.o
 .debug_info    0x0000000000000000      0x17a /tmp/ccnz2wQn.debug.temp.o
 .debug_abbrev  0x0000000000000000       0xce /tmp/ccnz2wQn.debug.temp.o
 .debug_line    0x0000000000000000       0x56 /tmp/ccnz2wQn.debug.temp.o
 .debug_str     0x0000000000000000      0x270 /tmp/ccnz2wQn.debug.temp.o
 .debug_line_str
                0x0000000000000000      0x1d5 /tmp/ccnz2wQn.debug.temp.o
 .comment       0x0000000000000000       0x2c /tmp/ccnz2wQn.debug.temp.o
 .note.GNU-stack
                0x0000000000000000        0x0 /tmp/ccnz2wQn.debug.temp.o
 .debug_info    0x0000000000000000      0x119 /tmp/ccqilhZE.debug.temp.o
 .debug_abbrev  0x0000000000000000       0xbe /tmp/ccqilhZE.debug.temp.o
 .debug_line    0x0000000000000000       0x51 /tmp/ccqilhZE.debug.temp.o
 .debug_str     0x0000000000000000      0x266 /tmp/ccqilhZE.debug.temp.o
 .debug_line_str
                0x0000000000000000      0x1c7 /tmp/ccqilhZE.debug.temp.o
 .comment       0x0000000000000000       0x2c /tmp/ccqilhZE.debug.temp.o
 .note.GNU-stack
                0x0000000000000000        0x0 /tmp/ccqilhZE.debug.temp.o
 .debug_info    0x0000000000000000      0x114 /tmp/ccfC20h3.debug.temp.o
 .debug_abbrev  0x0000000000000000       0xb8 /tmp/ccfC20h3.debug.temp.o
 .debug_line    0x0000000000000000       0x51 /tmp/ccfC20h3.debug.temp.o
 .debug_str     0x0000000000000000      0x256 /tmp/ccfC20h3.debug.temp.o
 .debug_line_str
                0x0000000000000000      0x1c9 /tmp/ccfC20h3.debug.temp.o
 .comment       0x0000000000000000       0x2c /tmp/ccfC20h3.debug.temp.o
 .note.GNU-stack
                0x0000000000000000        0x0 /tmp/ccfC20h3.debug.temp.o
 .debug_info    0x0000000000000000       0xb3 /tmp/cco35QHO.debug.temp.o
 .debug_abbrev  0x0000000000000000       0x88 /tmp/cco35QHO.debug.temp.o
 .debug_line    0x0000000000000000       0x4c /tmp/cco35QHO.debug.temp.o
 .debug_str     0x0000000000000000      0x260 /tmp/cco35QHO.debug.temp.o
 .debug_line_str
                0x0000000000000000      0x260 /tmp/cco35QHO.debug.temp.o
 .comment       0x0000000000000000       0x2c /tmp/cco35QHO.debug.temp.o
 .note.GNU-stack
                0x0000000000000000        0x0 /tmp/cco35QHO.debug.temp.o
 .comment       0x0000000000000000       0x2c /tmp/ccB4dOmD.debug.temp.o
 .note.GNU-stack
                0x0000000000000000        0x0 /tmp/ccB4dOmD.debug.temp.o
 .comment       0x0000000000000000       0x2c /tmp/ccWmKOEF.debug.temp.o
 .note.GNU-stack
                0x0000000000000000        0x0 /tmp/ccWmKOEF.debug.temp.o
 .comment       0x0000000000000000       0x2c /tmp/ccnoFFGK.debug.temp.o
 .note.GNU-stack
                0x0000000000000000        0x0 /tmp/ccnoFFGK.debug.temp.o
 .debug_info    0x0000000000000000      0x6ac /tmp/cclyU82I.debug.temp.o
 .debug_abbrev  0x0000000000000000      0x1e6 /tmp/cclyU82I.debug.temp.o
 .debug_line    0x0000000000000000       0x7b /tmp/cclyU82I.debug.temp.o
 .debug_str     0x0000000000000000      0x696 /tmp/cclyU82I.debug.temp.o
 .debug_line_str
                0x0000000000000000      0x315 /tmp/cclyU82I.debug.temp.o
 .comment       0x0000000000000000       0x2c /tmp/cclyU82I.debug.temp.o
 .note.GNU-stack
                0x0000000000000000        0x0 /tmp/cclyU82I.debug.temp.o
 .debug_info    0x0000000000000000      0xe34 /tmp/ccY8NM7b.debug.temp.o
 .debug_abbrev  0x0000000000000000      0x196 /tmp/ccY8NM7b.debug.temp.o
 .debug_line    0x0000000000000000       0x71 /tmp/ccY8NM7b.debug.temp.o
 .debug_str     0x0000000000000000      0xc80 /tmp/ccY8NM7b.debug.temp.o
 .debug_line_str
                0x0000000000000000      0x2a4 /tmp/ccY8NM7b.debug.temp.o
 .comment       0x0000000000000000       0x2c /tmp/ccY8NM7b.debug.temp.o
 .note.GNU-stack
                0x0000000000000000        0x0 /tmp/ccY8NM7b.debug.temp.o
 .debug_info    0x0000000000000000      0x3f7 /tmp/cc3Ofp7w.debug.temp.o
 .debug_abbrev  0x0000000000000000      0x114 /tmp/cc3Ofp7w.debug.temp.o
 .debug_line    0x0000000000000000       0x51 /tmp/cc3Ofp7w.debug.temp.o
 .debug_str     0x0000000000000000      0x5b5 /tmp/cc3Ofp7w.debug.temp.o
 .debug_line_str
                0x0000000000000000      0x1ca /tmp/cc3Ofp7w.debug.temp.o
 .comment       0x0000000000000000       0x2c /tmp/cc3Ofp7w.debug.temp.o
 .note.GNU-stack
                0x0000000000000000        0x0 /tmp/cc3Ofp7w.debug.temp.o
 .debug_info    0x0000000000000000     0x25cc /tmp/cczOxROf.debug.temp.o
 .debug_abbrev  0x0000000000000000      0x2bf /tmp/cczOxROf.debug.temp.o
 .debug_line    0x0000000000000000       0xa5 /tmp/cczOxROf.debug.temp.o
 .debug_str     0x0000000000000000     0x145f /tmp/cczOxROf.debug.temp.o
 .debug_line_str
                0x0000000000000000      0x3ef /tmp/cczOxROf.debug.temp.o
 .comment       0x0000000000000000       0x2c /tmp/cczOxROf.debug.temp.o
 .note.GNU-stack
                0x0000000000000000        0x0 /tmp/cczOxROf.debug.temp.o
 .debug_info    0x0000000000000000     0x2ed7 /tmp/ccE67tWY.debug.temp.o
 .debug_abbrev  0x0000000000000000      0x2a4 /tmp/ccE67tWY.debug.temp.o
 .debug_line    0x0000000000000000       0x9b /tmp/ccE67tWY.debug.temp.o
 .debug_str     0x0000000000000000     0x1e24 /tmp/ccE67tWY.debug.temp.o
 .debug_line_str
                0x0000000000000000      0x3dd /tmp/ccE67tWY.debug.temp.o
 .comment       0x0000000000000000       0x2c /tmp/ccE67tWY.debug.temp.o
 .note.GNU-stack
                0x0000000000000000        0x0 /tmp/ccE67tWY.debug.temp.o
 .debug_info    0x0000000000000000       0xa0 /tmp/ccMm62Oo.debug.temp.o
 .debug_abbrev  0x0000000000000000       0x75 /tmp/ccMm62Oo.debug.temp.o
 .debug_line    0x0000000000000000       0x48 /tmp/ccMm62Oo.debug.temp.o
 .debug_str     0x0000000000000000      0x21c /tmp/ccMm62Oo.debug.temp.o
 .debug_line_str
                0x0000000000000000      0x153 /tmp/ccMm62Oo.debug.temp.o
 .comment       0x0000000000000000       0x2c /tmp/ccMm62Oo.debug.temp.o
 .note.GNU-stack
                0x0000000000000000        0x0 /tmp/ccMm62Oo.debug.temp.o
 .comment       0x0000000000000000       0x2c /tmp/ccIteuTP.debug.temp.o
 .note.GNU-stack
                0x0000000000000000        0x0 /tmp/ccIteuTP.debug.temp.o
 .text          0x0000000000000000       0x30 /home/parallels/Desktop/edk2-exynos7885/workspace/Build/EXYNOS7885Pkg/DEBUG_GCC5/AARCH64/MdePkg/Library/BaseLib/BaseLib/OUTPUT/BaseLib.lib(SwitchStack.obj)
 .data          0x0000000000000000        0x0 /home/parallels/Desktop/edk2-exynos7885/workspace/Build/EXYNOS7885Pkg/DEBUG_GCC5/AARCH64/MdePkg/Library/BaseLib/BaseLib/OUTPUT/BaseLib.lib(SwitchStack.obj)
 .bss           0x0000000000000000        0x0 /home/parallels/Desktop/edk2-exynos7885/workspace/Build/EXYNOS7885Pkg/DEBUG_GCC5/AARCH64/MdePkg/Library/BaseLib/BaseLib/OUTPUT/BaseLib.lib(SwitchStack.obj)
 .text          0x0000000000000000        0x8 /home/parallels/Desktop/edk2-exynos7885/workspace/Build/EXYNOS7885Pkg/DEBUG_GCC5/AARCH64/MdePkg/Library/BaseLib/BaseLib/OUTPUT/BaseLib.lib(CpuBreakpoint.obj)
 .data          0x0000000000000000        0x0 /home/parallels/Desktop/edk2-exynos7885/workspace/Build/EXYNOS7885Pkg/DEBUG_GCC5/AARCH64/MdePkg/Library/BaseLib/BaseLib/OUTPUT/BaseLib.lib(CpuBreakpoint.obj)
 .bss           0x0000000000000000        0x0 /home/parallels/Desktop/edk2-exynos7885/workspace/Build/EXYNOS7885Pkg/DEBUG_GCC5/AARCH64/MdePkg/Library/BaseLib/BaseLib/OUTPUT/BaseLib.lib(CpuBreakpoint.obj)
 .text          0x0000000000000000        0x0 /home/parallels/Desktop/edk2-exynos7885/workspace/Build/EXYNOS7885Pkg/DEBUG_GCC5/AARCH64/ArmPkg/Library/ArmLib/ArmBaseLib/OUTPUT/ArmBaseLib.lib(ArmLibSupport.obj)
 .data          0x0000000000000000        0x0 /home/parallels/Desktop/edk2-exynos7885/workspace/Build/EXYNOS7885Pkg/DEBUG_GCC5/AARCH64/ArmPkg/Library/ArmLib/ArmBaseLib/OUTPUT/ArmBaseLib.lib(ArmLibSupport.obj)
 .bss           0x0000000000000000        0x0 /home/parallels/Desktop/edk2-exynos7885/workspace/Build/EXYNOS7885Pkg/DEBUG_GCC5/AARCH64/ArmPkg/Library/ArmLib/ArmBaseLib/OUTPUT/ArmBaseLib.lib(ArmLibSupport.obj)
 .text.ArmReadMidr
                0x0000000000000000        0x8 /home/parallels/Desktop/edk2-exynos7885/workspace/Build/EXYNOS7885Pkg/DEBUG_GCC5/AARCH64/ArmPkg/Library/ArmLib/ArmBaseLib/OUTPUT/ArmBaseLib.lib(ArmLibSupport.obj)
 .text.ArmWriteCpacr
                0x0000000000000000        0x8 /home/parallels/Desktop/edk2-exynos7885/workspace/Build/EXYNOS7885Pkg/DEBUG_GCC5/AARCH64/ArmPkg/Library/ArmLib/ArmBaseLib/OUTPUT/ArmBaseLib.lib(ArmLibSupport.obj)
 .text.ArmWriteAuxCr
                0x0000000000000000       0x28 /home/parallels/Desktop/edk2-exynos7885/workspace/Build/EXYNOS7885Pkg/DEBUG_GCC5/AARCH64/ArmPkg/Library/ArmLib/ArmBaseLib/OUTPUT/ArmBaseLib.lib(ArmLibSupport.obj)
 .text.ArmReadAuxCr
                0x0000000000000000       0x28 /home/parallels/Desktop/edk2-exynos7885/workspace/Build/EXYNOS7885Pkg/DEBUG_GCC5/AARCH64/ArmPkg/Library/ArmLib/ArmBaseLib/OUTPUT/ArmBaseLib.lib(ArmLibSupport.obj)
 .text.ArmSetTTBR0
                0x0000000000000000       0x34 /home/parallels/Desktop/edk2-exynos7885/workspace/Build/EXYNOS7885Pkg/DEBUG_GCC5/AARCH64/ArmPkg/Library/ArmLib/ArmBaseLib/OUTPUT/ArmBaseLib.lib(ArmLibSupport.obj)
 .text.ArmSetTCR
                0x0000000000000000       0x34 /home/parallels/Desktop/edk2-exynos7885/workspace/Build/EXYNOS7885Pkg/DEBUG_GCC5/AARCH64/ArmPkg/Library/ArmLib/ArmBaseLib/OUTPUT/ArmBaseLib.lib(ArmLibSupport.obj)
 .text.ArmGetMAIR
                0x0000000000000000       0x34 /home/parallels/Desktop/edk2-exynos7885/workspace/Build/EXYNOS7885Pkg/DEBUG_GCC5/AARCH64/ArmPkg/Library/ArmLib/ArmBaseLib/OUTPUT/ArmBaseLib.lib(ArmLibSupport.obj)
 .text.ArmSetMAIR
                0x0000000000000000       0x34 /home/parallels/Desktop/edk2-exynos7885/workspace/Build/EXYNOS7885Pkg/DEBUG_GCC5/AARCH64/ArmPkg/Library/ArmLib/ArmBaseLib/OUTPUT/ArmBaseLib.lib(ArmLibSupport.obj)
 .text.ArmInvalidateTlb
                0x0000000000000000       0x38 /home/parallels/Desktop/edk2-exynos7885/workspace/Build/EXYNOS7885Pkg/DEBUG_GCC5/AARCH64/ArmPkg/Library/ArmLib/ArmBaseLib/OUTPUT/ArmBaseLib.lib(ArmLibSupport.obj)
 .text.ArmWriteCptr
                0x0000000000000000        0x8 /home/parallels/Desktop/edk2-exynos7885/workspace/Build/EXYNOS7885Pkg/DEBUG_GCC5/AARCH64/ArmPkg/Library/ArmLib/ArmBaseLib/OUTPUT/ArmBaseLib.lib(ArmLibSupport.obj)
 .text.ArmWriteScr
                0x0000000000000000        0xc /home/parallels/Desktop/edk2-exynos7885/workspace/Build/EXYNOS7885Pkg/DEBUG_GCC5/AARCH64/ArmPkg/Library/ArmLib/ArmBaseLib/OUTPUT/ArmBaseLib.lib(ArmLibSupport.obj)
 .text.ArmWriteMVBar
                0x0000000000000000        0x8 /home/parallels/Desktop/edk2-exynos7885/workspace/Build/EXYNOS7885Pkg/DEBUG_GCC5/AARCH64/ArmPkg/Library/ArmLib/ArmBaseLib/OUTPUT/ArmBaseLib.lib(ArmLibSupport.obj)
 .text.ArmCallWFE
                0x0000000000000000        0x8 /home/parallels/Desktop/edk2-exynos7885/workspace/Build/EXYNOS7885Pkg/DEBUG_GCC5/AARCH64/ArmPkg/Library/ArmLib/ArmBaseLib/OUTPUT/ArmBaseLib.lib(ArmLibSupport.obj)
 .text.ArmCallSEV
                0x0000000000000000        0x8 /home/parallels/Desktop/edk2-exynos7885/workspace/Build/EXYNOS7885Pkg/DEBUG_GCC5/AARCH64/ArmPkg/Library/ArmLib/ArmBaseLib/OUTPUT/ArmBaseLib.lib(ArmLibSupport.obj)
 .text.ArmReadCpuActlr
                0x0000000000000000        0x8 /home/parallels/Desktop/edk2-exynos7885/workspace/Build/EXYNOS7885Pkg/DEBUG_GCC5/AARCH64/ArmPkg/Library/ArmLib/ArmBaseLib/OUTPUT/ArmBaseLib.lib(ArmLibSupport.obj)
 .text.ArmWriteCpuActlr
                0x0000000000000000       0x10 /home/parallels/Desktop/edk2-exynos7885/workspace/Build/EXYNOS7885Pkg/DEBUG_GCC5/AARCH64/ArmPkg/Library/ArmLib/ArmBaseLib/OUTPUT/ArmBaseLib.lib(ArmLibSupport.obj)
 .text.ArmReadSctlr
                0x0000000000000000       0x30 /home/parallels/Desktop/edk2-exynos7885/workspace/Build/EXYNOS7885Pkg/DEBUG_GCC5/AARCH64/ArmPkg/Library/ArmLib/ArmBaseLib/OUTPUT/ArmBaseLib.lib(ArmLibSupport.obj)
 .text.ArmWriteSctlr
                0x0000000000000000       0x30 /home/parallels/Desktop/edk2-exynos7885/workspace/Build/EXYNOS7885Pkg/DEBUG_GCC5/AARCH64/ArmPkg/Library/ArmLib/ArmBaseLib/OUTPUT/ArmBaseLib.lib(ArmLibSupport.obj)
 .text.ArmGetPhysicalAddressBits
                0x0000000000000000       0x24 /home/parallels/Desktop/edk2-exynos7885/workspace/Build/EXYNOS7885Pkg/DEBUG_GCC5/AARCH64/ArmPkg/Library/ArmLib/ArmBaseLib/OUTPUT/ArmBaseLib.lib(ArmLibSupport.obj)
 .text          0x0000000000000000        0x0 /home/parallels/Desktop/edk2-exynos7885/workspace/Build/EXYNOS7885Pkg/DEBUG_GCC5/AARCH64/ArmPkg/Library/ArmLib/ArmBaseLib/OUTPUT/ArmBaseLib.lib(ArmLibSupportV8.obj)
 .data          0x0000000000000000        0x0 /home/parallels/Desktop/edk2-exynos7885/workspace/Build/EXYNOS7885Pkg/DEBUG_GCC5/AARCH64/ArmPkg/Library/ArmLib/ArmBaseLib/OUTPUT/ArmBaseLib.lib(ArmLibSupportV8.obj)
 .bss           0x0000000000000000        0x0 /home/parallels/Desktop/edk2-exynos7885/workspace/Build/EXYNOS7885Pkg/DEBUG_GCC5/AARCH64/ArmPkg/Library/ArmLib/ArmBaseLib/OUTPUT/ArmBaseLib.lib(ArmLibSupportV8.obj)
 .text.ArmIsMpCore
                0x0000000000000000       0x14 /home/parallels/Desktop/edk2-exynos7885/workspace/Build/EXYNOS7885Pkg/DEBUG_GCC5/AARCH64/ArmPkg/Library/ArmLib/ArmBaseLib/OUTPUT/ArmBaseLib.lib(ArmLibSupportV8.obj)
 .text.ArmDisableAsynchronousAbort
                0x0000000000000000        0xc /home/parallels/Desktop/edk2-exynos7885/workspace/Build/EXYNOS7885Pkg/DEBUG_GCC5/AARCH64/ArmPkg/Library/ArmLib/ArmBaseLib/OUTPUT/ArmBaseLib.lib(ArmLibSupportV8.obj)
 .text.ArmEnableIrq
                0x0000000000000000        0xc /home/parallels/Desktop/edk2-exynos7885/workspace/Build/EXYNOS7885Pkg/DEBUG_GCC5/AARCH64/ArmPkg/Library/ArmLib/ArmBaseLib/OUTPUT/ArmBaseLib.lib(ArmLibSupportV8.obj)
 .text.ArmDisableIrq
                0x0000000000000000        0xc /home/parallels/Desktop/edk2-exynos7885/workspace/Build/EXYNOS7885Pkg/DEBUG_GCC5/AARCH64/ArmPkg/Library/ArmLib/ArmBaseLib/OUTPUT/ArmBaseLib.lib(ArmLibSupportV8.obj)
 .text.ArmDisableAllExceptions
                0x0000000000000000        0xc /home/parallels/Desktop/edk2-exynos7885/workspace/Build/EXYNOS7885Pkg/DEBUG_GCC5/AARCH64/ArmPkg/Library/ArmLib/ArmBaseLib/OUTPUT/ArmBaseLib.lib(ArmLibSupportV8.obj)
 .text.ReadCCSIDR
                0x0000000000000000       0x10 /home/parallels/Desktop/edk2-exynos7885/workspace/Build/EXYNOS7885Pkg/DEBUG_GCC5/AARCH64/ArmPkg/Library/ArmLib/ArmBaseLib/OUTPUT/ArmBaseLib.lib(ArmLibSupportV8.obj)
 .text.ReadCLIDR
                0x0000000000000000        0x8 /home/parallels/Desktop/edk2-exynos7885/workspace/Build/EXYNOS7885Pkg/DEBUG_GCC5/AARCH64/ArmPkg/Library/ArmLib/ArmBaseLib/OUTPUT/ArmBaseLib.lib(ArmLibSupportV8.obj)
 .text          0x0000000000000000        0x0 /home/parallels/Desktop/edk2-exynos7885/workspace/Build/EXYNOS7885Pkg/DEBUG_GCC5/AARCH64/ArmPkg/Library/ArmLib/ArmBaseLib/OUTPUT/ArmBaseLib.lib(AArch64Support.obj)
 .data          0x0000000000000000        0x0 /home/parallels/Desktop/edk2-exynos7885/workspace/Build/EXYNOS7885Pkg/DEBUG_GCC5/AARCH64/ArmPkg/Library/ArmLib/ArmBaseLib/OUTPUT/ArmBaseLib.lib(AArch64Support.obj)
 .bss           0x0000000000000000        0x0 /home/parallels/Desktop/edk2-exynos7885/workspace/Build/EXYNOS7885Pkg/DEBUG_GCC5/AARCH64/ArmPkg/Library/ArmLib/ArmBaseLib/OUTPUT/ArmBaseLib.lib(AArch64Support.obj)
 .text.ArmCleanDataCacheEntryToPoUByMVA
                0x0000000000000000        0x8 /home/parallels/Desktop/edk2-exynos7885/workspace/Build/EXYNOS7885Pkg/DEBUG_GCC5/AARCH64/ArmPkg/Library/ArmLib/ArmBaseLib/OUTPUT/ArmBaseLib.lib(AArch64Support.obj)
 .text.ArmInvalidateInstructionCacheEntryToPoUByMVA
                0x0000000000000000        0x8 /home/parallels/Desktop/edk2-exynos7885/workspace/Build/EXYNOS7885Pkg/DEBUG_GCC5/AARCH64/ArmPkg/Library/ArmLib/ArmBaseLib/OUTPUT/ArmBaseLib.lib(AArch64Support.obj)
 .text.ArmInvalidateDataCacheEntryBySetWay
                0x0000000000000000        0x8 /home/parallels/Desktop/edk2-exynos7885/workspace/Build/EXYNOS7885Pkg/DEBUG_GCC5/AARCH64/ArmPkg/Library/ArmLib/ArmBaseLib/OUTPUT/ArmBaseLib.lib(AArch64Support.obj)
 .text.ArmCleanInvalidateDataCacheEntryBySetWay
                0x0000000000000000        0x8 /home/parallels/Desktop/edk2-exynos7885/workspace/Build/EXYNOS7885Pkg/DEBUG_GCC5/AARCH64/ArmPkg/Library/ArmLib/ArmBaseLib/OUTPUT/ArmBaseLib.lib(AArch64Support.obj)
 .text.ArmCleanDataCacheEntryBySetWay
                0x0000000000000000        0x8 /home/parallels/Desktop/edk2-exynos7885/workspace/Build/EXYNOS7885Pkg/DEBUG_GCC5/AARCH64/ArmPkg/Library/ArmLib/ArmBaseLib/OUTPUT/ArmBaseLib.lib(AArch64Support.obj)
 .text.ArmInvalidateInstructionCache
                0x0000000000000000       0x10 /home/parallels/Desktop/edk2-exynos7885/workspace/Build/EXYNOS7885Pkg/DEBUG_GCC5/AARCH64/ArmPkg/Library/ArmLib/ArmBaseLib/OUTPUT/ArmBaseLib.lib(AArch64Support.obj)
 .text.ArmEnableMmu
                0x0000000000000000       0x88 /home/parallels/Desktop/edk2-exynos7885/workspace/Build/EXYNOS7885Pkg/DEBUG_GCC5/AARCH64/ArmPkg/Library/ArmLib/ArmBaseLib/OUTPUT/ArmBaseLib.lib(AArch64Support.obj)
 .text.ArmDisableMmu
                0x0000000000000000       0x74 /home/parallels/Desktop/edk2-exynos7885/workspace/Build/EXYNOS7885Pkg/DEBUG_GCC5/AARCH64/ArmPkg/Library/ArmLib/ArmBaseLib/OUTPUT/ArmBaseLib.lib(AArch64Support.obj)
 .text.ArmDisableCachesAndMmu
                0x0000000000000000       0x6c /home/parallels/Desktop/edk2-exynos7885/workspace/Build/EXYNOS7885Pkg/DEBUG_GCC5/AARCH64/ArmPkg/Library/ArmLib/ArmBaseLib/OUTPUT/ArmBaseLib.lib(AArch64Support.obj)
 .text.ArmEnableDataCache
                0x0000000000000000       0x68 /home/parallels/Desktop/edk2-exynos7885/workspace/Build/EXYNOS7885Pkg/DEBUG_GCC5/AARCH64/ArmPkg/Library/ArmLib/ArmBaseLib/OUTPUT/ArmBaseLib.lib(AArch64Support.obj)
 .text.ArmDisableDataCache
                0x0000000000000000       0x68 /home/parallels/Desktop/edk2-exynos7885/workspace/Build/EXYNOS7885Pkg/DEBUG_GCC5/AARCH64/ArmPkg/Library/ArmLib/ArmBaseLib/OUTPUT/ArmBaseLib.lib(AArch64Support.obj)
 .text.ArmEnableInstructionCache
                0x0000000000000000       0x68 /home/parallels/Desktop/edk2-exynos7885/workspace/Build/EXYNOS7885Pkg/DEBUG_GCC5/AARCH64/ArmPkg/Library/ArmLib/ArmBaseLib/OUTPUT/ArmBaseLib.lib(AArch64Support.obj)
 .text.ArmDisableInstructionCache
                0x0000000000000000       0x68 /home/parallels/Desktop/edk2-exynos7885/workspace/Build/EXYNOS7885Pkg/DEBUG_GCC5/AARCH64/ArmPkg/Library/ArmLib/ArmBaseLib/OUTPUT/ArmBaseLib.lib(AArch64Support.obj)
 .text.ArmEnableAlignmentCheck
                0x0000000000000000       0x58 /home/parallels/Desktop/edk2-exynos7885/workspace/Build/EXYNOS7885Pkg/DEBUG_GCC5/AARCH64/ArmPkg/Library/ArmLib/ArmBaseLib/OUTPUT/ArmBaseLib.lib(AArch64Support.obj)
 .text.ArmDisableAlignmentCheck
                0x0000000000000000       0x68 /home/parallels/Desktop/edk2-exynos7885/workspace/Build/EXYNOS7885Pkg/DEBUG_GCC5/AARCH64/ArmPkg/Library/ArmLib/ArmBaseLib/OUTPUT/ArmBaseLib.lib(AArch64Support.obj)
 .text.ArmEnableStackAlignmentCheck
                0x0000000000000000       0x58 /home/parallels/Desktop/edk2-exynos7885/workspace/Build/EXYNOS7885Pkg/DEBUG_GCC5/AARCH64/ArmPkg/Library/ArmLib/ArmBaseLib/OUTPUT/ArmBaseLib.lib(AArch64Support.obj)
 .text.ArmDisableStackAlignmentCheck
                0x0000000000000000       0x68 /home/parallels/Desktop/edk2-exynos7885/workspace/Build/EXYNOS7885Pkg/DEBUG_GCC5/AARCH64/ArmPkg/Library/ArmLib/ArmBaseLib/OUTPUT/ArmBaseLib.lib(AArch64Support.obj)
 .text.ArmEnableBranchPrediction
                0x0000000000000000        0x4 /home/parallels/Desktop/edk2-exynos7885/workspace/Build/EXYNOS7885Pkg/DEBUG_GCC5/AARCH64/ArmPkg/Library/ArmLib/ArmBaseLib/OUTPUT/ArmBaseLib.lib(AArch64Support.obj)
 .text.ArmDisableBranchPrediction
                0x0000000000000000        0x4 /home/parallels/Desktop/edk2-exynos7885/workspace/Build/EXYNOS7885Pkg/DEBUG_GCC5/AARCH64/ArmPkg/Library/ArmLib/ArmBaseLib/OUTPUT/ArmBaseLib.lib(AArch64Support.obj)
 .text.AArch64AllDataCachesOperation
                0x0000000000000000       0xa8 /home/parallels/Desktop/edk2-exynos7885/workspace/Build/EXYNOS7885Pkg/DEBUG_GCC5/AARCH64/ArmPkg/Library/ArmLib/ArmBaseLib/OUTPUT/ArmBaseLib.lib(AArch64Support.obj)
 .text.ArmDataMemoryBarrier
                0x0000000000000000        0x8 /home/parallels/Desktop/edk2-exynos7885/workspace/Build/EXYNOS7885Pkg/DEBUG_GCC5/AARCH64/ArmPkg/Library/ArmLib/ArmBaseLib/OUTPUT/ArmBaseLib.lib(AArch64Support.obj)
 .text.ArmInstructionSynchronizationBarrier
                0x0000000000000000        0x8 /home/parallels/Desktop/edk2-exynos7885/workspace/Build/EXYNOS7885Pkg/DEBUG_GCC5/AARCH64/ArmPkg/Library/ArmLib/ArmBaseLib/OUTPUT/ArmBaseLib.lib(AArch64Support.obj)
 .text.ArmWriteVBar
                0x0000000000000000       0x34 /home/parallels/Desktop/edk2-exynos7885/workspace/Build/EXYNOS7885Pkg/DEBUG_GCC5/AARCH64/ArmPkg/Library/ArmLib/ArmBaseLib/OUTPUT/ArmBaseLib.lib(AArch64Support.obj)
 .text.ArmReadVBar
                0x0000000000000000       0x30 /home/parallels/Desktop/edk2-exynos7885/workspace/Build/EXYNOS7885Pkg/DEBUG_GCC5/AARCH64/ArmPkg/Library/ArmLib/ArmBaseLib/OUTPUT/ArmBaseLib.lib(AArch64Support.obj)
 .text.ArmEnableVFP
                0x0000000000000000       0x64 /home/parallels/Desktop/edk2-exynos7885/workspace/Build/EXYNOS7885Pkg/DEBUG_GCC5/AARCH64/ArmPkg/Library/ArmLib/ArmBaseLib/OUTPUT/ArmBaseLib.lib(AArch64Support.obj)
 .text.ArmCallWFI
                0x0000000000000000        0x8 /home/parallels/Desktop/edk2-exynos7885/workspace/Build/EXYNOS7885Pkg/DEBUG_GCC5/AARCH64/ArmPkg/Library/ArmLib/ArmBaseLib/OUTPUT/ArmBaseLib.lib(AArch64Support.obj)
 .text.ArmReadIdAA64Mmfr2
                0x0000000000000000        0x8 /home/parallels/Desktop/edk2-exynos7885/workspace/Build/EXYNOS7885Pkg/DEBUG_GCC5/AARCH64/ArmPkg/Library/ArmLib/ArmBaseLib/OUTPUT/ArmBaseLib.lib(AArch64Support.obj)
 .text.ArmReadMpidr
                0x0000000000000000        0x8 /home/parallels/Desktop/edk2-exynos7885/workspace/Build/EXYNOS7885Pkg/DEBUG_GCC5/AARCH64/ArmPkg/Library/ArmLib/ArmBaseLib/OUTPUT/ArmBaseLib.lib(AArch64Support.obj)
 .text.ArmReadTpidrurw
                0x0000000000000000        0x8 /home/parallels/Desktop/edk2-exynos7885/workspace/Build/EXYNOS7885Pkg/DEBUG_GCC5/AARCH64/ArmPkg/Library/ArmLib/ArmBaseLib/OUTPUT/ArmBaseLib.lib(AArch64Support.obj)
 .text.ArmWriteTpidrurw
                0x0000000000000000        0x8 /home/parallels/Desktop/edk2-exynos7885/workspace/Build/EXYNOS7885Pkg/DEBUG_GCC5/AARCH64/ArmPkg/Library/ArmLib/ArmBaseLib/OUTPUT/ArmBaseLib.lib(AArch64Support.obj)
 .text.ArmIsArchTimerImplemented
                0x0000000000000000        0x8 /home/parallels/Desktop/edk2-exynos7885/workspace/Build/EXYNOS7885Pkg/DEBUG_GCC5/AARCH64/ArmPkg/Library/ArmLib/ArmBaseLib/OUTPUT/ArmBaseLib.lib(AArch64Support.obj)
 .text.ArmReadIdAA64Pfr0
                0x0000000000000000        0x8 /home/parallels/Desktop/edk2-exynos7885/workspace/Build/EXYNOS7885Pkg/DEBUG_GCC5/AARCH64/ArmPkg/Library/ArmLib/ArmBaseLib/OUTPUT/ArmBaseLib.lib(AArch64Support.obj)
 .text.ArmWriteHcr
                0x0000000000000000        0x8 /home/parallels/Desktop/edk2-exynos7885/workspace/Build/EXYNOS7885Pkg/DEBUG_GCC5/AARCH64/ArmPkg/Library/ArmLib/ArmBaseLib/OUTPUT/ArmBaseLib.lib(AArch64Support.obj)
 .text.ArmReadHcr
                0x0000000000000000        0x8 /home/parallels/Desktop/edk2-exynos7885/workspace/Build/EXYNOS7885Pkg/DEBUG_GCC5/AARCH64/ArmPkg/Library/ArmLib/ArmBaseLib/OUTPUT/ArmBaseLib.lib(AArch64Support.obj)
 .text.ArmReadCntHctl
                0x0000000000000000        0x8 /home/parallels/Desktop/edk2-exynos7885/workspace/Build/EXYNOS7885Pkg/DEBUG_GCC5/AARCH64/ArmPkg/Library/ArmLib/ArmBaseLib/OUTPUT/ArmBaseLib.lib(AArch64Support.obj)
 .text.ArmWriteCntHctl
                0x0000000000000000        0x8 /home/parallels/Desktop/edk2-exynos7885/workspace/Build/EXYNOS7885Pkg/DEBUG_GCC5/AARCH64/ArmPkg/Library/ArmLib/ArmBaseLib/OUTPUT/ArmBaseLib.lib(AArch64Support.obj)
 .text          0x0000000000000000        0x0 /home/parallels/Desktop/edk2-exynos7885/workspace/Build/EXYNOS7885Pkg/DEBUG_GCC5/AARCH64/ArmPkg/Library/ArmMmuLib/ArmMmuBaseLib/OUTPUT/ArmMmuBaseLib.lib(ArmMmuLibReplaceEntry.obj)
 .data          0x0000000000000000        0x0 /home/parallels/Desktop/edk2-exynos7885/workspace/Build/EXYNOS7885Pkg/DEBUG_GCC5/AARCH64/ArmPkg/Library/ArmMmuLib/ArmMmuBaseLib/OUTPUT/ArmMmuBaseLib.lib(ArmMmuLibReplaceEntry.obj)
 .bss           0x0000000000000000        0x0 /home/parallels/Desktop/edk2-exynos7885/workspace/Build/EXYNOS7885Pkg/DEBUG_GCC5/AARCH64/ArmPkg/Library/ArmMmuLib/ArmMmuBaseLib/OUTPUT/ArmMmuBaseLib.lib(ArmMmuLibReplaceEntry.obj)
 .data          0x0000000000000000        0x0 /home/parallels/Desktop/edk2-exynos7885/workspace/Build/EXYNOS7885Pkg/DEBUG_GCC5/AARCH64/MdePkg/Library/BaseCpuLib/BaseCpuLib/OUTPUT/BaseCpuLib.lib(CpuSleep.obj)
 .bss           0x0000000000000000        0x0 /home/parallels/Desktop/edk2-exynos7885/workspace/Build/EXYNOS7885Pkg/DEBUG_GCC5/AARCH64/MdePkg/Library/BaseCpuLib/BaseCpuLib/OUTPUT/BaseCpuLib.lib(CpuSleep.obj)
 .data          0x0000000000000000        0x0 /home/parallels/Desktop/edk2-exynos7885/workspace/Build/EXYNOS7885Pkg/DEBUG_GCC5/AARCH64/MdePkg/Library/BaseMemoryLibOptDxe/BaseMemoryLibOptDxe/OUTPUT/BaseMemoryLibOptDxe.lib(SetMem.obj)
 .bss           0x0000000000000000        0x0 /home/parallels/Desktop/edk2-exynos7885/workspace/Build/EXYNOS7885Pkg/DEBUG_GCC5/AARCH64/MdePkg/Library/BaseMemoryLibOptDxe/BaseMemoryLibOptDxe/OUTPUT/BaseMemoryLibOptDxe.lib(SetMem.obj)
 .text          0x0000000000000000      0x218 /home/parallels/Desktop/edk2-exynos7885/workspace/Build/EXYNOS7885Pkg/DEBUG_GCC5/AARCH64/MdePkg/Library/BaseMemoryLibOptDxe/BaseMemoryLibOptDxe/OUTPUT/BaseMemoryLibOptDxe.lib(CopyMem.obj)
 .data          0x0000000000000000        0x0 /home/parallels/Desktop/edk2-exynos7885/workspace/Build/EXYNOS7885Pkg/DEBUG_GCC5/AARCH64/MdePkg/Library/BaseMemoryLibOptDxe/BaseMemoryLibOptDxe/OUTPUT/BaseMemoryLibOptDxe.lib(CopyMem.obj)
 .bss           0x0000000000000000        0x0 /home/parallels/Desktop/edk2-exynos7885/workspace/Build/EXYNOS7885Pkg/DEBUG_GCC5/AARCH64/MdePkg/Library/BaseMemoryLibOptDxe/BaseMemoryLibOptDxe/OUTPUT/BaseMemoryLibOptDxe.lib(CopyMem.obj)
 .data          0x0000000000000000        0x0 /home/parallels/Desktop/edk2-exynos7885/workspace/Build/EXYNOS7885Pkg/DEBUG_GCC5/AARCH64/MdePkg/Library/BaseMemoryLibOptDxe/BaseMemoryLibOptDxe/OUTPUT/BaseMemoryLibOptDxe.lib(CompareGuid.obj)
 .bss           0x0000000000000000        0x0 /home/parallels/Desktop/edk2-exynos7885/workspace/Build/EXYNOS7885Pkg/DEBUG_GCC5/AARCH64/MdePkg/Library/BaseMemoryLibOptDxe/BaseMemoryLibOptDxe/OUTPUT/BaseMemoryLibOptDxe.lib(CompareGuid.obj)

Memory Configuration

Name             Origin             Length             Attributes
*default*        0x0000000000000000 0xffffffffffffffff

Linker script and memory map

LOAD /home/parallels/Desktop/edk2/ArmPkg/Library/GccLto/liblto-aarch64.a
START GROUP
LOAD /tmp/ccaMhYCH.ltrans0.ltrans.o
LOAD /tmp/ccj7j0dA.debug.temp.o
LOAD /tmp/cctvlxvQ.debug.temp.o
LOAD /tmp/ccYnWLXo.debug.temp.o
LOAD /tmp/ccFM0Vei.debug.temp.o
LOAD /tmp/ccVMYoT6.debug.temp.o
LOAD /tmp/cciGfwpz.debug.temp.o
LOAD /tmp/ccKZ44U9.debug.temp.o
LOAD /tmp/cc6J7Fxw.debug.temp.o
LOAD /tmp/ccN9cZMV.debug.temp.o
LOAD /tmp/ccKkek65.debug.temp.o
LOAD /tmp/cclokcmL.debug.temp.o
LOAD /tmp/ccezVg3D.debug.temp.o
LOAD /tmp/ccTSMh5G.debug.temp.o
LOAD /tmp/ccuWINCU.debug.temp.o
LOAD /tmp/ccviqdVC.debug.temp.o
LOAD /tmp/ccSOCOSu.debug.temp.o
LOAD /tmp/ccdNm5zt.debug.temp.o
LOAD /tmp/cc9BQOPM.debug.temp.o
LOAD /tmp/ccX12f4m.debug.temp.o
LOAD /tmp/ccwbUNVP.debug.temp.o
LOAD /tmp/cczBuduF.debug.temp.o
LOAD /tmp/cc58Ox33.debug.temp.o
LOAD /tmp/ccsdB873.debug.temp.o
LOAD /tmp/cc1VAt2w.debug.temp.o
LOAD /tmp/ccQ9HK9Q.debug.temp.o
LOAD /tmp/ccmoTCWE.debug.temp.o
LOAD /tmp/ccXsul7X.debug.temp.o
LOAD /tmp/ccCU17bK.debug.temp.o
LOAD /tmp/ccSZEohX.debug.temp.o
LOAD /tmp/ccoLLNBB.debug.temp.o
LOAD /tmp/ccYXPflP.debug.temp.o
LOAD /tmp/ccPZq9fM.debug.temp.o
LOAD /tmp/ccupImIC.debug.temp.o
LOAD /tmp/ccnz2wQn.debug.temp.o
LOAD /tmp/ccqilhZE.debug.temp.o
LOAD /tmp/ccfC20h3.debug.temp.o
LOAD /tmp/cco35QHO.debug.temp.o
LOAD /tmp/ccB4dOmD.debug.temp.o
LOAD /tmp/ccWmKOEF.debug.temp.o
LOAD /tmp/ccnoFFGK.debug.temp.o
LOAD /tmp/cclyU82I.debug.temp.o
LOAD /tmp/ccY8NM7b.debug.temp.o
LOAD /tmp/cc3Ofp7w.debug.temp.o
LOAD /tmp/cczOxROf.debug.temp.o
LOAD /tmp/ccE67tWY.debug.temp.o
LOAD /tmp/ccMm62Oo.debug.temp.o
LOAD /tmp/ccIteuTP.debug.temp.o
LOAD /home/parallels/Desktop/edk2-exynos7885/workspace/Build/EXYNOS7885Pkg/DEBUG_GCC5/AARCH64/ArmPkg/Drivers/CpuDxe/CpuDxe/OUTPUT/ArmCpuDxe.lib
LOAD /home/parallels/Desktop/edk2-exynos7885/workspace/Build/EXYNOS7885Pkg/DEBUG_GCC5/AARCH64/MdePkg/Library/DxePcdLib/DxePcdLib/OUTPUT/DxePcdLib.lib
LOAD /home/parallels/Desktop/edk2-exynos7885/workspace/Build/EXYNOS7885Pkg/DEBUG_GCC5/AARCH64/MdePkg/Library/BaseLib/BaseLib/OUTPUT/BaseLib.lib
LOAD /home/parallels/Desktop/edk2-exynos7885/workspace/Build/EXYNOS7885Pkg/DEBUG_GCC5/AARCH64/MdePkg/Library/BaseMemoryLibOptDxe/BaseMemoryLibOptDxe/OUTPUT/BaseMemoryLibOptDxe.lib
LOAD /home/parallels/Desktop/edk2-exynos7885/workspace/Build/EXYNOS7885Pkg/DEBUG_GCC5/AARCH64/MdePkg/Library/RegisterFilterLibNull/RegisterFilterLibNull/OUTPUT/FilterLibNull.lib
LOAD /home/parallels/Desktop/edk2-exynos7885/workspace/Build/EXYNOS7885Pkg/DEBUG_GCC5/AARCH64/ArmPkg/Library/ArmLib/ArmBaseLib/OUTPUT/ArmBaseLib.lib
LOAD /home/parallels/Desktop/edk2-exynos7885/workspace/Build/EXYNOS7885Pkg/DEBUG_GCC5/AARCH64/MdePkg/Library/BaseIoLibIntrinsic/BaseIoLibIntrinsic/OUTPUT/BaseIoLibIntrinsic.lib
LOAD /home/parallels/Desktop/edk2-exynos7885/workspace/Build/EXYNOS7885Pkg/DEBUG_GCC5/AARCH64/ArmPkg/Library/CompilerIntrinsicsLib/CompilerIntrinsicsLib/OUTPUT/CompilerIntrinsicsLib.lib
LOAD /home/parallels/Desktop/edk2-exynos7885/workspace/Build/EXYNOS7885Pkg/DEBUG_GCC5/AARCH64/ArmPkg/Library/ArmCacheMaintenanceLib/ArmCacheMaintenanceLib/OUTPUT/ArmCacheMaintenanceLib.lib
LOAD /home/parallels/Desktop/edk2-exynos7885/workspace/Build/EXYNOS7885Pkg/DEBUG_GCC5/AARCH64/MdePkg/Library/BaseDebugPrintErrorLevelLib/BaseDebugPrintErrorLevelLib/OUTPUT/BaseDebugPrintErrorLevelLib.lib
LOAD /home/parallels/Desktop/edk2-exynos7885/workspace/Build/EXYNOS7885Pkg/DEBUG_GCC5/AARCH64/EXYNOS7885Pkg/Library/FrameBufferSerialPortLib/FrameBufferSerialPortLib/OUTPUT/FrameBufferSerialPortLib.lib
LOAD /home/parallels/Desktop/edk2-exynos7885/workspace/Build/EXYNOS7885Pkg/DEBUG_GCC5/AARCH64/MdePkg/Library/BasePrintLib/BasePrintLib/OUTPUT/BasePrintLib.lib
LOAD /home/parallels/Desktop/edk2-exynos7885/workspace/Build/EXYNOS7885Pkg/DEBUG_GCC5/AARCH64/MdePkg/Library/BaseDebugLibSerialPort/BaseDebugLibSerialPort/OUTPUT/BaseDebugLibSerialPort.lib
LOAD /home/parallels/Desktop/edk2-exynos7885/workspace/Build/EXYNOS7885Pkg/DEBUG_GCC5/AARCH64/MdePkg/Library/UefiBootServicesTableLib/UefiBootServicesTableLib/OUTPUT/UefiBootServicesTableLib.lib
LOAD /home/parallels/Desktop/edk2-exynos7885/workspace/Build/EXYNOS7885Pkg/DEBUG_GCC5/AARCH64/MdePkg/Library/UefiMemoryAllocationLib/UefiMemoryAllocationLib/OUTPUT/UefiMemoryAllocationLib.lib
LOAD /home/parallels/Desktop/edk2-exynos7885/workspace/Build/EXYNOS7885Pkg/DEBUG_GCC5/AARCH64/MdePkg/Library/UefiRuntimeServicesTableLib/UefiRuntimeServicesTableLib/OUTPUT/UefiRuntimeServicesTableLib.lib
LOAD /home/parallels/Desktop/edk2-exynos7885/workspace/Build/EXYNOS7885Pkg/DEBUG_GCC5/AARCH64/MdePkg/Library/UefiDevicePathLib/UefiDevicePathLib/OUTPUT/UefiDevicePathLib.lib
LOAD /home/parallels/Desktop/edk2-exynos7885/workspace/Build/EXYNOS7885Pkg/DEBUG_GCC5/AARCH64/MdePkg/Library/UefiLib/UefiLib/OUTPUT/UefiLib.lib
LOAD /home/parallels/Desktop/edk2-exynos7885/workspace/Build/EXYNOS7885Pkg/DEBUG_GCC5/AARCH64/MdePkg/Library/DxeHobLib/DxeHobLib/OUTPUT/DxeHobLib.lib
LOAD /home/parallels/Desktop/edk2-exynos7885/workspace/Build/EXYNOS7885Pkg/DEBUG_GCC5/AARCH64/MdePkg/Library/BasePeCoffGetEntryPointLib/BasePeCoffGetEntryPointLib/OUTPUT/BasePeCoffGetEntryPointLib.lib
LOAD /home/parallels/Desktop/edk2-exynos7885/workspace/Build/EXYNOS7885Pkg/DEBUG_GCC5/AARCH64/ArmPkg/Library/ArmDisassemblerLib/ArmDisassemblerLib/OUTPUT/ArmDisassemblerLib.lib
LOAD /home/parallels/Desktop/edk2-exynos7885/workspace/Build/EXYNOS7885Pkg/DEBUG_GCC5/AARCH64/ArmPkg/Library/ArmMmuLib/ArmMmuBaseLib/OUTPUT/ArmMmuBaseLib.lib
LOAD /home/parallels/Desktop/edk2-exynos7885/workspace/Build/EXYNOS7885Pkg/DEBUG_GCC5/AARCH64/MdePkg/Library/BaseCpuLib/BaseCpuLib/OUTPUT/BaseCpuLib.lib
LOAD /home/parallels/Desktop/edk2-exynos7885/workspace/Build/EXYNOS7885Pkg/DEBUG_GCC5/AARCH64/MdeModulePkg/Library/CpuExceptionHandlerLibNull/CpuExceptionHandlerLibNull/OUTPUT/CpuExceptionHandlerLibNull.lib
LOAD /home/parallels/Desktop/edk2-exynos7885/workspace/Build/EXYNOS7885Pkg/DEBUG_GCC5/AARCH64/ArmPkg/Library/DefaultExceptionHandlerLib/DefaultExceptionHandlerLib/OUTPUT/DefaultExceptionHandlerLib.lib
LOAD /home/parallels/Desktop/edk2-exynos7885/workspace/Build/EXYNOS7885Pkg/DEBUG_GCC5/AARCH64/MdePkg/Library/DxeServicesTableLib/DxeServicesTableLib/OUTPUT/DxeServicesTableLib.lib
LOAD /home/parallels/Desktop/edk2-exynos7885/workspace/Build/EXYNOS7885Pkg/DEBUG_GCC5/AARCH64/MdePkg/Library/UefiDriverEntryPoint/UefiDriverEntryPoint/OUTPUT/UefiDriverEntryPoint.lib
LOAD /home/parallels/Desktop/edk2-exynos7885/workspace/Build/EXYNOS7885Pkg/DEBUG_GCC5/AARCH64/MdePkg/Library/BaseStackCheckLib/BaseStackCheckLib/OUTPUT/BaseStackCheckLib.lib
END GROUP
                0x0000000000000228                . = PECOFF_HEADER_SIZE

.gnu.version_d  0x0000000000000228        0x0
 .gnu.version_d
                0x0000000000000228        0x0 /home/parallels/Desktop/edk2/ArmPkg/Library/GccLto/liblto-aarch64.a

.gnu.version    0x0000000000000228        0x0
 .gnu.version   0x0000000000000228        0x0 /home/parallels/Desktop/edk2/ArmPkg/Library/GccLto/liblto-aarch64.a

.gnu.version_r  0x0000000000000228        0x0
 .gnu.version_r
                0x0000000000000228        0x0 /home/parallels/Desktop/edk2/ArmPkg/Library/GccLto/liblto-aarch64.a

.text           0x0000000000001000     0x3fb0
 *(.text .text.* .stub .gnu.linkonce.t.*)
 .text.DebugPrintLevelEnabled
                0x0000000000001000        0x8 /tmp/ccaMhYCH.ltrans0.ltrans.o
 .text.CpuInit  0x0000000000001008        0x8 /tmp/ccaMhYCH.ltrans0.ltrans.o
 .text.CpuGetTimerValue
                0x0000000000001010        0x8 /tmp/ccaMhYCH.ltrans0.ltrans.o
 .text.GetMemoryRegionRec
                0x0000000000001018      0x114 /tmp/ccaMhYCH.ltrans0.ltrans.o
 .text.DebugAssertEnabled
                0x000000000000112c        0x8 /tmp/ccaMhYCH.ltrans0.ltrans.o
 .text.DebugPrintEnabled
                0x0000000000001134        0x8 /tmp/ccaMhYCH.ltrans0.ltrans.o
 .text.DebugCodeEnabled
                0x000000000000113c        0x8 /tmp/ccaMhYCH.ltrans0.ltrans.o
 .text.AsciiStrnLenS
                0x0000000000001144       0x3c /tmp/ccaMhYCH.ltrans0.ltrans.o
 .text.BasePrintLibFillBuffer
                0x0000000000001180       0x34 /tmp/ccaMhYCH.ltrans0.ltrans.o
 .text.RegisterCpuInterruptHandler.constprop.0
                0x00000000000011b4        0x8 /tmp/ccaMhYCH.ltrans0.ltrans.o
 .text.CpuRegisterInterruptHandler
                0x00000000000011bc        0x4 /tmp/ccaMhYCH.ltrans0.ltrans.o
 .text.IdleLoopEventCallback
                0x00000000000011c0        0x4 /tmp/ccaMhYCH.ltrans0.ltrans.o
 .text.CpuEnableInterrupt
                0x00000000000011c4       0x18 /tmp/ccaMhYCH.ltrans0.ltrans.o
 .text.CpuDisableInterrupt
                0x00000000000011dc       0x18 /tmp/ccaMhYCH.ltrans0.ltrans.o
 .text.CpuGetInterruptState
                0x00000000000011f4       0x38 /tmp/ccaMhYCH.ltrans0.ltrans.o
 .text.BaseDebugLibSerialPortConstructor
                0x000000000000122c       0x84 /tmp/ccaMhYCH.ltrans0.ltrans.o
 .text.ArmDataCacheLineLength
                0x00000000000012b0       0x24 /tmp/ccaMhYCH.ltrans0.ltrans.o
 .text.ArmCacheWritebackGranule
                0x00000000000012d4       0x30 /tmp/ccaMhYCH.ltrans0.ltrans.o
 .text.CacheRangeOperation
                0x0000000000001304       0x4c /tmp/ccaMhYCH.ltrans0.ltrans.o
 .text.InvalidateDataCacheRange.isra.0
                0x0000000000001350       0x38 /tmp/ccaMhYCH.ltrans0.ltrans.o
 .text.WriteBackDataCacheRange.isra.0
                0x0000000000001388       0x38 /tmp/ccaMhYCH.ltrans0.ltrans.o
 .text.WriteBackInvalidateDataCacheRange.isra.0
                0x00000000000013c0       0x38 /tmp/ccaMhYCH.ltrans0.ltrans.o
 .text.CpuFlushCpuDataCache
                0x00000000000013f8       0x50 /tmp/ccaMhYCH.ltrans0.ltrans.o
 .text.FbConFlush
                0x0000000000001448       0x10 /tmp/ccaMhYCH.ltrans0.ltrans.o
 .text.SerialPortWrite.isra.0
                0x0000000000001458      0x3f0 /tmp/ccaMhYCH.ltrans0.ltrans.o
 .text.BasePrintLibSPrintMarker.constprop.0
                0x0000000000001848      0xbe0 /tmp/ccaMhYCH.ltrans0.ltrans.o
 .text.AsciiSPrint.constprop.0
                0x0000000000002428       0xa8 /tmp/ccaMhYCH.ltrans0.ltrans.o
 .text.DebugAssert
                0x00000000000024d0       0x78 /tmp/ccaMhYCH.ltrans0.ltrans.o
 .text.AsciiStrLen
                0x0000000000002548       0x74 /tmp/ccaMhYCH.ltrans0.ltrans.o
 .text.DebugPrint
                0x00000000000025bc       0xc8 /tmp/ccaMhYCH.ltrans0.ltrans.o
 .text.PageAttributeToGcdAttribute
                0x0000000000002684       0xbc /tmp/ccaMhYCH.ltrans0.ltrans.o
 .text.FreePool
                0x0000000000002740       0x7c /tmp/ccaMhYCH.ltrans0.ltrans.o
 .text.SetGcdMemorySpaceAttributes.isra.0
                0x00000000000027bc      0x170 /tmp/ccaMhYCH.ltrans0.ltrans.o
 .text.GetNextEntryAttribute
                0x000000000000292c      0x290 /tmp/ccaMhYCH.ltrans0.ltrans.o
 .text.ReadUnaligned16
                0x0000000000002bbc       0x5c /tmp/ccaMhYCH.ltrans0.ltrans.o
 .text.FreePages.constprop.0
                0x0000000000002c18       0x94 /tmp/ccaMhYCH.ltrans0.ltrans.o
 .text.FreePageTablesRecursive
                0x0000000000002cac       0x80 /tmp/ccaMhYCH.ltrans0.ltrans.o
 .text.BasePrintLibSPrint.constprop.0
                0x0000000000002d2c       0x94 /tmp/ccaMhYCH.ltrans0.ltrans.o
 .text.UpdateRegionMappingRecursive
                0x0000000000002dc0      0x404 /tmp/ccaMhYCH.ltrans0.ltrans.o
 .text.ArmSetMemoryAttributes
                0x00000000000031c4       0xfc /tmp/ccaMhYCH.ltrans0.ltrans.o
 .text.CpuSetMemoryAttributes
                0x00000000000032c0      0x1d4 /tmp/ccaMhYCH.ltrans0.ltrans.o
 .text.CompareGuid
                0x0000000000003494       0x44 /tmp/ccaMhYCH.ltrans0.ltrans.o
 .text.EfiGetSystemConfigurationTable
                0x00000000000034d8       0x94 /tmp/ccaMhYCH.ltrans0.ltrans.o
 .text.GetHobList
                0x000000000000356c       0xb0 /tmp/ccaMhYCH.ltrans0.ltrans.o
 .text.ArmMmuBaseLibConstructor
                0x000000000000361c       0xc8 /tmp/ccaMhYCH.ltrans0.ltrans.o
 .text.memcpy   0x00000000000036e4       0x20 /tmp/ccaMhYCH.ltrans0.ltrans.o
                0x00000000000036e4                memcpy
 .text._ModuleEntryPoint
                0x0000000000003704      0x52c /tmp/ccaMhYCH.ltrans0.ltrans.o
                0x0000000000003704                _ModuleEntryPoint
 .text.__stack_chk_fail
                0x0000000000003c30       0x40 /tmp/ccaMhYCH.ltrans0.ltrans.o
                0x0000000000003c30                __stack_chk_fail
 .text.ArmCacheInfo
                0x0000000000003c70        0x8 /home/parallels/Desktop/edk2-exynos7885/workspace/Build/EXYNOS7885Pkg/DEBUG_GCC5/AARCH64/ArmPkg/Library/ArmLib/ArmBaseLib/OUTPUT/ArmBaseLib.lib(ArmLibSupport.obj)
                0x0000000000003c70                ArmCacheInfo
 .text.ArmGetInterruptState
                0x0000000000003c78       0x10 /home/parallels/Desktop/edk2-exynos7885/workspace/Build/EXYNOS7885Pkg/DEBUG_GCC5/AARCH64/ArmPkg/Library/ArmLib/ArmBaseLib/OUTPUT/ArmBaseLib.lib(ArmLibSupport.obj)
                0x0000000000003c78                ArmGetInterruptState
 .text.ArmGetFiqState
                0x0000000000003c88       0x10 /home/parallels/Desktop/edk2-exynos7885/workspace/Build/EXYNOS7885Pkg/DEBUG_GCC5/AARCH64/ArmPkg/Library/ArmLib/ArmBaseLib/OUTPUT/ArmBaseLib.lib(ArmLibSupport.obj)
                0x0000000000003c88                ArmGetFiqState
 .text.ArmGetTTBR0BaseAddress
                0x0000000000003c98       0x30 /home/parallels/Desktop/edk2-exynos7885/workspace/Build/EXYNOS7885Pkg/DEBUG_GCC5/AARCH64/ArmPkg/Library/ArmLib/ArmBaseLib/OUTPUT/ArmBaseLib.lib(ArmLibSupport.obj)
                0x0000000000003c98                ArmGetTTBR0BaseAddress
 .text.ArmGetTCR
                0x0000000000003cc8       0x34 /home/parallels/Desktop/edk2-exynos7885/workspace/Build/EXYNOS7885Pkg/DEBUG_GCC5/AARCH64/ArmPkg/Library/ArmLib/ArmBaseLib/OUTPUT/ArmBaseLib.lib(ArmLibSupport.obj)
                0x0000000000003cc8                ArmGetTCR
 .text.ArmUpdateTranslationTableEntry
                0x0000000000003cfc       0x54 /home/parallels/Desktop/edk2-exynos7885/workspace/Build/EXYNOS7885Pkg/DEBUG_GCC5/AARCH64/ArmPkg/Library/ArmLib/ArmBaseLib/OUTPUT/ArmBaseLib.lib(ArmLibSupport.obj)
                0x0000000000003cfc                ArmUpdateTranslationTableEntry
 .text.ArmEnableAsynchronousAbort
                0x0000000000003d50        0xc /home/parallels/Desktop/edk2-exynos7885/workspace/Build/EXYNOS7885Pkg/DEBUG_GCC5/AARCH64/ArmPkg/Library/ArmLib/ArmBaseLib/OUTPUT/ArmBaseLib.lib(ArmLibSupportV8.obj)
                0x0000000000003d50                ArmEnableAsynchronousAbort
 .text.ArmEnableFiq
                0x0000000000003d5c        0xc /home/parallels/Desktop/edk2-exynos7885/workspace/Build/EXYNOS7885Pkg/DEBUG_GCC5/AARCH64/ArmPkg/Library/ArmLib/ArmBaseLib/OUTPUT/ArmBaseLib.lib(ArmLibSupportV8.obj)
                0x0000000000003d5c                ArmEnableFiq
 .text.ArmDisableFiq
                0x0000000000003d68        0xc /home/parallels/Desktop/edk2-exynos7885/workspace/Build/EXYNOS7885Pkg/DEBUG_GCC5/AARCH64/ArmPkg/Library/ArmLib/ArmBaseLib/OUTPUT/ArmBaseLib.lib(ArmLibSupportV8.obj)
                0x0000000000003d68                ArmDisableFiq
 .text.ArmEnableInterrupts
                0x0000000000003d74        0xc /home/parallels/Desktop/edk2-exynos7885/workspace/Build/EXYNOS7885Pkg/DEBUG_GCC5/AARCH64/ArmPkg/Library/ArmLib/ArmBaseLib/OUTPUT/ArmBaseLib.lib(ArmLibSupportV8.obj)
                0x0000000000003d74                ArmEnableInterrupts
 .text.ArmDisableInterrupts
                0x0000000000003d80        0xc /home/parallels/Desktop/edk2-exynos7885/workspace/Build/EXYNOS7885Pkg/DEBUG_GCC5/AARCH64/ArmPkg/Library/ArmLib/ArmBaseLib/OUTPUT/ArmBaseLib.lib(ArmLibSupportV8.obj)
                0x0000000000003d80                ArmDisableInterrupts
 .text.ArmInvalidateDataCacheEntryByMVA
                0x0000000000003d8c        0x8 /home/parallels/Desktop/edk2-exynos7885/workspace/Build/EXYNOS7885Pkg/DEBUG_GCC5/AARCH64/ArmPkg/Library/ArmLib/ArmBaseLib/OUTPUT/ArmBaseLib.lib(AArch64Support.obj)
                0x0000000000003d8c                ArmInvalidateDataCacheEntryByMVA
 .text.ArmCleanDataCacheEntryByMVA
                0x0000000000003d94        0x8 /home/parallels/Desktop/edk2-exynos7885/workspace/Build/EXYNOS7885Pkg/DEBUG_GCC5/AARCH64/ArmPkg/Library/ArmLib/ArmBaseLib/OUTPUT/ArmBaseLib.lib(AArch64Support.obj)
                0x0000000000003d94                ArmCleanDataCacheEntryByMVA
 .text.ArmCleanInvalidateDataCacheEntryByMVA
                0x0000000000003d9c        0x8 /home/parallels/Desktop/edk2-exynos7885/workspace/Build/EXYNOS7885Pkg/DEBUG_GCC5/AARCH64/ArmPkg/Library/ArmLib/ArmBaseLib/OUTPUT/ArmBaseLib.lib(AArch64Support.obj)
                0x0000000000003d9c                ArmCleanInvalidateDataCacheEntryByMVA
 .text.ArmMmuEnabled
                0x0000000000003da4       0x34 /home/parallels/Desktop/edk2-exynos7885/workspace/Build/EXYNOS7885Pkg/DEBUG_GCC5/AARCH64/ArmPkg/Library/ArmLib/ArmBaseLib/OUTPUT/ArmBaseLib.lib(AArch64Support.obj)
                0x0000000000003da4                ArmMmuEnabled
 .text.ArmDataSynchronizationBarrier
                0x0000000000003dd8        0x8 /home/parallels/Desktop/edk2-exynos7885/workspace/Build/EXYNOS7885Pkg/DEBUG_GCC5/AARCH64/ArmPkg/Library/ArmLib/ArmBaseLib/OUTPUT/ArmBaseLib.lib(AArch64Support.obj)
                0x0000000000003dd8                ArmDataSynchronizationBarrier
 .text.ArmReadCurrentEL
                0x0000000000003de0        0x8 /home/parallels/Desktop/edk2-exynos7885/workspace/Build/EXYNOS7885Pkg/DEBUG_GCC5/AARCH64/ArmPkg/Library/ArmLib/ArmBaseLib/OUTPUT/ArmBaseLib.lib(AArch64Support.obj)
                0x0000000000003de0                ArmReadCurrentEL
 .text.ArmReplaceLiveTranslationEntry
                0x0000000000003de8      0x200 /home/parallels/Desktop/edk2-exynos7885/workspace/Build/EXYNOS7885Pkg/DEBUG_GCC5/AARCH64/ArmPkg/Library/ArmMmuLib/ArmMmuBaseLib/OUTPUT/ArmMmuBaseLib.lib(ArmMmuLibReplaceEntry.obj)
                0x0000000000003de8                ArmReplaceLiveTranslationEntry
                0x0000000000003f30                ArmReplaceLiveTranslationEntrySize
 .text          0x0000000000003fe8        0x8 /home/parallels/Desktop/edk2-exynos7885/workspace/Build/EXYNOS7885Pkg/DEBUG_GCC5/AARCH64/MdePkg/Library/BaseCpuLib/BaseCpuLib/OUTPUT/BaseCpuLib.lib(CpuSleep.obj)
                0x0000000000003fe8                CpuSleep
 .text          0x0000000000003ff0      0x200 /home/parallels/Desktop/edk2-exynos7885/workspace/Build/EXYNOS7885Pkg/DEBUG_GCC5/AARCH64/MdePkg/Library/BaseMemoryLibOptDxe/BaseMemoryLibOptDxe/OUTPUT/BaseMemoryLibOptDxe.lib(SetMem.obj)
                0x0000000000003ff0                InternalMemSetMem16
                0x0000000000003ffc                InternalMemSetMem32
                0x0000000000004008                InternalMemSetMem64
                0x0000000000004014                InternalMemZeroMem
                0x000000000000401c                InternalMemSetMem
 *fill*         0x00000000000041f0       0x10 
 .text          0x0000000000004200       0x20 /home/parallels/Desktop/edk2-exynos7885/workspace/Build/EXYNOS7885Pkg/DEBUG_GCC5/AARCH64/MdePkg/Library/BaseMemoryLibOptDxe/BaseMemoryLibOptDxe/OUTPUT/BaseMemoryLibOptDxe.lib(CompareGuid.obj)
                0x0000000000004200                InternalMemCompareGuid
 *(.rodata .rodata.* .gnu.linkonce.r.*)
 .rodata.BasePrintLibSPrintMarker.constprop.0.str1.1
                0x0000000000004220      0x193 /tmp/ccaMhYCH.ltrans0.ltrans.o
 *fill*         0x00000000000043b3        0x1 
 .rodata.BasePrintLibSPrintMarker.constprop.0
                0x00000000000043b4       0x5e /tmp/ccaMhYCH.ltrans0.ltrans.o
 .rodata.AsciiSPrint.constprop.0.str1.1
                0x0000000000004412       0x18 /tmp/ccaMhYCH.ltrans0.ltrans.o
 .rodata.DebugAssert.str1.1
                0x000000000000442a        0xa /tmp/ccaMhYCH.ltrans0.ltrans.o
 .rodata.AsciiStrLen.str1.1
                0x0000000000004434       0x75 /tmp/ccaMhYCH.ltrans0.ltrans.o
 .rodata.PageAttributeToGcdAttribute.str1.1
                0x00000000000044a9       0x83 /tmp/ccaMhYCH.ltrans0.ltrans.o
                                         0x85 (size before relaxing)
 .rodata.FreePool.str1.1
                0x000000000000452c       0xa2 /tmp/ccaMhYCH.ltrans0.ltrans.o
 .rodata.SetGcdMemorySpaceAttributes.isra.0.str1.1
                0x00000000000045ce       0x98 /tmp/ccaMhYCH.ltrans0.ltrans.o
 .rodata.GetNextEntryAttribute.str1.1
                0x0000000000004666       0x1f /tmp/ccaMhYCH.ltrans0.ltrans.o
 .rodata.ReadUnaligned16.str1.1
                0x0000000000004685       0x44 /tmp/ccaMhYCH.ltrans0.ltrans.o
 .rodata.FreePageTablesRecursive.str1.1
                0x00000000000046c9       0x4e /tmp/ccaMhYCH.ltrans0.ltrans.o
                                         0x59 (size before relaxing)
 .rodata.UpdateRegionMappingRecursive.str1.1
                0x0000000000004717      0x102 /tmp/ccaMhYCH.ltrans0.ltrans.o
                                        0x10c (size before relaxing)
 .rodata.CpuSetMemoryAttributes.str1.1
                0x0000000000004819       0x48 /tmp/ccaMhYCH.ltrans0.ltrans.o
 *fill*         0x0000000000004861        0x3 
 .rodata.CpuSetMemoryAttributes
                0x0000000000004864        0x8 /tmp/ccaMhYCH.ltrans0.ltrans.o
 .rodata.CompareGuid.str1.1
                0x000000000000486c       0x67 /tmp/ccaMhYCH.ltrans0.ltrans.o
 .rodata.GetHobList.str1.1
                0x00000000000048d3       0x58 /tmp/ccaMhYCH.ltrans0.ltrans.o
 .rodata.ArmMmuBaseLibConstructor.str1.1
                0x000000000000492b       0x19 /tmp/ccaMhYCH.ltrans0.ltrans.o
 .rodata._ModuleEntryPoint.str1.1
                0x0000000000004944      0x280 /tmp/ccaMhYCH.ltrans0.ltrans.o
 .rodata.__stack_chk_fail.str1.1
                0x0000000000004bc4       0x2e /tmp/ccaMhYCH.ltrans0.ltrans.o
 .rodata.CSWTCH.21
                0x0000000000004bf2       0x10 /tmp/ccaMhYCH.ltrans0.ltrans.o
 .rodata.__FUNCTION__.0
                0x0000000000004c02       0x12 /tmp/ccaMhYCH.ltrans0.ltrans.o
 .rodata.__FUNCTION__.1
                0x0000000000004c14       0x1d /tmp/ccaMhYCH.ltrans0.ltrans.o
 .rodata.mErrorString
                0x0000000000004c31      0x2b5 /tmp/ccaMhYCH.ltrans0.ltrans.o
 .rodata.mHexStr
                0x0000000000004ee6       0x10 /tmp/ccaMhYCH.ltrans0.ltrans.o
 .rodata.mWarningString
                0x0000000000004ef6       0x96 /tmp/ccaMhYCH.ltrans0.ltrans.o
 *(.got .got.*)
 *fill*         0x0000000000004f8c        0x4 
 .got           0x0000000000004f90        0x8 /home/parallels/Desktop/edk2/ArmPkg/Library/GccLto/liblto-aarch64.a
                0x0000000000004f90                _GLOBAL_OFFSET_TABLE_
 .got.plt       0x0000000000004f98       0x18 /home/parallels/Desktop/edk2/ArmPkg/Library/GccLto/liblto-aarch64.a
 *:AutoGen.obj(.data.g*Guid)

.plt            0x0000000000004fb0        0x0
 .plt           0x0000000000004fb0        0x0 /home/parallels/Desktop/edk2/ArmPkg/Library/GccLto/liblto-aarch64.a

.data           0x0000000000005000      0x430
 *(.data .data.* .gnu.linkonce.d.*)
 .data.rel.ro   0x0000000000005000        0x0 /home/parallels/Desktop/edk2/ArmPkg/Library/GccLto/liblto-aarch64.a
 .data.__stack_chk_guard
                0x0000000000005000        0x8 /tmp/ccaMhYCH.ltrans0.ltrans.o
                0x0000000000005000                __stack_chk_guard
 .data.font5x12
                0x0000000000005008      0x300 /tmp/ccaMhYCH.ltrans0.ltrans.o
 .data.gArmMmuReplaceLiveTranslationEntryFuncGuid
                0x0000000000005308       0x10 /tmp/ccaMhYCH.ltrans0.ltrans.o
 .data.gEfiCpuArchProtocolGuid
                0x0000000000005318       0x10 /tmp/ccaMhYCH.ltrans0.ltrans.o
 .data.gEfiDxeServicesTableGuid
                0x0000000000005328       0x10 /tmp/ccaMhYCH.ltrans0.ltrans.o
 .data.gEfiHobListGuid
                0x0000000000005338       0x10 /tmp/ccaMhYCH.ltrans0.ltrans.o
 .data.gEfiVectorHandoffTableGuid
                0x0000000000005348       0x10 /tmp/ccaMhYCH.ltrans0.ltrans.o
 .data.gIdleLoopEventGuid
                0x0000000000005358       0x10 /tmp/ccaMhYCH.ltrans0.ltrans.o
 .data.mCpu     0x0000000000005368       0x48 /tmp/ccaMhYCH.ltrans0.ltrans.o
 .data.mReplaceLiveEntryFunc
                0x00000000000053b0        0x8 /tmp/ccaMhYCH.ltrans0.ltrans.o
 *(.bss .bss.*)
 .bss.gBS       0x00000000000053b8        0x8 /tmp/ccaMhYCH.ltrans0.ltrans.o
 .bss.gDS       0x00000000000053c0        0x8 /tmp/ccaMhYCH.ltrans0.ltrans.o
 .bss.gImageHandle
                0x00000000000053c8        0x8 /tmp/ccaMhYCH.ltrans0.ltrans.o
 .bss.gRT       0x00000000000053d0        0x8 /tmp/ccaMhYCH.ltrans0.ltrans.o
 .bss.gST       0x00000000000053d8        0x8 /tmp/ccaMhYCH.ltrans0.ltrans.o
 .bss.mCpuHandle
                0x00000000000053e0        0x8 /tmp/ccaMhYCH.ltrans0.ltrans.o
 .bss.mHobList  0x00000000000053e8        0x8 /tmp/ccaMhYCH.ltrans0.ltrans.o
 .bss.mIsFlushingGCD
                0x00000000000053f0        0x1 /tmp/ccaMhYCH.ltrans0.ltrans.o
 *fill*         0x00000000000053f1        0x7 
 .bss.m_Color   0x00000000000053f8       0x10 /tmp/ccaMhYCH.ltrans0.ltrans.o
 .bss.m_Initialized
                0x0000000000005408        0x1 /tmp/ccaMhYCH.ltrans0.ltrans.o
 *fill*         0x0000000000005409        0x7 
 .bss.m_MaxPosition
                0x0000000000005410       0x10 /tmp/ccaMhYCH.ltrans0.ltrans.o
 .bss.m_Position
                0x0000000000005420       0x10 /tmp/ccaMhYCH.ltrans0.ltrans.o

.dynbss         0x0000000000005430        0x0
 .dynbss        0x0000000000005430        0x0 /home/parallels/Desktop/edk2/ArmPkg/Library/GccLto/liblto-aarch64.a

.eh_frame
 *(.eh_frame)

.rela           0x0000000000005430       0xd8
 *(.rela .rela.*)
 .rela.got      0x0000000000005430        0x0 /home/parallels/Desktop/edk2/ArmPkg/Library/GccLto/liblto-aarch64.a
 .rela.plt      0x0000000000005430        0x0 /home/parallels/Desktop/edk2/ArmPkg/Library/GccLto/liblto-aarch64.a
 .rela.bss      0x0000000000005430        0x0 /home/parallels/Desktop/edk2/ArmPkg/Library/GccLto/liblto-aarch64.a
 .rela.data.rel.ro
                0x0000000000005430        0x0 /home/parallels/Desktop/edk2/ArmPkg/Library/GccLto/liblto-aarch64.a
 .rela.ifunc    0x0000000000005430        0x0 /home/parallels/Desktop/edk2/ArmPkg/Library/GccLto/liblto-aarch64.a
 .rela.data.mCpu
                0x0000000000005430       0xc0 /home/parallels/Desktop/edk2/ArmPkg/Library/GccLto/liblto-aarch64.a
 .rela.data.mReplaceLiveEntryFunc
                0x00000000000054f0       0x18 /home/parallels/Desktop/edk2/ArmPkg/Library/GccLto/liblto-aarch64.a

.hii
 *(.hii)

.build-id       0x0000000000005508       0x24
 *(.note.gnu.build-id)
 .note.gnu.build-id
                0x0000000000005508       0x24 /home/parallels/Desktop/edk2/ArmPkg/Library/GccLto/liblto-aarch64.a

/DISCARD/
 *(.note.GNU-stack)
 *(.gnu_debuglink)
 *(.interp)
 *(.dynsym)
 *(.dynstr)
 *(.dynamic)
 *(.hash .gnu.hash)
 *(.comment)
                0x0000000000000228                PECOFF_HEADER_SIZE = 0x228
OUTPUT(/home/parallels/Desktop/edk2-exynos7885/workspace/Build/EXYNOS7885Pkg/DEBUG_GCC5/AARCH64/ArmPkg/Drivers/CpuDxe/CpuDxe/DEBUG/ArmCpuDxe.dll elf64-littleaarch64)
LOAD linker stubs

.debug_info     0x0000000000000000    0x21324
 .debug_info    0x0000000000000000     0x3a9e /tmp/ccaMhYCH.ltrans0.ltrans.o
 .debug_info    0x0000000000003a9e       0xf2 /tmp/ccj7j0dA.debug.temp.o
                0x0000000000003a9e                memcpy.c.ca7d7127
 .debug_info    0x0000000000003b90       0xaf /tmp/cctvlxvQ.debug.temp.o
                0x0000000000003b90                memset.c.8fcd00d9
 .debug_info    0x0000000000003c3f     0x1944 /tmp/ccYnWLXo.debug.temp.o
                0x0000000000003c3f                DriverEntryPoint.c.a6382bfa
 .debug_info    0x0000000000005583      0x12a /tmp/ccFM0Vei.debug.temp.o
                0x0000000000005583                BaseStackCheckGcc.c.69721062
 .debug_info    0x00000000000056ad     0x1e3f /tmp/ccVMYoT6.debug.temp.o
                0x00000000000056ad                AutoGen.c.df21c061
 .debug_info    0x00000000000074ec     0x3538 /tmp/cciGfwpz.debug.temp.o
                0x00000000000074ec                CpuDxe.c.931be496
 .debug_info    0x000000000000aa24     0x238d /tmp/ccKZ44U9.debug.temp.o
                0x000000000000aa24                CpuMmuCommon.c.439ac86a
 .debug_info    0x000000000000cdb1     0x1beb /tmp/cc6J7Fxw.debug.temp.o
                0x000000000000cdb1                Exception.c.388ba195
 .debug_info    0x000000000000e99c     0x254b /tmp/ccN9cZMV.debug.temp.o
                0x000000000000e99c                Mmu.c.8704b211
 .debug_info    0x0000000000010ee7      0x151 /tmp/cclokcmL.debug.temp.o
                0x0000000000010ee7                ArmLib.c.e988afac
 .debug_info    0x0000000000011038      0x25b /tmp/ccezVg3D.debug.temp.o
                0x0000000000011038                ArmCacheMaintenanceLib.c.e0d69149
 .debug_info    0x0000000000011293      0x3d4 /tmp/ccTSMh5G.debug.temp.o
                0x0000000000011293                DebugLib.c.140d8a42
 .debug_info    0x0000000000011667     0x1762 /tmp/ccuWINCU.debug.temp.o
                0x0000000000011667                UefiBootServicesTableLib.c.c8c50134
 .debug_info    0x0000000000012dc9     0x1359 /tmp/ccviqdVC.debug.temp.o
                0x0000000000012dc9                MemoryAllocationLib.c.f1d55880
 .debug_info    0x0000000000014122     0x1739 /tmp/ccSOCOSu.debug.temp.o
                0x0000000000014122                UefiRuntimeServicesTableLib.c.21840ab8
 .debug_info    0x000000000001585b     0x25cc /tmp/ccdNm5zt.debug.temp.o
                0x000000000001585b                UefiLib.c.a38e5737
 .debug_info    0x0000000000017e27     0x20ef /tmp/cc9BQOPM.debug.temp.o
                0x0000000000017e27                HobLib.c.aa4e26ff
 .debug_info    0x0000000000019f16      0x8f0 /tmp/ccX12f4m.debug.temp.o
                0x0000000000019f16                ArmMmuLibCore.c.ca4d5bd2
 .debug_info    0x000000000001a806     0x1905 /tmp/ccwbUNVP.debug.temp.o
                0x000000000001a806                CpuExceptionHandlerLibNull.c.5dd77a88
 .debug_info    0x000000000001c10b     0x1cf6 /tmp/cczBuduF.debug.temp.o
                0x000000000001c10b                DxeServicesTableLib.c.e171f30c
 .debug_info    0x000000000001de01      0x7a9 /tmp/ccsdB873.debug.temp.o
                0x000000000001de01                String.c.d9166835
 .debug_info    0x000000000001e5aa      0x288 /tmp/cc1VAt2w.debug.temp.o
                0x000000000001e5aa                Unaligned.c.bee98f61
 .debug_info    0x000000000001e832      0x2d6 /tmp/ccQ9HK9Q.debug.temp.o
                0x000000000001e832                Math64.c.3d5bb2b9
 .debug_info    0x000000000001eb08     0x10b0 /tmp/ccSZEohX.debug.temp.o
                0x000000000001eb08                SafeString.c.1357afb5
 .debug_info    0x000000000001fbb8      0x22d /tmp/ccPZq9fM.debug.temp.o
                0x000000000001fbb8                MemLibGuid.c.2a8f9d16
 .debug_info    0x000000000001fde5      0x104 /tmp/ccupImIC.debug.temp.o
                0x000000000001fde5                ZeroMemWrapper.c.f8654615
 .debug_info    0x000000000001fee9      0x5bf /tmp/ccB4dOmD.debug.temp.o
                0x000000000001fee9                FrameBufferSerialPortLib.c.02945832
 .debug_info    0x00000000000204a8      0x5bf /tmp/ccWmKOEF.debug.temp.o
                0x00000000000204a8                PrintLib.c.03e7575f
 .debug_info    0x0000000000020a67      0x79c /tmp/ccnoFFGK.debug.temp.o
                0x0000000000020a67                PrintLibInternal.c.4386dd4c
 .debug_info    0x0000000000021203      0x121 /tmp/ccIteuTP.debug.temp.o
                0x0000000000021203                DivU64x32Remainder.c.51b74649

.debug_abbrev   0x0000000000000000     0x376f
 .debug_abbrev  0x0000000000000000      0x28d /tmp/ccaMhYCH.ltrans0.ltrans.o
 .debug_abbrev  0x000000000000028d       0xaa /tmp/ccj7j0dA.debug.temp.o
 .debug_abbrev  0x0000000000000337       0x77 /tmp/cctvlxvQ.debug.temp.o
 .debug_abbrev  0x00000000000003ae      0x254 /tmp/ccYnWLXo.debug.temp.o
 .debug_abbrev  0x0000000000000602       0xf3 /tmp/ccFM0Vei.debug.temp.o
 .debug_abbrev  0x00000000000006f5      0x2ce /tmp/ccVMYoT6.debug.temp.o
 .debug_abbrev  0x00000000000009c3      0x328 /tmp/cciGfwpz.debug.temp.o
 .debug_abbrev  0x0000000000000ceb      0x287 /tmp/ccKZ44U9.debug.temp.o
 .debug_abbrev  0x0000000000000f72      0x262 /tmp/cc6J7Fxw.debug.temp.o
 .debug_abbrev  0x00000000000011d4      0x2f6 /tmp/ccN9cZMV.debug.temp.o
 .debug_abbrev  0x00000000000014ca       0xef /tmp/cclokcmL.debug.temp.o
 .debug_abbrev  0x00000000000015b9       0xf8 /tmp/ccezVg3D.debug.temp.o
 .debug_abbrev  0x00000000000016b1      0x19c /tmp/ccTSMh5G.debug.temp.o
 .debug_abbrev  0x000000000000184d      0x201 /tmp/ccuWINCU.debug.temp.o
 .debug_abbrev  0x0000000000001a4e      0x26b /tmp/ccviqdVC.debug.temp.o
 .debug_abbrev  0x0000000000001cb9      0x1d1 /tmp/ccSOCOSu.debug.temp.o
 .debug_abbrev  0x0000000000001e8a      0x2f1 /tmp/ccdNm5zt.debug.temp.o
 .debug_abbrev  0x000000000000217b      0x2cd /tmp/cc9BQOPM.debug.temp.o
 .debug_abbrev  0x0000000000002448      0x265 /tmp/ccX12f4m.debug.temp.o
 .debug_abbrev  0x00000000000026ad      0x1c2 /tmp/ccwbUNVP.debug.temp.o
 .debug_abbrev  0x000000000000286f      0x24f /tmp/cczBuduF.debug.temp.o
 .debug_abbrev  0x0000000000002abe      0x157 /tmp/ccsdB873.debug.temp.o
 .debug_abbrev  0x0000000000002c15       0xcf /tmp/cc1VAt2w.debug.temp.o
 .debug_abbrev  0x0000000000002ce4       0xd0 /tmp/ccQ9HK9Q.debug.temp.o
 .debug_abbrev  0x0000000000002db4      0x1c7 /tmp/ccSZEohX.debug.temp.o
 .debug_abbrev  0x0000000000002f7b      0x105 /tmp/ccPZq9fM.debug.temp.o
 .debug_abbrev  0x0000000000003080       0xb8 /tmp/ccupImIC.debug.temp.o
 .debug_abbrev  0x0000000000003138      0x245 /tmp/ccB4dOmD.debug.temp.o
 .debug_abbrev  0x000000000000337d      0x172 /tmp/ccWmKOEF.debug.temp.o
 .debug_abbrev  0x00000000000034ef      0x1ce /tmp/ccnoFFGK.debug.temp.o
 .debug_abbrev  0x00000000000036bd       0xb2 /tmp/ccIteuTP.debug.temp.o

.debug_loclists
                0x0000000000000000     0x3f89
 .debug_loclists
                0x0000000000000000     0x3f89 /tmp/ccaMhYCH.ltrans0.ltrans.o

.debug_aranges  0x0000000000000000      0x350
 .debug_aranges
                0x0000000000000000      0x350 /tmp/ccaMhYCH.ltrans0.ltrans.o

.debug_rnglists
                0x0000000000000000      0x4c5
 .debug_rnglists
                0x0000000000000000      0x4c5 /tmp/ccaMhYCH.ltrans0.ltrans.o

.debug_line     0x0000000000000000     0x2e7d
 .debug_line    0x0000000000000000     0x20fa /tmp/ccaMhYCH.ltrans0.ltrans.o
 .debug_line    0x00000000000020fa       0x3a /tmp/ccj7j0dA.debug.temp.o
 .debug_line    0x0000000000002134       0x3a /tmp/cctvlxvQ.debug.temp.o
 .debug_line    0x000000000000216e       0x93 /tmp/ccYnWLXo.debug.temp.o
 .debug_line    0x0000000000002201       0x5a /tmp/ccFM0Vei.debug.temp.o
 .debug_line    0x000000000000225b       0x93 /tmp/ccVMYoT6.debug.temp.o
 .debug_line    0x00000000000022ee       0xab /tmp/cciGfwpz.debug.temp.o
 .debug_line    0x0000000000002399       0x8d /tmp/ccKZ44U9.debug.temp.o
 .debug_line    0x0000000000002426       0x95 /tmp/cc6J7Fxw.debug.temp.o
 .debug_line    0x00000000000024bb       0x9f /tmp/ccN9cZMV.debug.temp.o
 .debug_line    0x000000000000255a       0x4c /tmp/cclokcmL.debug.temp.o
 .debug_line    0x00000000000025a6       0x55 /tmp/ccezVg3D.debug.temp.o
 .debug_line    0x00000000000025fb       0x77 /tmp/ccTSMh5G.debug.temp.o
 .debug_line    0x0000000000002672       0x80 /tmp/ccuWINCU.debug.temp.o
 .debug_line    0x00000000000026f2       0x7b /tmp/ccviqdVC.debug.temp.o
 .debug_line    0x000000000000276d       0x7b /tmp/ccSOCOSu.debug.temp.o
 .debug_line    0x00000000000027e8       0xb1 /tmp/ccdNm5zt.debug.temp.o
 .debug_line    0x0000000000002899       0x9c /tmp/cc9BQOPM.debug.temp.o
 .debug_line    0x0000000000002935       0x97 /tmp/ccX12f4m.debug.temp.o
 .debug_line    0x00000000000029cc       0x6c /tmp/ccwbUNVP.debug.temp.o
 .debug_line    0x0000000000002a38       0x97 /tmp/cczBuduF.debug.temp.o
 .debug_line    0x0000000000002acf       0x63 /tmp/ccsdB873.debug.temp.o
 .debug_line    0x0000000000002b32       0x51 /tmp/cc1VAt2w.debug.temp.o
 .debug_line    0x0000000000002b83       0x4c /tmp/ccQ9HK9Q.debug.temp.o
 .debug_line    0x0000000000002bcf       0x6d /tmp/ccSZEohX.debug.temp.o
 .debug_line    0x0000000000002c3c       0x5e /tmp/ccPZq9fM.debug.temp.o
 .debug_line    0x0000000000002c9a       0x51 /tmp/ccupImIC.debug.temp.o
 .debug_line    0x0000000000002ceb       0x75 /tmp/ccB4dOmD.debug.temp.o
 .debug_line    0x0000000000002d60       0x5f /tmp/ccWmKOEF.debug.temp.o
 .debug_line    0x0000000000002dbf       0x6d /tmp/ccnoFFGK.debug.temp.o
 .debug_line    0x0000000000002e2c       0x51 /tmp/ccIteuTP.debug.temp.o

.debug_str      0x0000000000000000     0x5856
 .debug_str     0x0000000000000000      0x1bb /tmp/ccaMhYCH.ltrans0.ltrans.o
                                        0x1d4 (size before relaxing)
 .debug_str     0x00000000000001bb      0x1d0 /tmp/ccj7j0dA.debug.temp.o
                                        0x207 (size before relaxing)
 .debug_str     0x000000000000038b        0x9 /tmp/cctvlxvQ.debug.temp.o
                                        0x1fb (size before relaxing)
 .debug_str     0x0000000000000394     0x12e1 /tmp/ccYnWLXo.debug.temp.o
                                       0x14a0 (size before relaxing)
 .debug_str     0x0000000000001675       0x54 /tmp/ccFM0Vei.debug.temp.o
                                        0x2b7 (size before relaxing)
 .debug_str     0x00000000000016c9      0xa04 /tmp/ccVMYoT6.debug.temp.o
                                       0x1e01 (size before relaxing)
 .debug_str     0x00000000000020cd      0x7fe /tmp/cciGfwpz.debug.temp.o
                                       0x1c49 (size before relaxing)
 .debug_str     0x00000000000028cb      0x632 /tmp/ccKZ44U9.debug.temp.o
                                       0x1059 (size before relaxing)
 .debug_str     0x0000000000002efd      0x11c /tmp/cc6J7Fxw.debug.temp.o
                                        0xa83 (size before relaxing)
 .debug_str     0x0000000000003019      0x1a1 /tmp/ccN9cZMV.debug.temp.o
                                       0x1223 (size before relaxing)
 .debug_str     0x00000000000031ba       0xc4 /tmp/cclokcmL.debug.temp.o
                                        0x2e1 (size before relaxing)
 .debug_str     0x000000000000327e      0x1c4 /tmp/ccezVg3D.debug.temp.o
                                        0x4a5 (size before relaxing)
 .debug_str     0x0000000000003442      0x153 /tmp/ccTSMh5G.debug.temp.o
                                        0x4d9 (size before relaxing)
 .debug_str     0x0000000000003595     0x1307 /tmp/ccuWINCU.debug.temp.o
 .debug_str     0x0000000000003595      0x221 /tmp/ccviqdVC.debug.temp.o
                                        0xf3d (size before relaxing)
 .debug_str     0x00000000000037b6     0x12fd /tmp/ccSOCOSu.debug.temp.o
 .debug_str     0x00000000000037b6      0x67f /tmp/ccdNm5zt.debug.temp.o
                                       0x1bec (size before relaxing)
 .debug_str     0x0000000000003e35      0x529 /tmp/cc9BQOPM.debug.temp.o
                                       0x1905 (size before relaxing)
 .debug_str     0x000000000000435e      0x5fe /tmp/ccX12f4m.debug.temp.o
                                        0xaaa (size before relaxing)
 .debug_str     0x000000000000495c       0x4d /tmp/ccwbUNVP.debug.temp.o
                                        0x7bc (size before relaxing)
 .debug_str     0x00000000000049a9     0x18ef /tmp/cczBuduF.debug.temp.o
 .debug_str     0x00000000000049a9      0x2f7 /tmp/ccsdB873.debug.temp.o
                                        0x6ca (size before relaxing)
 .debug_str     0x0000000000004ca0       0xa0 /tmp/cc1VAt2w.debug.temp.o
                                        0x30a (size before relaxing)
 .debug_str     0x0000000000004d40      0x16f /tmp/ccQ9HK9Q.debug.temp.o
                                        0x3a0 (size before relaxing)
 .debug_str     0x0000000000004eaf      0x267 /tmp/ccSZEohX.debug.temp.o
                                        0x816 (size before relaxing)
 .debug_str     0x0000000000005116       0x6d /tmp/ccPZq9fM.debug.temp.o
                                        0x2eb (size before relaxing)
 .debug_str     0x0000000000005183       0x13 /tmp/ccupImIC.debug.temp.o
                                        0x24e (size before relaxing)
 .debug_str     0x0000000000005196      0x387 /tmp/ccB4dOmD.debug.temp.o
                                        0x6a1 (size before relaxing)
 .debug_str     0x000000000000551d      0x187 /tmp/ccWmKOEF.debug.temp.o
                                        0x462 (size before relaxing)
 .debug_str     0x00000000000056a4      0x1b2 /tmp/ccnoFFGK.debug.temp.o
                                        0x664 (size before relaxing)
 .debug_str     0x0000000000005856      0x273 /tmp/ccIteuTP.debug.temp.o

.debug_line_str
                0x0000000000000000     0x23ab
 .debug_line_str
                0x0000000000000000      0x678 /tmp/ccaMhYCH.ltrans0.ltrans.o
                                        0x8d1 (size before relaxing)
 .debug_line_str
                0x0000000000000678       0xdf /tmp/ccj7j0dA.debug.temp.o
                                        0x12a (size before relaxing)
 .debug_line_str
                0x0000000000000757       0x4b /tmp/cctvlxvQ.debug.temp.o
                                        0x12a (size before relaxing)
 .debug_line_str
                0x00000000000007a2      0x33b /tmp/ccYnWLXo.debug.temp.o
                                        0x38f (size before relaxing)
 .debug_line_str
                0x0000000000000add      0x17a /tmp/ccFM0Vei.debug.temp.o
                                        0x259 (size before relaxing)
 .debug_line_str
                0x0000000000000c57       0xc0 /tmp/ccVMYoT6.debug.temp.o
                                        0x36b (size before relaxing)
 .debug_line_str
                0x0000000000000d17       0xb6 /tmp/cciGfwpz.debug.temp.o
                                        0x37c (size before relaxing)
 .debug_line_str
                0x0000000000000dcd       0x9e /tmp/ccKZ44U9.debug.temp.o
                                        0x2e4 (size before relaxing)
 .debug_line_str
                0x0000000000000e6b       0xe0 /tmp/cc6J7Fxw.debug.temp.o
                                        0x398 (size before relaxing)
 .debug_line_str
                0x0000000000000f4b       0x95 /tmp/ccN9cZMV.debug.temp.o
                                        0x366 (size before relaxing)
 .debug_line_str
                0x0000000000000fe0       0xb6 /tmp/cclokcmL.debug.temp.o
                                        0x173 (size before relaxing)
 .debug_line_str
                0x0000000000001096       0xf2 /tmp/ccezVg3D.debug.temp.o
                                        0x20e (size before relaxing)
 .debug_line_str
                0x0000000000001188      0x1b5 /tmp/ccTSMh5G.debug.temp.o
                                        0x2dd (size before relaxing)
 .debug_line_str
                0x000000000000133d       0xfa /tmp/ccuWINCU.debug.temp.o
                                        0x2e8 (size before relaxing)
 .debug_line_str
                0x0000000000001437       0xf2 /tmp/ccviqdVC.debug.temp.o
                                        0x2cb (size before relaxing)
 .debug_line_str
                0x0000000000001529      0x106 /tmp/ccSOCOSu.debug.temp.o
                                        0x2df (size before relaxing)
 .debug_line_str
                0x000000000000162f      0x175 /tmp/ccdNm5zt.debug.temp.o
                                        0x390 (size before relaxing)
 .debug_line_str
                0x00000000000017a4      0x152 /tmp/cc9BQOPM.debug.temp.o
                                        0x357 (size before relaxing)
 .debug_line_str
                0x00000000000018f6      0x15d /tmp/ccX12f4m.debug.temp.o
                                        0x378 (size before relaxing)
 .debug_line_str
                0x0000000000001a53      0x10e /tmp/ccwbUNVP.debug.temp.o
                                        0x2bd (size before relaxing)
 .debug_line_str
                0x0000000000001b61      0x17c /tmp/cczBuduF.debug.temp.o
                                        0x3a9 (size before relaxing)
 .debug_line_str
                0x0000000000001cdd      0x133 /tmp/ccsdB873.debug.temp.o
                                        0x23a (size before relaxing)
 .debug_line_str
                0x0000000000001e10       0x44 /tmp/cc1VAt2w.debug.temp.o
                                        0x18d (size before relaxing)
 .debug_line_str
                0x0000000000001e54       0x3d /tmp/ccQ9HK9Q.debug.temp.o
                                        0x174 (size before relaxing)
 .debug_line_str
                0x0000000000001e91       0x54 /tmp/ccSZEohX.debug.temp.o
                                        0x265 (size before relaxing)
 .debug_line_str
                0x0000000000001ee5       0xf3 /tmp/ccPZq9fM.debug.temp.o
                                        0x23a (size before relaxing)
 .debug_line_str
                0x0000000000001fd8       0x51 /tmp/ccupImIC.debug.temp.o
                                        0x1c7 (size before relaxing)
 .debug_line_str
                0x0000000000002029      0x18c /tmp/ccB4dOmD.debug.temp.o
                                        0x331 (size before relaxing)
 .debug_line_str
                0x00000000000021b5       0xd9 /tmp/ccWmKOEF.debug.temp.o
                                        0x1de (size before relaxing)
 .debug_line_str
                0x000000000000228e       0xd4 /tmp/ccnoFFGK.debug.temp.o
                                        0x28a (size before relaxing)
 .debug_line_str
                0x0000000000002362       0x49 /tmp/ccIteuTP.debug.temp.o
                                        0x1a0 (size before relaxing)

.debug_frame    0x0000000000000000      0x900
 .debug_frame   0x0000000000000000      0x900 /tmp/ccaMhYCH.ltrans0.ltrans.o
